Archive member included to satisfy reference by file (symbol)

/home/xephyr/Documents/edk2/Build/NetworkPkg/DEBUG_GCC5/X64/NetworkPkg/Ip6Dxe/Ip6Dxe/OUTPUT/Ip6Dxe.lib(Ip6Impl.obj)
                              (--whole-archive)
/home/xephyr/Documents/edk2/Build/NetworkPkg/DEBUG_GCC5/X64/NetworkPkg/Ip6Dxe/Ip6Dxe/OUTPUT/Ip6Dxe.lib(Ip6Driver.obj)
                              (--whole-archive)
/home/xephyr/Documents/edk2/Build/NetworkPkg/DEBUG_GCC5/X64/NetworkPkg/Ip6Dxe/Ip6Dxe/OUTPUT/Ip6Dxe.lib(ComponentName.obj)
                              (--whole-archive)
/home/xephyr/Documents/edk2/Build/NetworkPkg/DEBUG_GCC5/X64/NetworkPkg/Ip6Dxe/Ip6Dxe/OUTPUT/Ip6Dxe.lib(Ip6Nd.obj)
                              (--whole-archive)
/home/xephyr/Documents/edk2/Build/NetworkPkg/DEBUG_GCC5/X64/NetworkPkg/Ip6Dxe/Ip6Dxe/OUTPUT/Ip6Dxe.lib(Ip6Input.obj)
                              (--whole-archive)
/home/xephyr/Documents/edk2/Build/NetworkPkg/DEBUG_GCC5/X64/NetworkPkg/Ip6Dxe/Ip6Dxe/OUTPUT/Ip6Dxe.lib(Ip6ConfigImpl.obj)
                              (--whole-archive)
/home/xephyr/Documents/edk2/Build/NetworkPkg/DEBUG_GCC5/X64/NetworkPkg/Ip6Dxe/Ip6Dxe/OUTPUT/Ip6Dxe.lib(Ip6Option.obj)
                              (--whole-archive)
/home/xephyr/Documents/edk2/Build/NetworkPkg/DEBUG_GCC5/X64/NetworkPkg/Ip6Dxe/Ip6Dxe/OUTPUT/Ip6Dxe.lib(Ip6Mld.obj)
                              (--whole-archive)
/home/xephyr/Documents/edk2/Build/NetworkPkg/DEBUG_GCC5/X64/NetworkPkg/Ip6Dxe/Ip6Dxe/OUTPUT/Ip6Dxe.lib(Ip6Common.obj)
                              (--whole-archive)
/home/xephyr/Documents/edk2/Build/NetworkPkg/DEBUG_GCC5/X64/NetworkPkg/Ip6Dxe/Ip6Dxe/OUTPUT/Ip6Dxe.lib(Ip6Route.obj)
                              (--whole-archive)
/home/xephyr/Documents/edk2/Build/NetworkPkg/DEBUG_GCC5/X64/NetworkPkg/Ip6Dxe/Ip6Dxe/OUTPUT/Ip6Dxe.lib(Ip6If.obj)
                              (--whole-archive)
/home/xephyr/Documents/edk2/Build/NetworkPkg/DEBUG_GCC5/X64/NetworkPkg/Ip6Dxe/Ip6Dxe/OUTPUT/Ip6Dxe.lib(Ip6Output.obj)
                              (--whole-archive)
/home/xephyr/Documents/edk2/Build/NetworkPkg/DEBUG_GCC5/X64/NetworkPkg/Ip6Dxe/Ip6Dxe/OUTPUT/Ip6Dxe.lib(Ip6Icmp.obj)
                              (--whole-archive)
/home/xephyr/Documents/edk2/Build/NetworkPkg/DEBUG_GCC5/X64/NetworkPkg/Ip6Dxe/Ip6Dxe/OUTPUT/Ip6Dxe.lib(Ip6ConfigNv.obj)
                              (--whole-archive)
/home/xephyr/Documents/edk2/Build/NetworkPkg/DEBUG_GCC5/X64/NetworkPkg/Ip6Dxe/Ip6Dxe/OUTPUT/Ip6Dxe.lib(Ip6Config.obj)
                              (--whole-archive)
/home/xephyr/Documents/edk2/Build/NetworkPkg/DEBUG_GCC5/X64/NetworkPkg/Ip6Dxe/Ip6Dxe/OUTPUT/Ip6Dxe.lib(AutoGen.obj)
                              (--whole-archive)
/home/xephyr/Documents/edk2/Build/NetworkPkg/DEBUG_GCC5/X64/MdePkg/Library/RegisterFilterLibNull/RegisterFilterLibNull/OUTPUT/FilterLibNull.lib(RegisterFilterLibNull.obj)
                              (--whole-archive)
/home/xephyr/Documents/edk2/Build/NetworkPkg/DEBUG_GCC5/X64/MdePkg/Library/BasePcdLibNull/BasePcdLibNull/OUTPUT/BasePcdLibNull.lib(PcdLib.obj)
                              (--whole-archive)
/home/xephyr/Documents/edk2/Build/NetworkPkg/DEBUG_GCC5/X64/MdePkg/Library/BaseMemoryLib/BaseMemoryLib/OUTPUT/BaseMemoryLib.lib(SetMem.obj)
                              (--whole-archive)
/home/xephyr/Documents/edk2/Build/NetworkPkg/DEBUG_GCC5/X64/MdePkg/Library/BaseMemoryLib/BaseMemoryLib/OUTPUT/BaseMemoryLib.lib(ScanMem64Wrapper.obj)
                              (--whole-archive)
/home/xephyr/Documents/edk2/Build/NetworkPkg/DEBUG_GCC5/X64/MdePkg/Library/BaseMemoryLib/BaseMemoryLib/OUTPUT/BaseMemoryLib.lib(ScanMem32Wrapper.obj)
                              (--whole-archive)
/home/xephyr/Documents/edk2/Build/NetworkPkg/DEBUG_GCC5/X64/MdePkg/Library/BaseMemoryLib/BaseMemoryLib/OUTPUT/BaseMemoryLib.lib(ScanMem16Wrapper.obj)
                              (--whole-archive)
/home/xephyr/Documents/edk2/Build/NetworkPkg/DEBUG_GCC5/X64/MdePkg/Library/BaseMemoryLib/BaseMemoryLib/OUTPUT/BaseMemoryLib.lib(ScanMem8Wrapper.obj)
                              (--whole-archive)
/home/xephyr/Documents/edk2/Build/NetworkPkg/DEBUG_GCC5/X64/MdePkg/Library/BaseMemoryLib/BaseMemoryLib/OUTPUT/BaseMemoryLib.lib(ZeroMemWrapper.obj)
                              (--whole-archive)
/home/xephyr/Documents/edk2/Build/NetworkPkg/DEBUG_GCC5/X64/MdePkg/Library/BaseMemoryLib/BaseMemoryLib/OUTPUT/BaseMemoryLib.lib(CompareMemWrapper.obj)
                              (--whole-archive)
/home/xephyr/Documents/edk2/Build/NetworkPkg/DEBUG_GCC5/X64/MdePkg/Library/BaseMemoryLib/BaseMemoryLib/OUTPUT/BaseMemoryLib.lib(SetMem64Wrapper.obj)
                              (--whole-archive)
/home/xephyr/Documents/edk2/Build/NetworkPkg/DEBUG_GCC5/X64/MdePkg/Library/BaseMemoryLib/BaseMemoryLib/OUTPUT/BaseMemoryLib.lib(SetMem32Wrapper.obj)
                              (--whole-archive)
[...]
Memory Configuration

Name             Origin             Length             Attributes
*default*        0x0000000000000000 0xffffffffffffffff

Linker script and memory map

START GROUP
LOAD /tmp/Ip6Dxe.dll.4R7fL6.ltrans0.ltrans.o
LOAD /tmp/Ip6Dxe.dll.4R7fL6.ltrans1.ltrans.o
LOAD /tmp/Ip6Dxe.dll.4R7fL6.ltrans2.ltrans.o
LOAD /tmp/ccIZZP1n.debug.temp.o
LOAD /tmp/ccY45e5x.debug.temp.o
LOAD /tmp/cchgk7eH.debug.temp.o
LOAD /tmp/ccoHJDSu.debug.temp.o
LOAD /tmp/ccHy8uNZ.debug.temp.o
LOAD /tmp/cc2c50ok.debug.temp.o
LOAD /tmp/ccrIq9Wq.debug.temp.o
LOAD /tmp/ccJogkR8.debug.temp.o
LOAD /tmp/cca6tAix.debug.temp.o
LOAD /tmp/ccB8VKxt.debug.temp.o
LOAD /tmp/cccGaPYM.debug.temp.o
LOAD /tmp/ccNoobGR.debug.temp.o
LOAD /tmp/ccyGNWT5.debug.temp.o
LOAD /tmp/ccibIxiv.debug.temp.o
LOAD /tmp/ccGcCCpd.debug.temp.o
LOAD /tmp/ccpGXWiW.debug.temp.o
LOAD /tmp/cc9DTCuS.debug.temp.o
LOAD /tmp/ccBIFXFw.debug.temp.o
LOAD /tmp/ccNExDHH.debug.temp.o
LOAD /tmp/ccchOuSm.debug.temp.o
LOAD /tmp/ccQmXr0z.debug.temp.o
LOAD /tmp/ccaLfuFc.debug.temp.o
LOAD /tmp/ccxz4Xfs.debug.temp.o
LOAD /tmp/ccoEZT4b.debug.temp.o
LOAD /tmp/ccWl1Fxv.debug.temp.o
LOAD /tmp/ccW7d1yd.debug.temp.o
LOAD /tmp/ccj1VHoA.debug.temp.o
LOAD /tmp/cc88IIPm.debug.temp.o
LOAD /tmp/cczSZtRY.debug.temp.o
LOAD /tmp/ccWQLdZA.debug.temp.o
LOAD /tmp/ccrcitvT.debug.temp.o
LOAD /tmp/ccbSTMlJ.debug.temp.o
LOAD /tmp/cct8pS6H.debug.temp.o
LOAD /tmp/ccHqkzOs.debug.temp.o
LOAD /tmp/ccg0U8tx.debug.temp.o
LOAD /tmp/ccOgpiAc.debug.temp.o
LOAD /tmp/ccJvSTvc.debug.temp.o
LOAD /tmp/cc5ueer3.debug.temp.o
LOAD /tmp/ccg9vATq.debug.temp.o
LOAD /tmp/ccFluLdl.debug.temp.o
LOAD /tmp/ccsOAuZK.debug.temp.o
LOAD /tmp/ccnHMOea.debug.temp.o
LOAD /tmp/cczDGLQT.debug.temp.o
LOAD /tmp/ccuyYQIC.debug.temp.o
LOAD /tmp/ccTIqUlQ.debug.temp.o
LOAD /tmp/ccNeUqXO.debug.temp.o
LOAD /tmp/ccKyFAK5.debug.temp.o
LOAD /tmp/ccsilOD6.debug.temp.o
LOAD /tmp/cc5z081T.debug.temp.o
LOAD /tmp/ccsS57rD.debug.temp.o
LOAD /tmp/cc3voOst.debug.temp.o
LOAD /tmp/ccM7DSCD.debug.temp.o
LOAD /tmp/cce4ZJdg.debug.temp.o
LOAD /tmp/ccPvd8jb.debug.temp.o
LOAD /tmp/ccUK50Bu.debug.temp.o
LOAD /tmp/ccQGGhga.debug.temp.o
LOAD /tmp/ccVYKNen.debug.temp.o
LOAD /tmp/ccJq0bll.debug.temp.o
LOAD /tmp/cc6dXqcc.debug.temp.o
LOAD /tmp/ccuFBPsu.debug.temp.o
LOAD /tmp/ccBHhzW9.debug.temp.o
LOAD /tmp/ccbDCeC6.debug.temp.o
LOAD /tmp/ccErMfW2.debug.temp.o
LOAD /tmp/ccwZLUIM.debug.temp.o
LOAD /tmp/ccZxjXrb.debug.temp.o
LOAD /tmp/ccQypESf.debug.temp.o
LOAD /tmp/ccMapLi7.debug.temp.o
LOAD /tmp/ccp7SGj9.debug.temp.o
LOAD /tmp/ccAM9uG7.debug.temp.o
LOAD /tmp/cc2JNuuF.debug.temp.o
LOAD /tmp/ccTbXuwB.debug.temp.o
LOAD /tmp/cc8GDaPm.debug.temp.o
LOAD /tmp/ccIU47wA.debug.temp.o
LOAD /tmp/ccNhk0B7.debug.temp.o
LOAD /tmp/cc6QV11X.debug.temp.o
LOAD /tmp/ccNCoGvK.debug.temp.o
LOAD /tmp/ccxXH9a7.debug.temp.o
LOAD /tmp/ccbcOFlv.debug.temp.o
LOAD /tmp/cc60kDIl.debug.temp.o
LOAD /tmp/cchmWzpU.debug.temp.o
LOAD /tmp/ccBwD7NU.debug.temp.o
LOAD /tmp/ccIyXsqK.debug.temp.o
LOAD /tmp/cc5MaJAb.debug.temp.o
LOAD /tmp/ccnmZNYU.debug.temp.o
LOAD /tmp/ccIAIs1Y.debug.temp.o
LOAD /tmp/ccZylBVp.debug.temp.o
LOAD /tmp/ccZqxQvh.debug.temp.o
LOAD /tmp/ccspWMQ1.debug.temp.o
LOAD /tmp/cc9ouw6g.debug.temp.o
LOAD /tmp/cctLkpEn.debug.temp.o
LOAD /tmp/cccLBvmS.debug.temp.o
LOAD /tmp/ccD2X4k8.debug.temp.o
LOAD /tmp/ccIhuzLB.debug.temp.o
LOAD /tmp/cc09famB.debug.temp.o
LOAD /tmp/ccXVCRv0.debug.temp.o
LOAD /tmp/ccMssAMr.debug.temp.o
LOAD /tmp/ccZPrdpi.debug.temp.o
LOAD /tmp/ccjHNAAc.debug.temp.o
LOAD /tmp/ccAoKMNo.debug.temp.o
LOAD /tmp/ccdfr7fA.debug.temp.o
LOAD /tmp/ccepTSQQ.debug.temp.o
LOAD /tmp/cc7KQBWj.debug.temp.o
LOAD /tmp/cc6EwHLN.debug.temp.o
LOAD /tmp/ccdoRIyM.debug.temp.o
LOAD /tmp/ccsosR69.debug.temp.o
LOAD /tmp/ccLfaD5G.debug.temp.o
LOAD /tmp/cc006dsx.debug.temp.o
LOAD /tmp/ccwXbGox.debug.temp.o
LOAD /tmp/ccLVZhlL.debug.temp.o
LOAD /tmp/cc8Oq7Jf.debug.temp.o
LOAD /tmp/cczGYfit.debug.temp.o
LOAD /tmp/cc60kuUc.debug.temp.o
LOAD /tmp/cch7cg25.debug.temp.o
LOAD /tmp/ccxqEiWt.debug.temp.o
LOAD /tmp/ccuV9rqU.debug.temp.o
LOAD /tmp/cczDElLK.debug.temp.o
LOAD /tmp/ccMv3hhA.debug.temp.o
LOAD /tmp/ccV0Asjl.debug.temp.o
LOAD /home/xephyr/Documents/edk2/Build/NetworkPkg/DEBUG_GCC5/X64/NetworkPkg/Ip6Dxe/Ip6Dxe/OUTPUT/Ip6Dxe.lib
LOAD /home/xephyr/Documents/edk2/Build/NetworkPkg/DEBUG_GCC5/X64/MdePkg/Library/RegisterFilterLibNull/RegisterFilterLibNull/OUTPUT/FilterLibNull.lib
LOAD /home/xephyr/Documents/edk2/Build/NetworkPkg/DEBUG_GCC5/X64/MdePkg/Library/BasePcdLibNull/BasePcdLibNull/OUTPUT/BasePcdLibNull.lib
LOAD /home/xephyr/Documents/edk2/Build/NetworkPkg/DEBUG_GCC5/X64/MdePkg/Library/BaseMemoryLib/BaseMemoryLib/OUTPUT/BaseMemoryLib.lib
LOAD /home/xephyr/Documents/edk2/Build/NetworkPkg/DEBUG_GCC5/X64/MdePkg/Library/BaseLib/BaseLib/OUTPUT/BaseLib.lib
LOAD /home/xephyr/Documents/edk2/Build/NetworkPkg/DEBUG_GCC5/X64/MdePkg/Library/BaseDebugPrintErrorLevelLib/BaseDebugPrintErrorLevelLib/OUTPUT/BaseDebugPrintErrorLevelLib.lib
LOAD /home/xephyr/Documents/edk2/Build/NetworkPkg/DEBUG_GCC5/X64/MdePkg/Library/BasePrintLib/BasePrintLib/OUTPUT/BasePrintLib.lib
LOAD /home/xephyr/Documents/edk2/Build/NetworkPkg/DEBUG_GCC5/X64/MdePkg/Library/UefiDebugLibConOut/UefiDebugLibConOut/OUTPUT/UefiDebugLibConOut.lib
LOAD /home/xephyr/Documents/edk2/Build/NetworkPkg/DEBUG_GCC5/X64/MdePkg/Library/UefiBootServicesTableLib/UefiBootServicesTableLib/OUTPUT/UefiBootServicesTableLib.lib
LOAD /home/xephyr/Documents/edk2/Build/NetworkPkg/DEBUG_GCC5/X64/MdePkg/Library/UefiMemoryAllocationLib/UefiMemoryAllocationLib/OUTPUT/UefiMemoryAllocationLib.lib
LOAD /home/xephyr/Documents/edk2/Build/NetworkPkg/DEBUG_GCC5/X64/MdePkg/Library/UefiRuntimeServicesTableLib/UefiRuntimeServicesTableLib/OUTPUT/UefiRuntimeServicesTableLib.lib
LOAD /home/xephyr/Documents/edk2/Build/NetworkPkg/DEBUG_GCC5/X64/MdePkg/Library/UefiDevicePathLib/UefiDevicePathLib/OUTPUT/UefiDevicePathLib.lib
LOAD /home/xephyr/Documents/edk2/Build/NetworkPkg/DEBUG_GCC5/X64/MdePkg/Library/UefiLib/UefiLib/OUTPUT/UefiLib.lib
LOAD /home/xephyr/Documents/edk2/Build/NetworkPkg/DEBUG_GCC5/X64/MdeModulePkg/Library/UefiHiiServicesLib/UefiHiiServicesLib/OUTPUT/UefiHiiServicesLib.lib
LOAD /home/xephyr/Documents/edk2/Build/NetworkPkg/DEBUG_GCC5/X64/MdeModulePkg/Library/UefiHiiLib/UefiHiiLib/OUTPUT/UefiHiiLib.lib
LOAD /home/xephyr/Documents/edk2/Build/NetworkPkg/DEBUG_GCC5/X64/MdePkg/Library/UefiDriverEntryPoint/UefiDriverEntryPoint/OUTPUT/UefiDriverEntryPoint.lib
LOAD /home/xephyr/Documents/edk2/Build/NetworkPkg/DEBUG_GCC5/X64/NetworkPkg/Library/DxeNetLib/DxeNetLib/OUTPUT/DxeNetLib.lib
LOAD /home/xephyr/Documents/edk2/Build/NetworkPkg/DEBUG_GCC5/X64/NetworkPkg/Library/DxeDpcLib/DxeDpcLib/OUTPUT/DxeDpcLib.lib
END GROUP
                0x0000000000000228                PECOFF_HEADER_SIZE = 0x228
                0x0000000000000228                . = PECOFF_HEADER_SIZE

.text           0x0000000000000240    0x1bdd5
 *(.text .text.* .stub .gnu.linkonce.t.*)
 .text.Ip6ServiceConfigMnp
                0x0000000000000240       0xa0 /tmp/Ip6Dxe.dll.4R7fL6.ltrans0.ltrans.o
 .text.Ip6TokenExist
                0x00000000000002e0       0x27 /tmp/Ip6Dxe.dll.4R7fL6.ltrans0.ltrans.o
 .text.IpSec2InstalledCallback
                0x0000000000000307       0x54 /tmp/Ip6Dxe.dll.4R7fL6.ltrans0.ltrans.o
                0x0000000000000307                IpSec2InstalledCallback
 .text.Ip6DriverBindingSupported
                0x000000000000035b       0x3b /tmp/Ip6Dxe.dll.4R7fL6.ltrans0.ltrans.o
 .text.Ip6ConfigSignalEvent
                0x0000000000000396       0x1d /tmp/Ip6Dxe.dll.4R7fL6.ltrans0.ltrans.o
 .text.Ip6ConfigSetDadXmits
                0x00000000000003b3       0x2a /tmp/Ip6Dxe.dll.4R7fL6.ltrans0.ltrans.o
 .text.Ip6NtohHead
                0x00000000000003dd        0xe /tmp/Ip6Dxe.dll.4R7fL6.ltrans0.ltrans.o
 .text.Ip6ConfigSetAltIfId
                0x00000000000003eb       0x42 /tmp/Ip6Dxe.dll.4R7fL6.ltrans0.ltrans.o
 .text.EfiIp6Poll
                0x000000000000042d       0x85 /tmp/Ip6Dxe.dll.4R7fL6.ltrans0.ltrans.o
 .text.Ip6DestroyChildEntryInHandleBuffer
                0x00000000000004b2       0x9e /tmp/Ip6Dxe.dll.4R7fL6.ltrans0.ltrans.o
 .text.Ip6ConfigSetStatefulAddrCallback
                0x0000000000000550       0xe9 /tmp/Ip6Dxe.dll.4R7fL6.ltrans0.ltrans.o
 .text.EfiIp6ConfigGetData
                0x0000000000000639      0x1aa /tmp/Ip6Dxe.dll.4R7fL6.ltrans0.ltrans.o
 .text.Ip6IsNDOptionValid
                0x00000000000007e3       0x84 /tmp/Ip6Dxe.dll.4R7fL6.ltrans0.ltrans.o
 .text.Ip6IsValidProtocol
                0x0000000000000867       0x90 /tmp/Ip6Dxe.dll.4R7fL6.ltrans0.ltrans.o
 .text.Ip6BuildEfiAddressList
                0x00000000000008f7      0x15c /tmp/Ip6Dxe.dll.4R7fL6.ltrans0.ltrans.o
 .text.EfiIp6GetModeData
                0x0000000000000a53      0x4c3 /tmp/Ip6Dxe.dll.4R7fL6.ltrans0.ltrans.o
 .text.Ip6ConfigGetIfInfo
                0x0000000000000f16      0x129 /tmp/Ip6Dxe.dll.4R7fL6.ltrans0.ltrans.o
 .text.Ip6FindDADEntry
                0x000000000000103f       0xc1 /tmp/Ip6Dxe.dll.4R7fL6.ltrans0.ltrans.o
 .text.Ip6ConfigSetDnsServer
                0x0000000000001100      0x22e /tmp/Ip6Dxe.dll.4R7fL6.ltrans0.ltrans.o
 .text.Ip6FindMldEntry
                0x000000000000132e       0xa6 /tmp/Ip6Dxe.dll.4R7fL6.ltrans0.ltrans.o
 .text.Ip6DestroyChildEntryByAddr
                0x00000000000013d4       0x7f /tmp/Ip6Dxe.dll.4R7fL6.ltrans0.ltrans.o
 .text.Ip6CreateMldEntry
                0x0000000000001453       0xc5 /tmp/Ip6Dxe.dll.4R7fL6.ltrans0.ltrans.o
 .text.Ip6CancelRxTokens
                0x0000000000001518       0x5b /tmp/Ip6Dxe.dll.4R7fL6.ltrans0.ltrans.o
 .text.Ip6FreeTxToken
                0x0000000000001573       0x7d /tmp/Ip6Dxe.dll.4R7fL6.ltrans0.ltrans.o
 .text.EfiIp6ConfigUnregisterDataNotify
                0x00000000000015f0       0xe0 /tmp/Ip6Dxe.dll.4R7fL6.ltrans0.ltrans.o
 .text.Ip6OnPacketSent
                0x00000000000016d0       0x1e /tmp/Ip6Dxe.dll.4R7fL6.ltrans0.ltrans.o
 .text.Ip6IpSecFree
                0x00000000000016ee       0x37 /tmp/Ip6Dxe.dll.4R7fL6.ltrans0.ltrans.o
 .text.Ip6ConfigParseDhcpReply
                0x0000000000001725      0x22f /tmp/Ip6Dxe.dll.4R7fL6.ltrans0.ltrans.o
 .text.Ip6ConfigOnDhcp6Reply
                0x0000000000001954       0xa3 /tmp/Ip6Dxe.dll.4R7fL6.ltrans0.ltrans.o
 .text.Ip6CreateRouteEntry
                0x00000000000019f7       0x86 /tmp/Ip6Dxe.dll.4R7fL6.ltrans0.ltrans.o
 .text.EfiIp6ConfigRegisterDataNotify
                0x0000000000001a7d       0xef /tmp/Ip6Dxe.dll.4R7fL6.ltrans0.ltrans.o
 .text.EfiIp6Transmit
                0x0000000000001b6c      0x509 /tmp/Ip6Dxe.dll.4R7fL6.ltrans0.ltrans.o
 .text.Ip6CancelTxTokens
                0x0000000000002075      0x10b /tmp/Ip6Dxe.dll.4R7fL6.ltrans0.ltrans.o
 .text.Ip6SentPacketTicking
                0x0000000000002180       0xfe /tmp/Ip6Dxe.dll.4R7fL6.ltrans0.ltrans.o
                0x0000000000002180                Ip6SentPacketTicking
 .text.Ip6Cancel
                0x000000000000227e       0xc7 /tmp/Ip6Dxe.dll.4R7fL6.ltrans0.ltrans.o
 .text.EfiIp6Cancel
                0x0000000000002345      0x12d /tmp/Ip6Dxe.dll.4R7fL6.ltrans0.ltrans.o
 .text.Ip6ConfigDestroyDhcp6
                0x0000000000002472       0xf7 /tmp/Ip6Dxe.dll.4R7fL6.ltrans0.ltrans.o
 .text.Ip6ComponentNameGetDriverName
                0x0000000000002569       0x3a /tmp/Ip6Dxe.dll.4R7fL6.ltrans0.ltrans.o
 .text.UpdateName
                0x00000000000025a3      0x2f0 /tmp/Ip6Dxe.dll.4R7fL6.ltrans0.ltrans.o
 .text.Ip6ComponentNameGetControllerName
                0x0000000000002893      0x1c5 /tmp/Ip6Dxe.dll.4R7fL6.ltrans0.ltrans.o
 .text.Ip6TrimPacket
                0x0000000000002a58       0xd1 /tmp/Ip6Dxe.dll.4R7fL6.ltrans0.ltrans.o
 .text.Ip6OnRecyclePacket
                0x0000000000002b29       0x8c /tmp/Ip6Dxe.dll.4R7fL6.ltrans0.ltrans.o
 .text.Ip6WrapRxData
                0x0000000000002bb5      0x11d /tmp/Ip6Dxe.dll.4R7fL6.ltrans0.ltrans.o
 .text.Ip6ConfigReadConfigData
                0x0000000000002cd2      0x22b /tmp/Ip6Dxe.dll.4R7fL6.ltrans0.ltrans.o
 .text.Ip6ConfigWriteConfigData
                0x0000000000002efd      0x15d /tmp/Ip6Dxe.dll.4R7fL6.ltrans0.ltrans.o
 .text.EfiIp6ConfigSetData
                0x000000000000305a      0x256 /tmp/Ip6Dxe.dll.4R7fL6.ltrans0.ltrans.o
 .text.Ip6LeaveGroup
                0x00000000000032b0      0x365 /tmp/Ip6Dxe.dll.4R7fL6.ltrans0.ltrans.o
 .text.Ip6ManualAddrDadCallback
                0x0000000000003615      0x31c /tmp/Ip6Dxe.dll.4R7fL6.ltrans0.ltrans.o
 .text.Ip6ConfigStartStatefulAutoConfig.part.0
                0x0000000000003931      0x2c9 /tmp/Ip6Dxe.dll.4R7fL6.ltrans0.ltrans.o
 .text.Ip6ConfigOnDhcp6SbInstalled
                0x0000000000003bfa       0xbc /tmp/Ip6Dxe.dll.4R7fL6.ltrans0.ltrans.o
 .text.Ip6FindPrefixListEntry
                0x0000000000003cb6       0xd9 /tmp/Ip6Dxe.dll.4R7fL6.ltrans0.ltrans.o
                0x0000000000003cb6                Ip6FindPrefixListEntry
 .text.Ip6CreatePrefixListEntry
                0x0000000000003d8f      0x18b /tmp/Ip6Dxe.dll.4R7fL6.ltrans0.ltrans.o
 .text.Ip6OnDADFinished
                0x0000000000003f1a      0x29d /tmp/Ip6Dxe.dll.4R7fL6.ltrans0.ltrans.o
 .text.Ip6FindNeighborEntry
                0x00000000000041b7       0xcf /tmp/Ip6Dxe.dll.4R7fL6.ltrans0.ltrans.o
                0x00000000000041b7                Ip6FindNeighborEntry
 .text.Ip6CreateDefaultRouter
                0x0000000000004286      0x115 /tmp/Ip6Dxe.dll.4R7fL6.ltrans0.ltrans.o
 .text.Ip6DestroyDefaultRouter
                0x000000000000439b       0x54 /tmp/Ip6Dxe.dll.4R7fL6.ltrans0.ltrans.o
                0x000000000000439b                Ip6DestroyDefaultRouter
 .text.Ip6CleanDefaultRouterList
                0x00000000000043ef       0x36 /tmp/Ip6Dxe.dll.4R7fL6.ltrans0.ltrans.o
 .text.Ip6FindDefaultRouter
                0x0000000000004425       0xa4 /tmp/Ip6Dxe.dll.4R7fL6.ltrans0.ltrans.o
                0x0000000000004425                Ip6FindDefaultRouter
 .text.Ip6FreeNeighborEntry
                0x00000000000044c9      0x165 /tmp/Ip6Dxe.dll.4R7fL6.ltrans0.ltrans.o
                0x00000000000044c9                Ip6FreeNeighborEntry
 .text.Ip6OnArpResolved
                0x000000000000462e      0x18a /tmp/Ip6Dxe.dll.4R7fL6.ltrans0.ltrans.o
                0x000000000000462e                Ip6OnArpResolved
 .text.Ip6ConfigSetGateway
                0x00000000000047b8      0x2ac /tmp/Ip6Dxe.dll.4R7fL6.ltrans0.ltrans.o
 .text.Ip6FreeAssembleEntry
                0x0000000000004a64       0x6e /tmp/Ip6Dxe.dll.4R7fL6.ltrans0.ltrans.o
                0x0000000000004a64                Ip6FreeAssembleEntry
 .text.Ip6OnFreeFragments
                0x0000000000004ad2       0x9d /tmp/Ip6Dxe.dll.4R7fL6.ltrans0.ltrans.o
 .text.Ip6CleanAssembleTable
                0x0000000000004b6f       0x4f /tmp/Ip6Dxe.dll.4R7fL6.ltrans0.ltrans.o
 .text.Ip6InstanceDeliverPacket
                0x0000000000004bbe      0x1ee /tmp/Ip6Dxe.dll.4R7fL6.ltrans0.ltrans.o
                0x0000000000004bbe                Ip6InstanceDeliverPacket
 .text.EfiIp6Receive
                0x0000000000004dac      0x18f /tmp/Ip6Dxe.dll.4R7fL6.ltrans0.ltrans.o
 .text.Ip6IpSecProcessPacket.part.0
                0x0000000000004f3b      0x4f3 /tmp/Ip6Dxe.dll.4R7fL6.ltrans0.ltrans.o
                0x0000000000004f3b                Ip6IpSecProcessPacket.part.0
 .text.Ip6IsExtsValid
                0x000000000000542e      0x3c5 /tmp/Ip6Dxe.dll.4R7fL6.ltrans0.ltrans.o
                0x000000000000542e                Ip6IsExtsValid
 .text.Ip6FillFragmentHeader
                0x00000000000057f3      0x23c /tmp/Ip6Dxe.dll.4R7fL6.ltrans0.ltrans.o
                0x00000000000057f3                Ip6FillFragmentHeader
 .text.Ip6SendMldReport
                0x0000000000005a2f      0x260 /tmp/Ip6Dxe.dll.4R7fL6.ltrans0.ltrans.o
                0x0000000000005a2f                Ip6SendMldReport
 .text.Ip6CreateSNMulticastAddr
                0x0000000000005c8f       0x68 /tmp/Ip6Dxe.dll.4R7fL6.ltrans0.ltrans.o
                0x0000000000005c8f                Ip6CreateSNMulticastAddr
 .text.Ip6IsSNMulticastAddr
                0x0000000000005cf7       0x3d /tmp/Ip6Dxe.dll.4R7fL6.ltrans0.ltrans.o
 .text.Ip6SendNeighborSolicit
                0x0000000000005d34      0x2c9 /tmp/Ip6Dxe.dll.4R7fL6.ltrans0.ltrans.o
                0x0000000000005d34                Ip6SendNeighborSolicit
 .text.Ip6RemoveAddr
                0x0000000000005ffd      0x209 /tmp/Ip6Dxe.dll.4R7fL6.ltrans0.ltrans.o
                0x0000000000005ffd                Ip6RemoveAddr
 .text.Ip6DestroyPrefixListEntry
                0x0000000000006206       0xd7 /tmp/Ip6Dxe.dll.4R7fL6.ltrans0.ltrans.o
                0x0000000000006206                Ip6DestroyPrefixListEntry
 .text.Ip6CleanPrefixListTable
                0x00000000000062dd       0x49 /tmp/Ip6Dxe.dll.4R7fL6.ltrans0.ltrans.o
 .text.Ip6ConfigSetPolicy
                0x0000000000006326      0x498 /tmp/Ip6Dxe.dll.4R7fL6.ltrans0.ltrans.o
 .text.Ip6IsOneOfSetAddress
                0x00000000000067be      0x153 /tmp/Ip6Dxe.dll.4R7fL6.ltrans0.ltrans.o
                0x00000000000067be                Ip6IsOneOfSetAddress
 .text.Ip6IsValidAddress
                0x0000000000006911       0x55 /tmp/Ip6Dxe.dll.4R7fL6.ltrans0.ltrans.o
 .text.EfiIp6Routes
                0x0000000000006966      0x2a4 /tmp/Ip6Dxe.dll.4R7fL6.ltrans0.ltrans.o
 .text.EfiIp6Neighbors
                0x0000000000006c0a      0x2aa /tmp/Ip6Dxe.dll.4R7fL6.ltrans0.ltrans.o
 .text.Ip6ConfigSetManualAddress
                0x0000000000006eb4      0x706 /tmp/Ip6Dxe.dll.4R7fL6.ltrans0.ltrans.o
 .text.Ip6ConfigOnDhcp6Event
                0x00000000000075ba      0x275 /tmp/Ip6Dxe.dll.4R7fL6.ltrans0.ltrans.o
 .text.Ip6PreProcessPacket
                0x000000000000782f      0x9df /tmp/Ip6Dxe.dll.4R7fL6.ltrans0.ltrans.o
 .text.Ip6GetMulticastMac
                0x000000000000820e       0x46 /tmp/Ip6Dxe.dll.4R7fL6.ltrans0.ltrans.o
                0x000000000000820e                Ip6GetMulticastMac
 .text.Ip6JoinGroup
                0x0000000000008254       0xf3 /tmp/Ip6Dxe.dll.4R7fL6.ltrans0.ltrans.o
 .text.Ip6NdFasterTimerTicking
                0x0000000000008347      0x79c /tmp/Ip6Dxe.dll.4R7fL6.ltrans0.ltrans.o
 .text.Ip6Groups
                0x0000000000008ae3      0x367 /tmp/Ip6Dxe.dll.4R7fL6.ltrans0.ltrans.o
 .text.Ip6CleanProtocol
                0x0000000000008e4a       0xce /tmp/Ip6Dxe.dll.4R7fL6.ltrans0.ltrans.o
 .text.EfiIp6Configure
                0x0000000000008f18      0x386 /tmp/Ip6Dxe.dll.4R7fL6.ltrans0.ltrans.o
 .text.Ip6ServiceBindingDestroyChild
                0x000000000000929e      0x2b5 /tmp/Ip6Dxe.dll.4R7fL6.ltrans0.ltrans.o
 .text.Ip6ServiceBindingCreateChild
                0x0000000000009553      0x2a8 /tmp/Ip6Dxe.dll.4R7fL6.ltrans0.ltrans.o
 .text.EfiIp6Groups
                0x00000000000097fb      0x179 /tmp/Ip6Dxe.dll.4R7fL6.ltrans0.ltrans.o
 .text.Ip6FreeRouteEntry
                0x0000000000009974       0x4f /tmp/Ip6Dxe.dll.4R7fL6.ltrans0.ltrans.o
                0x0000000000009974                Ip6FreeRouteEntry
 .text.Ip6CreateRouteCacheEntry
                0x00000000000099c3       0x8c /tmp/Ip6Dxe.dll.4R7fL6.ltrans0.ltrans.o
                0x00000000000099c3                Ip6CreateRouteCacheEntry
 .text.Ip6AcceptFrame
                0x0000000000009a4f     0x1bce /tmp/Ip6Dxe.dll.4R7fL6.ltrans0.ltrans.o
                0x0000000000009a4f                Ip6AcceptFrame
 .text.Ip6FreeRouteCacheEntry
                0x000000000000b61d       0x4a /tmp/Ip6Dxe.dll.4R7fL6.ltrans0.ltrans.o
                0x000000000000b61d                Ip6FreeRouteCacheEntry
 .text.Ip6CleanService
                0x000000000000b667      0x40b /tmp/Ip6Dxe.dll.4R7fL6.ltrans0.ltrans.o
 .text.Ip6DriverBindingStart
                0x000000000000ba72      0xe8b /tmp/Ip6Dxe.dll.4R7fL6.ltrans0.ltrans.o
 .text.Ip6DriverBindingStop
                0x000000000000c8fd      0x2a3 /tmp/Ip6Dxe.dll.4R7fL6.ltrans0.ltrans.o
 .text.Ip6CancelInstanceFrame
                0x000000000000cba0        0xc /tmp/Ip6Dxe.dll.4R7fL6.ltrans1.ltrans.o
 .text.Ip6RecycleFrame
                0x000000000000cbac       0x12 /tmp/Ip6Dxe.dll.4R7fL6.ltrans1.ltrans.o
 .text.Ip6OnFrameReceived
                0x000000000000cbbe       0x1f /tmp/Ip6Dxe.dll.4R7fL6.ltrans1.ltrans.o
                0x000000000000cbbe                Ip6OnFrameReceived
 .text.Ip6OnFrameSent
                0x000000000000cbdd       0x1f /tmp/Ip6Dxe.dll.4R7fL6.ltrans1.ltrans.o
 .text.Ip6CommonPrefixLen
                0x000000000000cbfc       0x2d /tmp/Ip6Dxe.dll.4R7fL6.ltrans1.ltrans.o
 .text.Ip6CancelPacketFragments
                0x000000000000cc29       0x14 /tmp/Ip6Dxe.dll.4R7fL6.ltrans1.ltrans.o
                0x000000000000cc29                Ip6CancelPacketFragments
 .text.Ip6ConfigManualAddressNotify
                0x000000000000cc3d        0x8 /tmp/Ip6Dxe.dll.4R7fL6.ltrans1.ltrans.o
 .text.InternalSafeStringNoStrOverlap
                0x000000000000cc45       0x29 /tmp/Ip6Dxe.dll.4R7fL6.ltrans1.ltrans.o
 .text.InternalIsHexaDecimalDigitCharacter
                0x000000000000cc6e       0x1e /tmp/Ip6Dxe.dll.4R7fL6.ltrans1.ltrans.o
 .text.ExitBootServicesCallback
                0x000000000000cc8c        0xc /tmp/Ip6Dxe.dll.4R7fL6.ltrans1.ltrans.o
 .text.DevicePathFromHandle
                0x000000000000cc98       0x35 /tmp/Ip6Dxe.dll.4R7fL6.ltrans1.ltrans.o
 .text.UefiLibGetStringWidth
                0x000000000000cccd       0x76 /tmp/Ip6Dxe.dll.4R7fL6.ltrans1.ltrans.o
 .text.DebugAssert.part.0
                0x000000000000cd43       0x77 /tmp/Ip6Dxe.dll.4R7fL6.ltrans1.ltrans.o
 .text.SwapBytes32
                0x000000000000cdba        0x9 /tmp/Ip6Dxe.dll.4R7fL6.ltrans1.ltrans.o
                0x000000000000cdba                SwapBytes32
 .text.AsciiStrnLenS
                0x000000000000cdc3       0x2a /tmp/Ip6Dxe.dll.4R7fL6.ltrans1.ltrans.o
                0x000000000000cdc3                AsciiStrnLenS
 .text.BasePrintLibFillBuffer
                0x000000000000cded       0x31 /tmp/Ip6Dxe.dll.4R7fL6.ltrans1.ltrans.o
                0x000000000000cded                BasePrintLibFillBuffer
 .text.DebugPrint
                0x000000000000ce1e       0xc5 /tmp/Ip6Dxe.dll.4R7fL6.ltrans1.ltrans.o
                0x000000000000ce1e                DebugPrint
 .text.DebugAssert
                0x000000000000cee3       0x13 /tmp/Ip6Dxe.dll.4R7fL6.ltrans1.ltrans.o
                0x000000000000cee3                DebugAssert
 .text.ZeroMem  0x000000000000cef6       0xef /tmp/Ip6Dxe.dll.4R7fL6.ltrans1.ltrans.o
                0x000000000000cef6                ZeroMem
 .text.CompareMem
                0x000000000000cfe5       0xcf /tmp/Ip6Dxe.dll.4R7fL6.ltrans1.ltrans.o
                0x000000000000cfe5                CompareMem
 .text.Ip6FindRouteCache
                0x000000000000d0b4       0x99 /tmp/Ip6Dxe.dll.4R7fL6.ltrans1.ltrans.o
                0x000000000000d0b4                Ip6FindRouteCache
 .text.SetMem16
                0x000000000000d14d       0x9a /tmp/Ip6Dxe.dll.4R7fL6.ltrans1.ltrans.o
 .text.CopyMem  0x000000000000d1e7      0x250 /tmp/Ip6Dxe.dll.4R7fL6.ltrans1.ltrans.o
                0x000000000000d1e7                CopyMem
 .text.Ip6IsAnycast
                0x000000000000d437      0x15c /tmp/Ip6Dxe.dll.4R7fL6.ltrans1.ltrans.o
                0x000000000000d437                Ip6IsAnycast
 .text.InternalBaseLibIsListValid
                0x000000000000d593       0x89 /tmp/Ip6Dxe.dll.4R7fL6.ltrans1.ltrans.o
 .text.InitializeListHead
                0x000000000000d61c       0x3d /tmp/Ip6Dxe.dll.4R7fL6.ltrans1.ltrans.o
                0x000000000000d61c                InitializeListHead
 .text.InsertHeadList
                0x000000000000d659       0x50 /tmp/Ip6Dxe.dll.4R7fL6.ltrans1.ltrans.o
                0x000000000000d659                InsertHeadList
 .text.InsertTailList
                0x000000000000d6a9       0x51 /tmp/Ip6Dxe.dll.4R7fL6.ltrans1.ltrans.o
                0x000000000000d6a9                InsertTailList
 .text.GetFirstNode
                0x000000000000d6fa       0x32 /tmp/Ip6Dxe.dll.4R7fL6.ltrans1.ltrans.o
 .text.IsListEmpty
                0x000000000000d72c       0x39 /tmp/Ip6Dxe.dll.4R7fL6.ltrans1.ltrans.o
                0x000000000000d72c                IsListEmpty
 .text.RemoveEntryList
                0x000000000000d765       0x44 /tmp/Ip6Dxe.dll.4R7fL6.ltrans1.ltrans.o
                0x000000000000d765                RemoveEntryList
 .text.StrnLenS
                0x000000000000d7a9       0x58 /tmp/Ip6Dxe.dll.4R7fL6.ltrans1.ltrans.o
                0x000000000000d7a9                StrnLenS
 .text.StrLen   0x000000000000d801       0x79 /tmp/Ip6Dxe.dll.4R7fL6.ltrans1.ltrans.o
 .text.StrSize  0x000000000000d87a       0x14 /tmp/Ip6Dxe.dll.4R7fL6.ltrans1.ltrans.o
 .text.StrStr   0x000000000000d88e       0x99 /tmp/Ip6Dxe.dll.4R7fL6.ltrans1.ltrans.o
 .text.AsciiStrLen
                0x000000000000d927       0x67 /tmp/Ip6Dxe.dll.4R7fL6.ltrans1.ltrans.o
 .text.AsciiStrnCmp.part.0
                0x000000000000d98e       0xb7 /tmp/Ip6Dxe.dll.4R7fL6.ltrans1.ltrans.o
 .text.IsLanguageSupported
                0x000000000000da45       0x65 /tmp/Ip6Dxe.dll.4R7fL6.ltrans1.ltrans.o
 .text.ReadUnaligned16
                0x000000000000daaa        0x8 /tmp/Ip6Dxe.dll.4R7fL6.ltrans1.ltrans.o
                0x000000000000daaa                ReadUnaligned16
 .text.ReadUnaligned24
                0x000000000000dab2       0x32 /tmp/Ip6Dxe.dll.4R7fL6.ltrans1.ltrans.o
 .text.ReadUnaligned32
                0x000000000000dae4       0x31 /tmp/Ip6Dxe.dll.4R7fL6.ltrans1.ltrans.o
                0x000000000000dae4                ReadUnaligned32
 .text.ReadUnaligned64
                0x000000000000db15        0x4 /tmp/Ip6Dxe.dll.4R7fL6.ltrans1.ltrans.o
 .text.WriteUnaligned64
                0x000000000000db19        0x7 /tmp/Ip6Dxe.dll.4R7fL6.ltrans1.ltrans.o
 .text.CopyGuid
                0x000000000000db20       0x3a /tmp/Ip6Dxe.dll.4R7fL6.ltrans1.ltrans.o
 .text.BasePrintLibValueToString
                0x000000000000db5a       0x33 /tmp/Ip6Dxe.dll.4R7fL6.ltrans1.ltrans.o
                0x000000000000db5a                BasePrintLibValueToString
 .text.UnicodeSPrint
                0x000000000000db8d       0xfd /tmp/Ip6Dxe.dll.4R7fL6.ltrans1.ltrans.o
                0x000000000000db8d                UnicodeSPrint
 .text.Ip6ToStr
                0x000000000000dc8a      0x196 /tmp/Ip6Dxe.dll.4R7fL6.ltrans1.ltrans.o
 .text.DevicePathType
                0x000000000000de20       0x2d /tmp/Ip6Dxe.dll.4R7fL6.ltrans1.ltrans.o
 .text.DevicePathSubType
                0x000000000000de4d       0x2e /tmp/Ip6Dxe.dll.4R7fL6.ltrans1.ltrans.o
 .text.DevicePathNodeLength
                0x000000000000de7b       0x37 /tmp/Ip6Dxe.dll.4R7fL6.ltrans1.ltrans.o
 .text.NextDevicePathNode
                0x000000000000deb2       0x36 /tmp/Ip6Dxe.dll.4R7fL6.ltrans1.ltrans.o
 .text.IsDevicePathEnd
                0x000000000000dee8       0x68 /tmp/Ip6Dxe.dll.4R7fL6.ltrans1.ltrans.o
 .text.IsDevicePathValid.constprop.0
                0x000000000000df50       0x93 /tmp/Ip6Dxe.dll.4R7fL6.ltrans1.ltrans.o
 .text.UefiDevicePathLibGetDevicePathSize
                0x000000000000dfe3       0x50 /tmp/Ip6Dxe.dll.4R7fL6.ltrans1.ltrans.o
 .text.InternalHiiCompareSubString
                0x000000000000e033      0x178 /tmp/Ip6Dxe.dll.4R7fL6.ltrans1.ltrans.o
 .text.NetListRemoveHead
                0x000000000000e1ab       0x39 /tmp/Ip6Dxe.dll.4R7fL6.ltrans1.ltrans.o
 .text.NetLibGetMacAddress
                0x000000000000e1e4      0x1b0 /tmp/Ip6Dxe.dll.4R7fL6.ltrans1.ltrans.o
 .text.NetbufSetBlock
                0x000000000000e394       0xe4 /tmp/Ip6Dxe.dll.4R7fL6.ltrans1.ltrans.o
 .text.NetbufSetBlockOp
                0x000000000000e478       0xa2 /tmp/Ip6Dxe.dll.4R7fL6.ltrans1.ltrans.o
 .text.NetblockTrim
                0x000000000000e51a       0x48 /tmp/Ip6Dxe.dll.4R7fL6.ltrans1.ltrans.o
 .text.UnicodeValueToStringS.constprop.0
                0x000000000000e562      0x1e5 /tmp/Ip6Dxe.dll.4R7fL6.ltrans1.ltrans.o
 .text.DebugPrintEnabled
                0x000000000000e747        0x7 /tmp/Ip6Dxe.dll.4R7fL6.ltrans1.ltrans.o
                0x000000000000e747                DebugPrintEnabled
 .text.Ip6CancelFrames
                0x000000000000e74e      0x12a /tmp/Ip6Dxe.dll.4R7fL6.ltrans1.ltrans.o
                0x000000000000e74e                Ip6CancelFrames
 .text.ProcessLibraryDestructorList
                0x000000000000e878       0x14 /tmp/Ip6Dxe.dll.4R7fL6.ltrans1.ltrans.o
 .text._DriverUnloadHandler
                0x000000000000e88c      0x197 /tmp/Ip6Dxe.dll.4R7fL6.ltrans1.ltrans.o
 .text.StrCpyS  0x000000000000ea23      0x27f /tmp/Ip6Dxe.dll.4R7fL6.ltrans1.ltrans.o
 .text.StrCatS  0x000000000000eca2      0x2d9 /tmp/Ip6Dxe.dll.4R7fL6.ltrans1.ltrans.o
 .text.StrHexToUintnS
                0x000000000000ef7b      0x1ea /tmp/Ip6Dxe.dll.4R7fL6.ltrans1.ltrans.o
 .text.AllocatePool
                0x000000000000f165       0x9d /tmp/Ip6Dxe.dll.4R7fL6.ltrans1.ltrans.o
                0x000000000000f165                AllocatePool
 .text.Ip6BuildEfiRouteTable
                0x000000000000f202      0x1d5 /tmp/Ip6Dxe.dll.4R7fL6.ltrans1.ltrans.o
                0x000000000000f202                Ip6BuildEfiRouteTable
 .text.AllocateZeroPool
                0x000000000000f3d7      0x100 /tmp/Ip6Dxe.dll.4R7fL6.ltrans1.ltrans.o
                0x000000000000f3d7                AllocateZeroPool
 .text.Ip6BuildNvAddressInfo
                0x000000000000f4d7      0x116 /tmp/Ip6Dxe.dll.4R7fL6.ltrans1.ltrans.o
 .text.InternalHiiBrowserCallback.constprop.0
                0x000000000000f5ed      0x110 /tmp/Ip6Dxe.dll.4R7fL6.ltrans1.ltrans.o
 .text.HiiConstructConfigHdr.constprop.0
                0x000000000000f6fd      0x20e /tmp/Ip6Dxe.dll.4R7fL6.ltrans1.ltrans.o
 .text.GetBestLanguage.constprop.0
                0x000000000000f90b      0x11e /tmp/Ip6Dxe.dll.4R7fL6.ltrans1.ltrans.o
 .text.AllocateCopyPool
                0x000000000000fa29      0x15e /tmp/Ip6Dxe.dll.4R7fL6.ltrans1.ltrans.o
                0x000000000000fa29                AllocateCopyPool
 .text.UefiDevicePathLibDuplicateDevicePath
                0x000000000000fb87       0x2d /tmp/Ip6Dxe.dll.4R7fL6.ltrans1.ltrans.o
 .text.FreePool
                0x000000000000fbb4       0x55 /tmp/Ip6Dxe.dll.4R7fL6.ltrans1.ltrans.o
                0x000000000000fbb4                FreePool
 .text.Ip6CleanInterface
                0x000000000000fc09      0x20f /tmp/Ip6Dxe.dll.4R7fL6.ltrans1.ltrans.o
                0x000000000000fc09                Ip6CleanInterface
 .text.Ip6FreeLinkTxToken
                0x000000000000fe18       0x58 /tmp/Ip6Dxe.dll.4R7fL6.ltrans1.ltrans.o
                0x000000000000fe18                Ip6FreeLinkTxToken
 .text.Ip6OnFrameSentDpc
                0x000000000000fe70       0xf2 /tmp/Ip6Dxe.dll.4R7fL6.ltrans1.ltrans.o
 .text.Ip6FreeAddressInfoList
                0x000000000000ff62       0x39 /tmp/Ip6Dxe.dll.4R7fL6.ltrans1.ltrans.o
 .text.Ip6ConfigFormUnload
                0x000000000000ff9b      0x17f /tmp/Ip6Dxe.dll.4R7fL6.ltrans1.ltrans.o
                0x000000000000ff9b                Ip6ConfigFormUnload
 .text.HiiAllocateOpCodeHandle
                0x000000000001011a       0x54 /tmp/Ip6Dxe.dll.4R7fL6.ltrans1.ltrans.o
 .text.HiiFreeOpCodeHandle
                0x000000000001016e       0x42 /tmp/Ip6Dxe.dll.4R7fL6.ltrans1.ltrans.o
 .text.HiiGetSupportedLanguages
                0x00000000000101b0       0xa6 /tmp/Ip6Dxe.dll.4R7fL6.ltrans1.ltrans.o
 .text.NetbufAllocStruct
                0x0000000000010256       0xc8 /tmp/Ip6Dxe.dll.4R7fL6.ltrans1.ltrans.o
 .text.NetbufFreeVector
                0x000000000001031e      0x11b /tmp/Ip6Dxe.dll.4R7fL6.ltrans1.ltrans.o
 .text.NetbufGetFragmentFree
                0x0000000000010439       0x9d /tmp/Ip6Dxe.dll.4R7fL6.ltrans1.ltrans.o
 .text.CreatePopUp.constprop.0
                0x00000000000104d6      0x72f /tmp/Ip6Dxe.dll.4R7fL6.ltrans1.ltrans.o
 .text.Ip6ConfigNvGetData.constprop.0
                0x0000000000010c05       0xdb /tmp/Ip6Dxe.dll.4R7fL6.ltrans1.ltrans.o
 .text.InternalHiiCreateOpCodeExtended.constprop.0
                0x0000000000010ce0      0x1aa /tmp/Ip6Dxe.dll.4R7fL6.ltrans1.ltrans.o
 .text.HiiCreateGuidOpCode.constprop.0
                0x0000000000010e8a       0x5f /tmp/Ip6Dxe.dll.4R7fL6.ltrans1.ltrans.o
 .text.HiiIsConfigHdrMatch.constprop.0
                0x0000000000010ee9       0x97 /tmp/Ip6Dxe.dll.4R7fL6.ltrans1.ltrans.o
 .text.Ip6FormRouteConfig
                0x0000000000010f80       0x72 /tmp/Ip6Dxe.dll.4R7fL6.ltrans1.ltrans.o
 .text.HiiAddPackages.constprop.0
                0x0000000000010ff2      0x110 /tmp/Ip6Dxe.dll.4R7fL6.ltrans1.ltrans.o
 .text.HiiSetString.constprop.0
                0x0000000000011102      0x164 /tmp/Ip6Dxe.dll.4R7fL6.ltrans1.ltrans.o
 .text.Ip6ConvertAddressListToString
                0x0000000000011266      0x8e1 /tmp/Ip6Dxe.dll.4R7fL6.ltrans1.ltrans.o
 .text.Ip6GetCurrentSetting
                0x0000000000011b47      0x1e2 /tmp/Ip6Dxe.dll.4R7fL6.ltrans1.ltrans.o
 .text.Ip6ConvertInterfaceInfoToString.part.0
                0x0000000000011d29      0x1a5 /tmp/Ip6Dxe.dll.4R7fL6.ltrans1.ltrans.o
 .text.Ip6FormExtractConfig
                0x0000000000011ece      0x4db /tmp/Ip6Dxe.dll.4R7fL6.ltrans1.ltrans.o
 .text.EfiAcquireLockOrFail
                0x00000000000123a9       0x5a /tmp/Ip6Dxe.dll.4R7fL6.ltrans1.ltrans.o
                0x00000000000123a9                EfiAcquireLockOrFail
 .text.EfiReleaseLock
                0x0000000000012403       0x47 /tmp/Ip6Dxe.dll.4R7fL6.ltrans1.ltrans.o
                0x0000000000012403                EfiReleaseLock
 .text.LookupUnicodeString2
                0x000000000001244a       0xe2 /tmp/Ip6Dxe.dll.4R7fL6.ltrans1.ltrans.o
                0x000000000001244a                LookupUnicodeString2
 .text.NetIp6IsValidUnicast
                0x000000000001252c       0x52 /tmp/Ip6Dxe.dll.4R7fL6.ltrans1.ltrans.o
                0x000000000001252c                NetIp6IsValidUnicast
 .text.Ip6ParseAddressListFromString
                0x000000000001257e      0x4dd /tmp/Ip6Dxe.dll.4R7fL6.ltrans1.ltrans.o
 .text.Ip6FormCallback
                0x0000000000012a5b      0x8c5 /tmp/Ip6Dxe.dll.4R7fL6.ltrans1.ltrans.o
 .text.NetIp6IsUnspecifiedAddr
                0x0000000000013320       0x46 /tmp/Ip6Dxe.dll.4R7fL6.ltrans1.ltrans.o
                0x0000000000013320                NetIp6IsUnspecifiedAddr
 .text.NetIp6IsLinkLocalAddr
                0x0000000000013366       0x56 /tmp/Ip6Dxe.dll.4R7fL6.ltrans1.ltrans.o
                0x0000000000013366                NetIp6IsLinkLocalAddr
 .text.Ip6SelectSourceAddress
                0x00000000000133bc      0x310 /tmp/Ip6Dxe.dll.4R7fL6.ltrans1.ltrans.o
                0x00000000000133bc                Ip6SelectSourceAddress
 .text.NetIp6IsNetEqual
                0x00000000000136cc       0xb5 /tmp/Ip6Dxe.dll.4R7fL6.ltrans1.ltrans.o
                0x00000000000136cc                NetIp6IsNetEqual
 .text.Ip6DelRoute
                0x0000000000013781      0x182 /tmp/Ip6Dxe.dll.4R7fL6.ltrans1.ltrans.o
                0x0000000000013781                Ip6DelRoute
 .text.NetRandomInitSeed
                0x0000000000013903       0x69 /tmp/Ip6Dxe.dll.4R7fL6.ltrans1.ltrans.o
                0x0000000000013903                NetRandomInitSeed
 .text.Ip6SetAddress
                0x000000000001396c      0x2a5 /tmp/Ip6Dxe.dll.4R7fL6.ltrans1.ltrans.o
                0x000000000001396c                Ip6SetAddress
 .text.NetListInsertBefore
                0x0000000000013c11       0x4b /tmp/Ip6Dxe.dll.4R7fL6.ltrans1.ltrans.o
                0x0000000000013c11                NetListInsertBefore
 .text.NetMapInit
                0x0000000000013c5c       0x28 /tmp/Ip6Dxe.dll.4R7fL6.ltrans1.ltrans.o
                0x0000000000013c5c                NetMapInit
 .text.NetMapClean
                0x0000000000013c84       0xef /tmp/Ip6Dxe.dll.4R7fL6.ltrans1.ltrans.o
                0x0000000000013c84                NetMapClean
 .text.NetMapIsEmpty
                0x0000000000013d73       0x37 /tmp/Ip6Dxe.dll.4R7fL6.ltrans1.ltrans.o
                0x0000000000013d73                NetMapIsEmpty
 .text.NetMapGetCount
                0x0000000000013daa       0x33 /tmp/Ip6Dxe.dll.4R7fL6.ltrans1.ltrans.o
                0x0000000000013daa                NetMapGetCount
 .text.NetMapInsertTail
                0x0000000000013ddd       0xd6 /tmp/Ip6Dxe.dll.4R7fL6.ltrans1.ltrans.o
                0x0000000000013ddd                NetMapInsertTail
 .text.NetMapFindKey
                0x0000000000013eb3       0x4e /tmp/Ip6Dxe.dll.4R7fL6.ltrans1.ltrans.o
                0x0000000000013eb3                NetMapFindKey
 .text.NetMapIterate
                0x0000000000013f01       0x6b /tmp/Ip6Dxe.dll.4R7fL6.ltrans1.ltrans.o
                0x0000000000013f01                NetMapIterate
 .text.NetLibCreateServiceChild
                0x0000000000013f6c       0x7e /tmp/Ip6Dxe.dll.4R7fL6.ltrans1.ltrans.o
                0x0000000000013f6c                NetLibCreateServiceChild
 .text.NetLibDestroyServiceChild
                0x0000000000013fea       0x4f /tmp/Ip6Dxe.dll.4R7fL6.ltrans1.ltrans.o
                0x0000000000013fea                NetLibDestroyServiceChild
 .text.NetLibGetVlanId
                0x0000000000014039       0x4d /tmp/Ip6Dxe.dll.4R7fL6.ltrans1.ltrans.o
                0x0000000000014039                NetLibGetVlanId
 .text.NetLibGetMacString
                0x0000000000014086      0x113 /tmp/Ip6Dxe.dll.4R7fL6.ltrans1.ltrans.o
                0x0000000000014086                NetLibGetMacString
 .text.Ip6ConfigFormInit
                0x0000000000014199      0x679 /tmp/Ip6Dxe.dll.4R7fL6.ltrans1.ltrans.o
                0x0000000000014199                Ip6ConfigFormInit
 .text.NetLibGetNicHandle
                0x0000000000014812       0x6d /tmp/Ip6Dxe.dll.4R7fL6.ltrans1.ltrans.o
                0x0000000000014812                NetLibGetNicHandle
 .text.NetbufAlloc
                0x000000000001487f      0x13b /tmp/Ip6Dxe.dll.4R7fL6.ltrans1.ltrans.o
                0x000000000001487f                NetbufAlloc
 .text.NetbufFree
                0x00000000000149ba      0x17e /tmp/Ip6Dxe.dll.4R7fL6.ltrans1.ltrans.o
                0x00000000000149ba                NetbufFree
 .text.Ip6TimerTicking
                0x0000000000014b38      0x36f /tmp/Ip6Dxe.dll.4R7fL6.ltrans1.ltrans.o
                0x0000000000014b38                Ip6TimerTicking
 .text.Ip6SysPacketSent
                0x0000000000014ea7       0x15 /tmp/Ip6Dxe.dll.4R7fL6.ltrans1.ltrans.o
                0x0000000000014ea7                Ip6SysPacketSent
 .text.NetbufGetByte
                0x0000000000014ebc       0x89 /tmp/Ip6Dxe.dll.4R7fL6.ltrans1.ltrans.o
                0x0000000000014ebc                NetbufGetByte
 .text.NetbufGetFragment
                0x0000000000014f45      0x34d /tmp/Ip6Dxe.dll.4R7fL6.ltrans1.ltrans.o
                0x0000000000014f45                NetbufGetFragment
 .text.NetbufBuildExt
                0x0000000000015292       0x74 /tmp/Ip6Dxe.dll.4R7fL6.ltrans1.ltrans.o
                0x0000000000015292                NetbufBuildExt
 .text.Ip6SendFrame
                0x0000000000015306      0x38b /tmp/Ip6Dxe.dll.4R7fL6.ltrans1.ltrans.o
 .text.NetbufReserve
                0x0000000000015691       0xea /tmp/Ip6Dxe.dll.4R7fL6.ltrans1.ltrans.o
                0x0000000000015691                NetbufReserve
 .text.NetbufAllocSpace
                0x000000000001577b      0x1a1 /tmp/Ip6Dxe.dll.4R7fL6.ltrans1.ltrans.o
                0x000000000001577b                NetbufAllocSpace
 .text.NetbufTrim
                0x000000000001591c      0x16b /tmp/Ip6Dxe.dll.4R7fL6.ltrans1.ltrans.o
                0x000000000001591c                NetbufTrim
 .text.NetbufCopy
                0x0000000000015a87      0x15b /tmp/Ip6Dxe.dll.4R7fL6.ltrans1.ltrans.o
                0x0000000000015a87                NetbufCopy
 .text.NetblockChecksum
                0x0000000000015be2       0x40 /tmp/Ip6Dxe.dll.4R7fL6.ltrans1.ltrans.o
                0x0000000000015be2                NetblockChecksum
 .text.NetAddChecksum
                0x0000000000015c22       0x19 /tmp/Ip6Dxe.dll.4R7fL6.ltrans1.ltrans.o
                0x0000000000015c22                NetAddChecksum
 .text.NetbufChecksum
                0x0000000000015c3b       0x90 /tmp/Ip6Dxe.dll.4R7fL6.ltrans1.ltrans.o
                0x0000000000015c3b                NetbufChecksum
 .text.NetIp6PseudoHeadChecksum
                0x0000000000015ccb       0x7e /tmp/Ip6Dxe.dll.4R7fL6.ltrans1.ltrans.o
                0x0000000000015ccb                NetIp6PseudoHeadChecksum
 .text.Ip6Output
                0x0000000000015d49      0xcbc /tmp/Ip6Dxe.dll.4R7fL6.ltrans1.ltrans.o
                0x0000000000015d49                Ip6Output
 .text.DispatchDpc
                0x0000000000016a05        0xe /tmp/Ip6Dxe.dll.4R7fL6.ltrans1.ltrans.o
                0x0000000000016a05                DispatchDpc
 .text.NetLibIp6ToStr.part.0.constprop.0
                0x0000000000016a13      0x187 /tmp/Ip6Dxe.dll.4R7fL6.ltrans1.ltrans.o
                0x0000000000016a13                NetLibIp6ToStr.part.0.constprop.0
 .text.AddUnicodeString2.part.0.constprop.0
                0x0000000000016b9a      0x1a8 /tmp/Ip6Dxe.dll.4R7fL6.ltrans1.ltrans.o
                0x0000000000016b9a                AddUnicodeString2.part.0.constprop.0
 .text.Ip6ReceiveFrame.constprop.0
                0x0000000000016d42       0x64 /tmp/Ip6Dxe.dll.4R7fL6.ltrans1.ltrans.o
                0x0000000000016d42                Ip6ReceiveFrame.constprop.0
 .text.EfiCreateProtocolNotifyEvent.constprop.0
                0x0000000000016da6      0x10b /tmp/Ip6Dxe.dll.4R7fL6.ltrans1.ltrans.o
                0x0000000000016da6                EfiCreateProtocolNotifyEvent.constprop.0
 .text._ModuleEntryPoint
                0x0000000000016eb1      0x3b4 /tmp/Ip6Dxe.dll.4R7fL6.ltrans1.ltrans.o
                0x0000000000016eb1                _ModuleEntryPoint
 .text.NetbufDuplicate.constprop.0
                0x0000000000017265       0xa6 /tmp/Ip6Dxe.dll.4R7fL6.ltrans1.ltrans.o
                0x0000000000017265                NetbufDuplicate.constprop.0
 .text.NetMapRemoveHead.constprop.0
                0x000000000001730b       0x5b /tmp/Ip6Dxe.dll.4R7fL6.ltrans1.ltrans.o
                0x000000000001730b                NetMapRemoveHead.constprop.0
 .text.NetbufFromExt.constprop.0
                0x0000000000017366      0x1d1 /tmp/Ip6Dxe.dll.4R7fL6.ltrans1.ltrans.o
                0x0000000000017366                NetbufFromExt.constprop.0
 .text.Ip6OnFrameReceivedDpc
                0x0000000000017537      0x1b1 /tmp/Ip6Dxe.dll.4R7fL6.ltrans1.ltrans.o
 .text.NetDestroyLinkList.part.0.constprop.0
                0x00000000000176e8       0xc5 /tmp/Ip6Dxe.dll.4R7fL6.ltrans1.ltrans.o
                0x00000000000176e8                NetDestroyLinkList.part.0.constprop.0
 .text.Ip6CreateNeighborEntry.constprop.0
                0x00000000000177ad      0x14c /tmp/Ip6Dxe.dll.4R7fL6.ltrans2.ltrans.o
                0x00000000000177ad                Ip6CreateNeighborEntry.constprop.0
 .text.Ip6FindRouteEntry.constprop.0
                0x00000000000178f9       0x64 /tmp/Ip6Dxe.dll.4R7fL6.ltrans2.ltrans.o
                0x00000000000178f9                Ip6FindRouteEntry.constprop.0
 .text.NetMapRemoveItem.constprop.0
                0x000000000001795d       0x97 /tmp/Ip6Dxe.dll.4R7fL6.ltrans2.ltrans.o
                0x000000000001795d                NetMapRemoveItem.constprop.0
 .text.InternalAllocatePool.constprop.0
                0x00000000000179f4       0x3b /tmp/Ip6Dxe.dll.4R7fL6.ltrans2.ltrans.o
                0x00000000000179f4                InternalAllocatePool.constprop.0
 .text.BasePrintLibSPrintMarker.constprop.0
                0x0000000000017a2f      0xd3a /tmp/Ip6Dxe.dll.4R7fL6.ltrans2.ltrans.o
                0x0000000000017a2f                BasePrintLibSPrintMarker.constprop.0
 .text.UnicodeVSPrintAsciiFormat.constprop.0
                0x0000000000018769       0xa9 /tmp/Ip6Dxe.dll.4R7fL6.ltrans2.ltrans.o
 .text.DebugPrintMarker.constprop.0
                0x0000000000018812       0x69 /tmp/Ip6Dxe.dll.4R7fL6.ltrans2.ltrans.o
                0x0000000000018812                DebugPrintMarker.constprop.0
 .text.UnicodeSPrintAsciiFormat.constprop.0
                0x000000000001887b       0x2d /tmp/Ip6Dxe.dll.4R7fL6.ltrans2.ltrans.o
                0x000000000001887b                UnicodeSPrintAsciiFormat.constprop.0
 .text.BasePrintLibSPrint.constprop.0
                0x00000000000188a8       0xb8 /tmp/Ip6Dxe.dll.4R7fL6.ltrans2.ltrans.o
 .text.Ip6SetToAllNodeMulticast.constprop.0.isra.0
                0x0000000000018960       0x2e /tmp/Ip6Dxe.dll.4R7fL6.ltrans2.ltrans.o
                0x0000000000018960                Ip6SetToAllNodeMulticast.constprop.0.isra.0
 .text.Ip6SendIcmpError.constprop.0.isra.0
                0x000000000001898e      0x214 /tmp/Ip6Dxe.dll.4R7fL6.ltrans2.ltrans.o
                0x000000000001898e                Ip6SendIcmpError.constprop.0.isra.0
 .text.Ip6Demultiplex.isra.0
                0x0000000000018ba2      0x3f5 /tmp/Ip6Dxe.dll.4R7fL6.ltrans2.ltrans.o
                0x0000000000018ba2                Ip6Demultiplex.isra.0
 *(.rodata .rodata.* .gnu.linkonce.r.*)
 .rodata.EfiIp6Poll.str1.1
                0x0000000000018f97       0x4d /tmp/Ip6Dxe.dll.4R7fL6.ltrans0.ltrans.o
 .rodata.Ip6DestroyChildEntryInHandleBuffer.str1.1
                0x0000000000018fe4       0x3a /tmp/Ip6Dxe.dll.4R7fL6.ltrans0.ltrans.o
 .rodata.Ip6ConfigSetStatefulAddrCallback.str1.1
                0x000000000001901e       0xb1 /tmp/Ip6Dxe.dll.4R7fL6.ltrans0.ltrans.o
 .rodata.Ip6IsNDOptionValid.str1.1
                0x00000000000190cf       0x3a /tmp/Ip6Dxe.dll.4R7fL6.ltrans0.ltrans.o
                                         0x51 (size before relaxing)
 .rodata.Ip6BuildEfiAddressList.str1.1
                0x0000000000019109       0x51 /tmp/Ip6Dxe.dll.4R7fL6.ltrans0.ltrans.o
 .rodata.EfiIp6GetModeData.str1.1
                0x000000000001915a       0xdb /tmp/Ip6Dxe.dll.4R7fL6.ltrans0.ltrans.o
 .rodata.Ip6FindMldEntry.str1.1
                0x0000000000019235       0xe8 /tmp/Ip6Dxe.dll.4R7fL6.ltrans0.ltrans.o
 .rodata.Ip6ConfigParseDhcpReply.str1.1
                0x000000000001931d       0x1f /tmp/Ip6Dxe.dll.4R7fL6.ltrans0.ltrans.o
 .rodata.EfiIp6Transmit.str1.1
                0x000000000001933c       0x33 /tmp/Ip6Dxe.dll.4R7fL6.ltrans0.ltrans.o
 .rodata.Ip6CancelTxTokens.str1.1
                0x000000000001936f       0x15 /tmp/Ip6Dxe.dll.4R7fL6.ltrans0.ltrans.o
 .rodata.Ip6SentPacketTicking.str1.1
                0x0000000000019384       0x39 /tmp/Ip6Dxe.dll.4R7fL6.ltrans0.ltrans.o
 .rodata.Ip6ConfigDestroyDhcp6.str1.1
                0x00000000000193bd       0x16 /tmp/Ip6Dxe.dll.4R7fL6.ltrans0.ltrans.o
 *fill*         0x00000000000193d3        0x1 
 .rodata.UpdateName.str2.2
                0x00000000000193d4       0x96 /tmp/Ip6Dxe.dll.4R7fL6.ltrans0.ltrans.o
 .rodata.UpdateName.str1.1
                0x000000000001946a        0x4 /tmp/Ip6Dxe.dll.4R7fL6.ltrans0.ltrans.o
                                          0x7 (size before relaxing)
 .rodata.Ip6TrimPacket.str1.1
                0x000000000001946e       0x53 /tmp/Ip6Dxe.dll.4R7fL6.ltrans0.ltrans.o
 .rodata.Ip6OnRecyclePacket.str1.1
                0x00000000000194c1       0x48 /tmp/Ip6Dxe.dll.4R7fL6.ltrans0.ltrans.o
 .rodata.Ip6WrapRxData.str1.1
                0x0000000000019509       0x1f /tmp/Ip6Dxe.dll.4R7fL6.ltrans0.ltrans.o
 .rodata.Ip6LeaveGroup.str1.1
                0x0000000000019528       0x30 /tmp/Ip6Dxe.dll.4R7fL6.ltrans0.ltrans.o
 .rodata.Ip6ManualAddrDadCallback.str1.1
                0x0000000000019558       0x9a /tmp/Ip6Dxe.dll.4R7fL6.ltrans0.ltrans.o
 .rodata.Ip6ConfigStartStatefulAutoConfig.part.0.str1.1
                0x00000000000195f2       0x35 /tmp/Ip6Dxe.dll.4R7fL6.ltrans0.ltrans.o
 .rodata.Ip6FindPrefixListEntry.str1.1
                0x0000000000019627       0x17 /tmp/Ip6Dxe.dll.4R7fL6.ltrans0.ltrans.o
 .rodata.Ip6OnDADFinished.str1.1
                0x000000000001963e       0x13 /tmp/Ip6Dxe.dll.4R7fL6.ltrans0.ltrans.o
 .rodata.Ip6FindNeighborEntry.str1.1
                0x0000000000019651       0x1b /tmp/Ip6Dxe.dll.4R7fL6.ltrans0.ltrans.o
 .rodata.Ip6InstanceDeliverPacket.str1.1
                0x000000000001966c       0x1b /tmp/Ip6Dxe.dll.4R7fL6.ltrans0.ltrans.o
                                         0x15 (size before relaxing)
 .rodata.Ip6IpSecProcessPacket.part.0.str1.1
                0x000000000001966c      0x16c /tmp/Ip6Dxe.dll.4R7fL6.ltrans0.ltrans.o
 .rodata.Ip6CreateSNMulticastAddr.str1.1
                0x00000000000197d8       0x39 /tmp/Ip6Dxe.dll.4R7fL6.ltrans0.ltrans.o
 .rodata.Ip6SendNeighborSolicit.str1.1
                0x0000000000019811       0x69 /tmp/Ip6Dxe.dll.4R7fL6.ltrans0.ltrans.o
 .rodata.Ip6ConfigSetManualAddress.str1.1
                0x000000000001987a       0x8c /tmp/Ip6Dxe.dll.4R7fL6.ltrans0.ltrans.o
 .rodata.Ip6ConfigOnDhcp6Event.str1.1
                0x0000000000019906       0x8c /tmp/Ip6Dxe.dll.4R7fL6.ltrans0.ltrans.o
                                         0x19 (size before relaxing)
 .rodata.Ip6PreProcessPacket.str1.1
                0x0000000000019906       0x49 /tmp/Ip6Dxe.dll.4R7fL6.ltrans0.ltrans.o
 .rodata.Ip6NdFasterTimerTicking.str1.1
                0x000000000001994f       0x87 /tmp/Ip6Dxe.dll.4R7fL6.ltrans0.ltrans.o
 .rodata.Ip6Groups.str1.1
                0x00000000000199d6       0x9f /tmp/Ip6Dxe.dll.4R7fL6.ltrans0.ltrans.o
 .rodata.Ip6ServiceBindingDestroyChild.str1.1
                0x0000000000019a75       0x16 /tmp/Ip6Dxe.dll.4R7fL6.ltrans0.ltrans.o
 .rodata.Ip6FreeRouteEntry.str1.1
                0x0000000000019a8b       0x6c /tmp/Ip6Dxe.dll.4R7fL6.ltrans0.ltrans.o
 .rodata.Ip6AcceptFrame.str1.1
                0x0000000000019af7      0x1d0 /tmp/Ip6Dxe.dll.4R7fL6.ltrans0.ltrans.o
                                        0x1dc (size before relaxing)
 *fill*         0x0000000000019cc7        0x1 
 .rodata.Ip6AcceptFrame
                0x0000000000019cc8       0x40 /tmp/Ip6Dxe.dll.4R7fL6.ltrans0.ltrans.o
 .rodata.Ip6FreeRouteCacheEntry.str1.1
                0x0000000000019d08       0x19 /tmp/Ip6Dxe.dll.4R7fL6.ltrans0.ltrans.o
 .rodata.Ip6CleanService.str1.1
                0x0000000000019d21       0x14 /tmp/Ip6Dxe.dll.4R7fL6.ltrans0.ltrans.o
 *fill*         0x0000000000019d35        0x1 
 .rodata.Ip6DriverBindingStart.str2.2
                0x0000000000019d36        0xc /tmp/Ip6Dxe.dll.4R7fL6.ltrans0.ltrans.o
 .rodata.Ip6DriverBindingStart.str1.1
                0x0000000000019d42       0xbe /tmp/Ip6Dxe.dll.4R7fL6.ltrans0.ltrans.o
 .rodata.str1.1
                0x0000000000019e00        0x7 /tmp/Ip6Dxe.dll.4R7fL6.ltrans0.ltrans.o
 *fill*         0x0000000000019e07        0x1 
 .rodata.str2.2
                0x0000000000019e08       0x36 /tmp/Ip6Dxe.dll.4R7fL6.ltrans0.ltrans.o
 .rodata.DebugAssert.part.0.str1.1
                0x0000000000019e3e       0x1f /tmp/Ip6Dxe.dll.4R7fL6.ltrans1.ltrans.o
 .rodata.ZeroMem.str1.1
                0x0000000000019e5d       0x80 /tmp/Ip6Dxe.dll.4R7fL6.ltrans1.ltrans.o
                                         0x97 (size before relaxing)
 .rodata.CompareMem.str1.1
                0x0000000000019edd      0x10d /tmp/Ip6Dxe.dll.4R7fL6.ltrans1.ltrans.o
 .rodata.SetMem16.str1.1
                0x0000000000019fea       0xb1 /tmp/Ip6Dxe.dll.4R7fL6.ltrans1.ltrans.o
 .rodata.CopyMem.str1.1
                0x000000000001a09b       0x4a /tmp/Ip6Dxe.dll.4R7fL6.ltrans1.ltrans.o
 .rodata.Ip6IsAnycast.str1.1
                0x000000000001a0e5       0x31 /tmp/Ip6Dxe.dll.4R7fL6.ltrans1.ltrans.o
                                         0x69 (size before relaxing)
 .rodata.InternalBaseLibIsListValid.str1.1
                0x000000000001a116       0x81 /tmp/Ip6Dxe.dll.4R7fL6.ltrans1.ltrans.o
                                         0x96 (size before relaxing)
 .rodata.InitializeListHead.str1.1
                0x000000000001a197       0x19 /tmp/Ip6Dxe.dll.4R7fL6.ltrans1.ltrans.o
 .rodata.InsertHeadList.str1.1
                0x000000000001a1b0       0x26 /tmp/Ip6Dxe.dll.4R7fL6.ltrans1.ltrans.o
 .rodata.GetFirstNode.str1.1
                0x000000000001a1d6       0x22 /tmp/Ip6Dxe.dll.4R7fL6.ltrans1.ltrans.o
 .rodata.RemoveEntryList.str1.1
                0x000000000001a1f8       0x15 /tmp/Ip6Dxe.dll.4R7fL6.ltrans1.ltrans.o
 .rodata.StrnLenS.str1.1
                0x000000000001a20d       0x63 /tmp/Ip6Dxe.dll.4R7fL6.ltrans1.ltrans.o
 .rodata.StrLen.str1.1
                0x000000000001a270       0x76 /tmp/Ip6Dxe.dll.4R7fL6.ltrans1.ltrans.o
                                         0x8d (size before relaxing)
 .rodata.StrStr.str1.1
                0x000000000001a2e6       0x32 /tmp/Ip6Dxe.dll.4R7fL6.ltrans1.ltrans.o
 .rodata.AsciiStrLen.str1.1
                0x000000000001a318       0x38 /tmp/Ip6Dxe.dll.4R7fL6.ltrans1.ltrans.o
 .rodata.AsciiStrnCmp.part.0.str1.1
                0x000000000001a350       0x70 /tmp/Ip6Dxe.dll.4R7fL6.ltrans1.ltrans.o
 .rodata.ReadUnaligned24.str1.1
                0x000000000001a3c0       0x3f /tmp/Ip6Dxe.dll.4R7fL6.ltrans1.ltrans.o
 .rodata.UnicodeSPrint.str1.1
                0x000000000001a3ff       0x6b /tmp/Ip6Dxe.dll.4R7fL6.ltrans1.ltrans.o
 .rodata.Ip6ToStr.str1.1
                0x000000000001a46a       0x47 /tmp/Ip6Dxe.dll.4R7fL6.ltrans1.ltrans.o
 *fill*         0x000000000001a4b1        0x1 
 .rodata.Ip6ToStr.str2.2
                0x000000000001a4b2       0x1a /tmp/Ip6Dxe.dll.4R7fL6.ltrans1.ltrans.o
                                         0x22 (size before relaxing)
 .rodata.DevicePathType.str1.1
                0x000000000001a4cc       0x68 /tmp/Ip6Dxe.dll.4R7fL6.ltrans1.ltrans.o
 .rodata.InternalHiiCompareSubString.str1.1
                0x000000000001a534       0xf0 /tmp/Ip6Dxe.dll.4R7fL6.ltrans1.ltrans.o
 .rodata.NetbufSetBlock.str1.1
                0x000000000001a624       0x19 /tmp/Ip6Dxe.dll.4R7fL6.ltrans1.ltrans.o
                                        0x144 (size before relaxing)
 .rodata.NetblockTrim.str1.1
                0x000000000001a63d       0x34 /tmp/Ip6Dxe.dll.4R7fL6.ltrans1.ltrans.o
 .rodata.UnicodeValueToStringS.constprop.0.str1.1
                0x000000000001a671      0x106 /tmp/Ip6Dxe.dll.4R7fL6.ltrans1.ltrans.o
 .rodata.Ip6CancelFrames.str1.1
                0x000000000001a777       0x3a /tmp/Ip6Dxe.dll.4R7fL6.ltrans1.ltrans.o
                                         0xda (size before relaxing)
 .rodata.StrCpyS.str1.1
                0x000000000001a7b1      0x111 /tmp/Ip6Dxe.dll.4R7fL6.ltrans1.ltrans.o
 .rodata.StrCatS.str1.1
                0x000000000001a8c2       0x25 /tmp/Ip6Dxe.dll.4R7fL6.ltrans1.ltrans.o
 .rodata.StrHexToUintnS.str1.1
                0x000000000001a8e7       0x41 /tmp/Ip6Dxe.dll.4R7fL6.ltrans1.ltrans.o
 .rodata.Ip6BuildEfiRouteTable.str1.1
                0x000000000001a928       0x3c /tmp/Ip6Dxe.dll.4R7fL6.ltrans1.ltrans.o
                                         0xaf (size before relaxing)
 .rodata.Ip6BuildNvAddressInfo.str1.1
                0x000000000001a964       0x73 /tmp/Ip6Dxe.dll.4R7fL6.ltrans1.ltrans.o
 .rodata.HiiConstructConfigHdr.constprop.0.str2.2
                0x000000000001a964       0x28 /tmp/Ip6Dxe.dll.4R7fL6.ltrans1.ltrans.o
 .rodata.GetBestLanguage.constprop.0.str1.1
                0x000000000001a98c       0x60 /tmp/Ip6Dxe.dll.4R7fL6.ltrans1.ltrans.o
 .rodata.AllocateCopyPool.str1.1
                0x000000000001a9ec       0x98 /tmp/Ip6Dxe.dll.4R7fL6.ltrans1.ltrans.o
 .rodata.Ip6CleanInterface.str1.1
                0x000000000001aa84       0xf8 /tmp/Ip6Dxe.dll.4R7fL6.ltrans1.ltrans.o
                                        0x12e (size before relaxing)
 .rodata.Ip6FreeLinkTxToken.str1.1
                0x000000000001ab7c       0x6d /tmp/Ip6Dxe.dll.4R7fL6.ltrans1.ltrans.o
 .rodata.Ip6ConfigFormUnload.str1.1
                0x000000000001abe9       0x15 /tmp/Ip6Dxe.dll.4R7fL6.ltrans1.ltrans.o
 .rodata.HiiFreeOpCodeHandle.str1.1
                0x000000000001abe9       0x6d /tmp/Ip6Dxe.dll.4R7fL6.ltrans1.ltrans.o
                                         0x1d (size before relaxing)
 .rodata.HiiGetSupportedLanguages.str1.1
                0x000000000001abe9       0x64 /tmp/Ip6Dxe.dll.4R7fL6.ltrans1.ltrans.o
 .rodata.NetbufAllocStruct.str1.1
                0x000000000001ac4d       0x10 /tmp/Ip6Dxe.dll.4R7fL6.ltrans1.ltrans.o
 .rodata.NetbufFreeVector.str1.1
                0x000000000001ac5d       0x86 /tmp/Ip6Dxe.dll.4R7fL6.ltrans1.ltrans.o
                                         0x99 (size before relaxing)
 .rodata.CreatePopUp.constprop.0.str1.1
                0x000000000001ace3       0xc7 /tmp/Ip6Dxe.dll.4R7fL6.ltrans1.ltrans.o
 .rodata.CreatePopUp.constprop.0.str2.2
                0x000000000001adaa        0x8 /tmp/Ip6Dxe.dll.4R7fL6.ltrans1.ltrans.o
 .rodata.HiiIsConfigHdrMatch.constprop.0.str1.1
                0x000000000001adb2       0x1a /tmp/Ip6Dxe.dll.4R7fL6.ltrans1.ltrans.o
 .rodata.HiiSetString.constprop.0.str1.1
                0x000000000001adcc       0x4f /tmp/Ip6Dxe.dll.4R7fL6.ltrans1.ltrans.o
 *fill*         0x000000000001ae1b        0x1 
 .rodata.Ip6ConvertAddressListToString.str2.2
                0x000000000001ae1c        0xc /tmp/Ip6Dxe.dll.4R7fL6.ltrans1.ltrans.o
                                         0x12 (size before relaxing)
 .rodata.Ip6ConvertAddressListToString.str1.1
                0x000000000001ae28       0x22 /tmp/Ip6Dxe.dll.4R7fL6.ltrans1.ltrans.o
 .rodata.Ip6ConvertInterfaceInfoToString.part.0.str2.2
                0x000000000001ae4a       0x36 /tmp/Ip6Dxe.dll.4R7fL6.ltrans1.ltrans.o
                                         0x50 (size before relaxing)
 .rodata.Ip6ConvertInterfaceInfoToString.part.0.str1.1
                0x000000000001ae80       0x30 /tmp/Ip6Dxe.dll.4R7fL6.ltrans1.ltrans.o
 .rodata.Ip6FormExtractConfig.str1.1
                0x000000000001aeb0       0x30 /tmp/Ip6Dxe.dll.4R7fL6.ltrans1.ltrans.o
 .rodata.Ip6FormExtractConfig.str2.2
                0x000000000001aee0       0x40 /tmp/Ip6Dxe.dll.4R7fL6.ltrans1.ltrans.o
 .rodata.EfiAcquireLockOrFail.str1.1
                0x000000000001af20       0x23 /tmp/Ip6Dxe.dll.4R7fL6.ltrans1.ltrans.o
 .rodata.EfiReleaseLock.str1.1
                0x000000000001af43       0x1e /tmp/Ip6Dxe.dll.4R7fL6.ltrans1.ltrans.o
 .rodata.NetIp6IsValidUnicast.str1.1
                0x000000000001af61       0x45 /tmp/Ip6Dxe.dll.4R7fL6.ltrans1.ltrans.o
                                         0x59 (size before relaxing)
 .rodata.Ip6ParseAddressListFromString.str1.1
                0x000000000001afa6       0x4a /tmp/Ip6Dxe.dll.4R7fL6.ltrans1.ltrans.o
 .rodata.Ip6FormCallback.str2.2
                0x000000000001aff0       0xcc /tmp/Ip6Dxe.dll.4R7fL6.ltrans1.ltrans.o
 .rodata.Ip6FormCallback
                0x000000000001b0bc       0x1c /tmp/Ip6Dxe.dll.4R7fL6.ltrans1.ltrans.o
 .rodata.NetIp6IsNetEqual.str1.1
                0x000000000001b0d8       0x47 /tmp/Ip6Dxe.dll.4R7fL6.ltrans1.ltrans.o
 .rodata.Ip6DelRoute.str1.1
                0x000000000001b11f       0x16 /tmp/Ip6Dxe.dll.4R7fL6.ltrans1.ltrans.o
 .rodata.Ip6SetAddress.str1.1
                0x000000000001b135       0x1c /tmp/Ip6Dxe.dll.4R7fL6.ltrans1.ltrans.o
 .rodata.NetListInsertBefore.str1.1
                0x000000000001b135       0x36 /tmp/Ip6Dxe.dll.4R7fL6.ltrans1.ltrans.o
 .rodata.NetMapClean.str1.1
                0x000000000001b16b       0x5f /tmp/Ip6Dxe.dll.4R7fL6.ltrans1.ltrans.o
 .rodata.NetMapInsertTail.str1.1
                0x000000000001b1ca       0x2b /tmp/Ip6Dxe.dll.4R7fL6.ltrans1.ltrans.o
 .rodata.NetMapIterate.str1.1
                0x000000000001b1f5       0x34 /tmp/Ip6Dxe.dll.4R7fL6.ltrans1.ltrans.o
 .rodata.NetLibCreateServiceChild.str1.1
                0x000000000001b229       0x46 /tmp/Ip6Dxe.dll.4R7fL6.ltrans1.ltrans.o
 .rodata.Ip6ConfigFormInit.str1.1
                0x000000000001b26f       0x17 /tmp/Ip6Dxe.dll.4R7fL6.ltrans1.ltrans.o
                                         0x18 (size before relaxing)
 .rodata.Ip6ConfigFormInit.str2.2
                0x000000000001b286       0x40 /tmp/Ip6Dxe.dll.4R7fL6.ltrans1.ltrans.o
 .rodata.NetbufAlloc.str1.1
                0x000000000001b2c6        0x8 /tmp/Ip6Dxe.dll.4R7fL6.ltrans1.ltrans.o
 .rodata.NetbufFree.str1.1
                0x000000000001b2ce       0x15 /tmp/Ip6Dxe.dll.4R7fL6.ltrans1.ltrans.o
                                         0x26 (size before relaxing)
 .rodata.Ip6TimerTicking.str1.1
                0x000000000001b2e3       0x2c /tmp/Ip6Dxe.dll.4R7fL6.ltrans1.ltrans.o
                                         0x62 (size before relaxing)
 .rodata.NetbufGetFragment.str1.1
                0x000000000001b30f        0xe /tmp/Ip6Dxe.dll.4R7fL6.ltrans1.ltrans.o
 .rodata.Ip6SendFrame.str1.1
                0x000000000001b31d       0x34 /tmp/Ip6Dxe.dll.4R7fL6.ltrans1.ltrans.o
 .rodata.NetbufReserve.str1.1
                0x000000000001b351       0xa9 /tmp/Ip6Dxe.dll.4R7fL6.ltrans1.ltrans.o
 .rodata.NetbufCopy.str1.1
                0x000000000001b3fa        0x5 /tmp/Ip6Dxe.dll.4R7fL6.ltrans1.ltrans.o
 .rodata.Ip6Output.str1.1
                0x000000000001b3ff       0x76 /tmp/Ip6Dxe.dll.4R7fL6.ltrans1.ltrans.o
                                         0xa9 (size before relaxing)
 *fill*         0x000000000001b475        0x1 
 .rodata.NetLibIp6ToStr.part.0.constprop.0.str2.2
                0x000000000001b476        0x6 /tmp/Ip6Dxe.dll.4R7fL6.ltrans1.ltrans.o
 .rodata.EfiCreateProtocolNotifyEvent.constprop.0.str1.1
                0x000000000001b47c       0x1d /tmp/Ip6Dxe.dll.4R7fL6.ltrans1.ltrans.o
 .rodata._ModuleEntryPoint.str1.1
                0x000000000001b499      0x2a1 /tmp/Ip6Dxe.dll.4R7fL6.ltrans1.ltrans.o
 .rodata.NetMapRemoveHead.constprop.0.str1.1
                0x000000000001b73a       0x21 /tmp/Ip6Dxe.dll.4R7fL6.ltrans1.ltrans.o
 .rodata.NetbufFromExt.constprop.0.str1.1
                0x000000000001b75b       0x4b /tmp/Ip6Dxe.dll.4R7fL6.ltrans1.ltrans.o
 .rodata.Ip6OnFrameReceivedDpc.str1.1
                0x000000000001b7a6       0x6d /tmp/Ip6Dxe.dll.4R7fL6.ltrans1.ltrans.o
 .rodata.mEndOfPakageList
                0x000000000001b813        0x4 /tmp/Ip6Dxe.dll.4R7fL6.ltrans1.ltrans.o
 *fill*         0x000000000001b817        0x1 
 .rodata.__FUNCTION__.26
                0x000000000001b818        0x9 /tmp/Ip6Dxe.dll.4R7fL6.ltrans1.ltrans.o
 *fill*         0x000000000001b821        0xf 
 .rodata.mHexStr
                0x000000000001b830       0x10 /tmp/Ip6Dxe.dll.4R7fL6.ltrans1.ltrans.o
 .rodata.__FUNCTION__.21
                0x000000000001b840        0xf /tmp/Ip6Dxe.dll.4R7fL6.ltrans1.ltrans.o
 *fill*         0x000000000001b84f        0x1 
 .rodata.__FUNCTION__.25
                0x000000000001b850        0x8 /tmp/Ip6Dxe.dll.4R7fL6.ltrans1.ltrans.o
 .rodata.__FUNCTION__.27
                0x000000000001b858        0x8 /tmp/Ip6Dxe.dll.4R7fL6.ltrans1.ltrans.o
 .rodata.mUefiDevicePathLibEndDevicePath
                0x000000000001b860        0x4 /tmp/Ip6Dxe.dll.4R7fL6.ltrans1.ltrans.o
 *fill*         0x000000000001b864       0x1c 
 .rodata.mConfigHdrTemplate
                0x000000000001b880       0x70 /tmp/Ip6Dxe.dll.4R7fL6.ltrans1.ltrans.o
 .rodata.__FUNCTION__.23
                0x000000000001b8f0       0x13 /tmp/Ip6Dxe.dll.4R7fL6.ltrans1.ltrans.o
 .rodata.Ip6CreateNeighborEntry.constprop.0.str1.1
                0x000000000001b903       0x1a /tmp/Ip6Dxe.dll.4R7fL6.ltrans2.ltrans.o
                                         0xbb (size before relaxing)
 .rodata.NetMapRemoveItem.constprop.0.str1.1
                0x000000000001b91d       0x75 /tmp/Ip6Dxe.dll.4R7fL6.ltrans2.ltrans.o
                                         0xba (size before relaxing)
 .rodata.BasePrintLibSPrintMarker.constprop.0.str1.1
                0x000000000001b992      0x227 /tmp/Ip6Dxe.dll.4R7fL6.ltrans2.ltrans.o
                                        0x2a2 (size before relaxing)
 *fill*         0x000000000001bbb9        0x3 
 .rodata.BasePrintLibSPrintMarker.constprop.0
                0x000000000001bbbc       0xec /tmp/Ip6Dxe.dll.4R7fL6.ltrans2.ltrans.o
 .rodata.UnicodeSPrintAsciiFormat.constprop.0.str1.1
                0x000000000001bca8       0x18 /tmp/Ip6Dxe.dll.4R7fL6.ltrans2.ltrans.o
 .rodata.Ip6Demultiplex.isra.0.str1.1
                0x000000000001bca8      0x160 /tmp/Ip6Dxe.dll.4R7fL6.ltrans2.ltrans.o
 *fill*         0x000000000001bca8       0x18 
 .rodata.mWarningString
                0x000000000001bcc0       0x96 /tmp/Ip6Dxe.dll.4R7fL6.ltrans2.ltrans.o
 *fill*         0x000000000001bd56        0xa 
 .rodata.mErrorString
                0x000000000001bd60      0x2b5 /tmp/Ip6Dxe.dll.4R7fL6.ltrans2.ltrans.o
 *(.got .got.*)
 .got           0x000000000001c015        0x0 Ip6Impl.obj (symbol from plugin)
 .got.plt       0x000000000001c015        0x0 Ip6Impl.obj (symbol from plugin)
 *:AutoGen.obj(.data.g*Guid)

.plt            0x000000000001c020        0x0
 .plt           0x000000000001c020        0x0 Ip6Impl.obj (symbol from plugin)

.plt.got        0x000000000001c018        0x0
 .plt.got       0x000000000001c018        0x0 Ip6Impl.obj (symbol from plugin)

.data           0x000000000001c040     0x15e0
 *(.data .data.* .gnu.linkonce.d.*)
 .data.gEfiDhcp6ServiceBindingProtocolGuid
                0x000000000001c040       0x10 /tmp/Ip6Dxe.dll.4R7fL6.ltrans0.ltrans.o
 .data.rel.local.gIp6ComponentName2
                0x000000000001c050       0x18 /tmp/Ip6Dxe.dll.4R7fL6.ltrans0.ltrans.o
                0x000000000001c050                gIp6ComponentName2
 *fill*         0x000000000001c068       0x18 
 .data.rel.local.mIp6DriverNameTable
                0x000000000001c080       0x20 /tmp/Ip6Dxe.dll.4R7fL6.ltrans0.ltrans.o
 .data.rel.local.gIp6ComponentName
                0x000000000001c0a0       0x18 /tmp/Ip6Dxe.dll.4R7fL6.ltrans0.ltrans.o
                0x000000000001c0a0                gIp6ComponentName
 *fill*         0x000000000001c0b8        0x8 
 .data.rel.local.mEfiIp6ProtocolTemplete
                0x000000000001c0c0       0x48 /tmp/Ip6Dxe.dll.4R7fL6.ltrans0.ltrans.o
 *fill*         0x000000000001c108       0x18 
 .data.rel.local.gIp6DriverBinding
                0x000000000001c120       0x30 /tmp/Ip6Dxe.dll.4R7fL6.ltrans0.ltrans.o
                0x000000000001c120                gIp6DriverBinding
 .data.gEfiIp6ProtocolGuid
                0x000000000001c150       0x10 /tmp/Ip6Dxe.dll.4R7fL6.ltrans0.ltrans.o
 .data.gEfiDhcp6ProtocolGuid
                0x000000000001c160       0x10 /tmp/Ip6Dxe.dll.4R7fL6.ltrans0.ltrans.o
 .data.rel.local.mIp6ConfigInstanceList
                0x000000000001c170       0x10 /tmp/Ip6Dxe.dll.4R7fL6.ltrans0.ltrans.o
 .data.gEfiIp6ConfigProtocolGuid
                0x000000000001c180       0x10 /tmp/Ip6Dxe.dll.4R7fL6.ltrans0.ltrans.o
 .data.gEfiIp6ServiceBindingProtocolGuid
                0x000000000001c190       0x10 /tmp/Ip6Dxe.dll.4R7fL6.ltrans0.ltrans.o
 .data.gEfiManagedNetworkProtocolGuid
                0x000000000001c1a0       0x10 /tmp/Ip6Dxe.dll.4R7fL6.ltrans0.ltrans.o
                0x000000000001c1a0                gEfiManagedNetworkProtocolGuid
 .data.gEfiManagedNetworkServiceBindingProtocolGuid
                0x000000000001c1b0       0x10 /tmp/Ip6Dxe.dll.4R7fL6.ltrans0.ltrans.o
                0x000000000001c1b0                gEfiManagedNetworkServiceBindingProtocolGuid
 .data.gEfiIpSec2ProtocolGuid
                0x000000000001c1c0       0x10 /tmp/Ip6Dxe.dll.4R7fL6.ltrans0.ltrans.o
                0x000000000001c1c0                gEfiIpSec2ProtocolGuid
 *fill*         0x000000000001c1d0       0x10 
 .data.mIp6SupportedIcmp
                0x000000000001c1e0       0x2e /tmp/Ip6Dxe.dll.4R7fL6.ltrans0.ltrans.o
 *fill*         0x000000000001c20e        0x2 
 .data.gEfiFormBrowser2ProtocolGuid
                0x000000000001c210       0x10 /tmp/Ip6Dxe.dll.4R7fL6.ltrans1.ltrans.o
 .data.gEfiSimpleNetworkProtocolGuid
                0x000000000001c220       0x10 /tmp/Ip6Dxe.dll.4R7fL6.ltrans1.ltrans.o
 .data.gEfiHiiImageProtocolGuid
                0x000000000001c230       0x10 /tmp/Ip6Dxe.dll.4R7fL6.ltrans1.ltrans.o
 .data.gEfiHiiFontProtocolGuid
                0x000000000001c240       0x10 /tmp/Ip6Dxe.dll.4R7fL6.ltrans1.ltrans.o
 .data.gEfiHiiConfigRoutingProtocolGuid
                0x000000000001c250       0x10 /tmp/Ip6Dxe.dll.4R7fL6.ltrans1.ltrans.o
 .data.gEfiHiiDatabaseProtocolGuid
                0x000000000001c260       0x10 /tmp/Ip6Dxe.dll.4R7fL6.ltrans1.ltrans.o
 .data.gEfiHiiStringProtocolGuid
                0x000000000001c270       0x10 /tmp/Ip6Dxe.dll.4R7fL6.ltrans1.ltrans.o
 .data.gEfiDpcProtocolGuid
                0x000000000001c280       0x10 /tmp/Ip6Dxe.dll.4R7fL6.ltrans1.ltrans.o
 .data.gEfiLoadedImageProtocolGuid
                0x000000000001c290       0x10 /tmp/Ip6Dxe.dll.4R7fL6.ltrans1.ltrans.o
 .data.gEfiComponentName2ProtocolGuid
                0x000000000001c2a0       0x10 /tmp/Ip6Dxe.dll.4R7fL6.ltrans1.ltrans.o
 .data.gEfiComponentNameProtocolGuid
                0x000000000001c2b0       0x10 /tmp/Ip6Dxe.dll.4R7fL6.ltrans1.ltrans.o
 .data.gEfiDriverBindingProtocolGuid
                0x000000000001c2c0       0x10 /tmp/Ip6Dxe.dll.4R7fL6.ltrans1.ltrans.o
 .data.gEfiGlobalVariableGuid
                0x000000000001c2d0       0x10 /tmp/Ip6Dxe.dll.4R7fL6.ltrans1.ltrans.o
 .data.Ip6ConfigBin
                0x000000000001c2e0      0x262 /tmp/Ip6Dxe.dll.4R7fL6.ltrans1.ltrans.o
 *fill*         0x000000000001c542       0x1e 
 .data.Ip6DxeStrings
                0x000000000001c560      0xf88 /tmp/Ip6Dxe.dll.4R7fL6.ltrans1.ltrans.o
 *fill*         0x000000000001d4e8        0x8 
 .data.gEfiHiiConfigAccessProtocolGuid
                0x000000000001d4f0       0x10 /tmp/Ip6Dxe.dll.4R7fL6.ltrans1.ltrans.o
 .data.gEfiCallerIdGuid
                0x000000000001d500       0x10 /tmp/Ip6Dxe.dll.4R7fL6.ltrans1.ltrans.o
 .data.gEfiDevicePathProtocolGuid
                0x000000000001d510       0x10 /tmp/Ip6Dxe.dll.4R7fL6.ltrans1.ltrans.o
 .data.mIp6ConfigStorageName
                0x000000000001d520       0x2c /tmp/Ip6Dxe.dll.4R7fL6.ltrans1.ltrans.o
 *fill*         0x000000000001d54c        0x4 
 .data.gEfiIfrTianoGuid
                0x000000000001d550       0x10 /tmp/Ip6Dxe.dll.4R7fL6.ltrans1.ltrans.o
 .data.gIp6ConfigNvDataGuid
                0x000000000001d560       0x10 /tmp/Ip6Dxe.dll.4R7fL6.ltrans1.ltrans.o
 .data.rel.ro   0x000000000001d570        0x0 Ip6Impl.obj (symbol from plugin)
 *(.bss .bss.*)
 .bss.gRT       0x000000000001d570        0x8 /tmp/Ip6Dxe.dll.4R7fL6.ltrans0.ltrans.o
                0x000000000001d570                gRT
 *fill*         0x000000000001d578        0x8 
 .bss.mZeroMacAddress
                0x000000000001d580       0x20 /tmp/Ip6Dxe.dll.4R7fL6.ltrans0.ltrans.o
                0x000000000001d580                mZeroMacAddress
 .bss.gIp6ControllerNameTable
                0x000000000001d5a0        0x8 /tmp/Ip6Dxe.dll.4R7fL6.ltrans0.ltrans.o
                0x000000000001d5a0                gIp6ControllerNameTable
 .bss.mIp6Id    0x000000000001d5a8        0x4 /tmp/Ip6Dxe.dll.4R7fL6.ltrans0.ltrans.o
                0x000000000001d5a8                mIp6Id
 .bss.mIpSec2Installed
                0x000000000001d5ac        0x1 /tmp/Ip6Dxe.dll.4R7fL6.ltrans0.ltrans.o
                0x000000000001d5ac                mIpSec2Installed
 *fill*         0x000000000001d5ad        0x3 
 .bss.mIpSec    0x000000000001d5b0        0x8 /tmp/Ip6Dxe.dll.4R7fL6.ltrans0.ltrans.o
 .bss.gBS       0x000000000001d5b8        0x8 /tmp/Ip6Dxe.dll.4R7fL6.ltrans0.ltrans.o
                0x000000000001d5b8                gBS
 .bss.mUefiFormBrowser2
                0x000000000001d5c0        0x8 /tmp/Ip6Dxe.dll.4R7fL6.ltrans1.ltrans.o
 .bss.gImageHandle
                0x000000000001d5c8        0x8 /tmp/Ip6Dxe.dll.4R7fL6.ltrans1.ltrans.o
 .bss.gHiiImage
                0x000000000001d5d0        0x8 /tmp/Ip6Dxe.dll.4R7fL6.ltrans1.ltrans.o
 .bss.gHiiFont  0x000000000001d5d8        0x8 /tmp/Ip6Dxe.dll.4R7fL6.ltrans1.ltrans.o
 .bss.gST       0x000000000001d5e0        0x8 /tmp/Ip6Dxe.dll.4R7fL6.ltrans1.ltrans.o
 .bss.mDebugST  0x000000000001d5e8        0x8 /tmp/Ip6Dxe.dll.4R7fL6.ltrans1.ltrans.o
                0x000000000001d5e8                mDebugST
 .bss.mPostEBS  0x000000000001d5f0        0x1 /tmp/Ip6Dxe.dll.4R7fL6.ltrans1.ltrans.o
                0x000000000001d5f0                mPostEBS
 *fill*         0x000000000001d5f1        0x7 
 .bss.mExitBootServicesEvent
                0x000000000001d5f8        0x8 /tmp/Ip6Dxe.dll.4R7fL6.ltrans1.ltrans.o
 .bss.gHiiString
                0x000000000001d600        0x8 /tmp/Ip6Dxe.dll.4R7fL6.ltrans1.ltrans.o
 .bss.gHiiConfigRouting
                0x000000000001d608        0x8 /tmp/Ip6Dxe.dll.4R7fL6.ltrans1.ltrans.o
 .bss.gHiiDatabase
                0x000000000001d610        0x8 /tmp/Ip6Dxe.dll.4R7fL6.ltrans1.ltrans.o
 .bss.mDpc      0x000000000001d618        0x8 /tmp/Ip6Dxe.dll.4R7fL6.ltrans1.ltrans.o

.eh_frame       0x000000000001d640        0x0
 *(.eh_frame)
 .eh_frame      0x000000000001d640        0x0 Ip6Impl.obj (symbol from plugin)
 .eh_frame      0x000000000001d640        0x0 Ip6Impl.obj (symbol from plugin)

.dynbss         0x000000000001d640        0x0
 .dynbss        0x000000000001d640        0x0 Ip6Impl.obj (symbol from plugin)

.gnu.version_d  0x000000000001d640        0x0
 .gnu.version_d
                0x000000000001d640        0x0 Ip6Impl.obj (symbol from plugin)

.gnu.version    0x000000000001d640        0x0
 .gnu.version   0x000000000001d640        0x0 Ip6Impl.obj (symbol from plugin)

.gnu.version_r  0x000000000001d640        0x0
 .gnu.version_r
                0x000000000001d640        0x0 Ip6Impl.obj (symbol from plugin)

.rela           0x000000000001d640      0x210
 *(.rela .rela.*)
 .rela.plt      0x000000000001d640        0x0 Ip6Impl.obj (symbol from plugin)
 .rela.got      0x000000000001d640        0x0 Ip6Impl.obj (symbol from plugin)
 .rela.bss      0x000000000001d640        0x0 Ip6Impl.obj (symbol from plugin)
 .rela.data.rel.ro
                0x000000000001d640        0x0 Ip6Impl.obj (symbol from plugin)
 .rela.ifunc    0x000000000001d640        0x0 Ip6Impl.obj (symbol from plugin)
 .rela.data.rel.local.gIp6ComponentName2
                0x000000000001d640       0x48 Ip6Impl.obj (symbol from plugin)
 .rela.data.rel.local.mIp6DriverNameTable
                0x000000000001d688       0x30 Ip6Impl.obj (symbol from plugin)
 .rela.data.rel.local.gIp6ComponentName
                0x000000000001d6b8       0x48 Ip6Impl.obj (symbol from plugin)
 .rela.data.rel.local.mEfiIp6ProtocolTemplete
                0x000000000001d700       0xd8 Ip6Impl.obj (symbol from plugin)
 .rela.data.rel.local.gIp6DriverBinding
                0x000000000001d7d8       0x48 Ip6Impl.obj (symbol from plugin)
 .rela.data.rel.local.mIp6ConfigInstanceList
                0x000000000001d820       0x30 Ip6Impl.obj (symbol from plugin)

.hii
 *(.hii)

.build-id       0x000000000001d850       0x24
 *(.note.gnu.build-id)
 .note.gnu.build-id
                0x000000000001d850       0x24 Ip6Impl.obj (symbol from plugin)

/DISCARD/
 *(.note.GNU-stack)
 *(.gnu_debuglink)
 *(.interp)
 *(.dynsym)
 *(.dynstr)
 *(.dynamic)
 *(.hash .gnu.hash)
 *(.comment)
OUTPUT(/home/xephyr/Documents/edk2/Build/NetworkPkg/DEBUG_GCC5/X64/NetworkPkg/Ip6Dxe/Ip6Dxe/DEBUG/Ip6Dxe.dll elf64-x86-64)

.debug_info     0x0000000000000000    0x77acd
 .debug_info    0x0000000000000000     0xe4ea /tmp/Ip6Dxe.dll.4R7fL6.ltrans0.ltrans.o
 .debug_info    0x000000000000e4ea     0xe2e3 /tmp/Ip6Dxe.dll.4R7fL6.ltrans1.ltrans.o
 .debug_info    0x000000000001c7cd     0x14cf /tmp/Ip6Dxe.dll.4R7fL6.ltrans2.ltrans.o
 .debug_info    0x000000000001dc9c     0x42cb /tmp/ccIZZP1n.debug.temp.o
                0x000000000001dc9c                Ip6Impl.c.b697ebe3
 .debug_info    0x0000000000021f67     0x49ff /tmp/ccY45e5x.debug.temp.o
                0x0000000000021f67                Ip6Driver.c.51a5c8dd
 .debug_info    0x0000000000026966     0x1c80 /tmp/cchgk7eH.debug.temp.o
                0x0000000000026966                ComponentName.c.692c700d
 .debug_info    0x00000000000285e6     0x4fe1 /tmp/ccoHJDSu.debug.temp.o
                0x00000000000285e6                Ip6Nd.c.99c00140
 .debug_info    0x000000000002d5c7     0x4636 /tmp/ccHy8uNZ.debug.temp.o
                0x000000000002d5c7                Ip6Input.c.ed4c2f82
 .debug_info    0x0000000000031bfd     0x4e39 /tmp/cc2c50ok.debug.temp.o
                0x0000000000031bfd                Ip6ConfigImpl.c.6b7eaf92
 .debug_info    0x0000000000036a36     0x2fe0 /tmp/ccrIq9Wq.debug.temp.o
                0x0000000000036a36                Ip6Option.c.4cd52b90
 .debug_info    0x0000000000039a16     0x31bd /tmp/ccJogkR8.debug.temp.o
                0x0000000000039a16                Ip6Mld.c.8282ea4e
 .debug_info    0x000000000003cbd3     0x3084 /tmp/cca6tAix.debug.temp.o
                0x000000000003cbd3                Ip6Common.c.806967c9
 .debug_info    0x000000000003fc57     0x28dc /tmp/ccB8VKxt.debug.temp.o
                0x000000000003fc57                Ip6Route.c.f710b4a3
 .debug_info    0x0000000000042533     0x4124 /tmp/cccGaPYM.debug.temp.o
                0x0000000000042533                Ip6If.c.d84a4ee6
 .debug_info    0x0000000000046657     0x35ff /tmp/ccNoobGR.debug.temp.o
                0x0000000000046657                Ip6Output.c.63a0f4c9
 .debug_info    0x0000000000049c56     0x2a07 /tmp/ccyGNWT5.debug.temp.o
                0x0000000000049c56                Ip6Icmp.c.9ac950fe
 .debug_info    0x000000000004c65d     0x3f00 /tmp/ccibIxiv.debug.temp.o
                0x000000000004c65d                Ip6ConfigNv.c.d921884e
 .debug_info    0x000000000005055d       0x81 /tmp/ccGcCCpd.debug.temp.o
                0x000000000005055d                Ip6Config.c.7c7e96b1
 .debug_info    0x00000000000505de     0x1e97 /tmp/ccpGXWiW.debug.temp.o
                0x00000000000505de                AutoGen.c.848e2636
 .debug_info    0x0000000000052475      0x128 /tmp/ccNExDHH.debug.temp.o
                0x0000000000052475                SetMem.c.8f5f2896
 .debug_info    0x000000000005259d       0xaf /tmp/ccoEZT4b.debug.temp.o
                0x000000000005259d                ZeroMemWrapper.c.6d257e6e
 .debug_info    0x000000000005264c       0xdc /tmp/ccWl1Fxv.debug.temp.o
                0x000000000005264c                CompareMemWrapper.c.ed8171b3
 .debug_info    0x0000000000052728       0xc7 /tmp/cc88IIPm.debug.temp.o
                0x0000000000052728                SetMem16Wrapper.c.98bd6037
 .debug_info    0x00000000000527ef       0xc6 /tmp/ccWQLdZA.debug.temp.o
                0x00000000000527ef                CopyMemWrapper.c.ded19b88
 .debug_info    0x00000000000528b5      0x348 /tmp/ccbSTMlJ.debug.temp.o
                0x00000000000528b5                MemLibGeneric.c.5b3af3f0
 .debug_info    0x0000000000052bfd      0x218 /tmp/cct8pS6H.debug.temp.o
                0x0000000000052bfd                MemLibGuid.c.ea2b2638
 .debug_info    0x0000000000052e15      0x168 /tmp/ccHqkzOs.debug.temp.o
                0x0000000000052e15                CopyMem.c.c8bd203c
 .debug_info    0x0000000000052f7d       0xad /tmp/cc5ueer3.debug.temp.o
                0x0000000000052f7d                SwapBytes32.c.35429e18
 .debug_info    0x000000000005302a       0x89 /tmp/ccg9vATq.debug.temp.o
                0x000000000005302a                SwapBytes16.c.c8e3fde3
 .debug_info    0x00000000000530b3      0x183 /tmp/ccsOAuZK.debug.temp.o
                0x00000000000530b3                SetJump.c.68a01456
 .debug_info    0x0000000000053236       0xad /tmp/ccnHMOea.debug.temp.o
                0x0000000000053236                RShiftU64.c.b495dd64
 .debug_info    0x00000000000532e3       0xad /tmp/ccNeUqXO.debug.temp.o
                0x00000000000532e3                MultU64x32.c.3024a828
 .debug_info    0x0000000000053390       0xc3 /tmp/cc6dXqcc.debug.temp.o
                0x0000000000053390                DivU64x32Remainder.c.610c31fa
 .debug_info    0x0000000000053453       0xad /tmp/ccuFBPsu.debug.temp.o
                0x0000000000053453                DivU64x32.c.82bf8a15
 .debug_info    0x0000000000053500       0x96 /tmp/ccwZLUIM.debug.temp.o
                0x0000000000053500                CpuDeadLoop.c.91890a4a
 .debug_info    0x0000000000053596      0x328 /tmp/ccQypESf.debug.temp.o
                0x0000000000053596                LinkedList.c.da90850a
 .debug_info    0x00000000000538be      0xf83 /tmp/ccMapLi7.debug.temp.o
                0x00000000000538be                SafeString.c.a426794f
 .debug_info    0x0000000000054841      0x711 /tmp/ccp7SGj9.debug.temp.o
                0x0000000000054841                String.c.2a467864
 .debug_info    0x0000000000054f52      0x30e /tmp/ccTbXuwB.debug.temp.o
                0x0000000000054f52                Math64.c.0e9a04b8
 .debug_info    0x0000000000055260      0x1df /tmp/cc8GDaPm.debug.temp.o
                0x0000000000055260                Unaligned.c.fac1d17d
 .debug_info    0x000000000005543f      0x338 /tmp/cc9ouw6g.debug.temp.o
                0x000000000005543f                GccInline.c.3ab0575d
 .debug_info    0x0000000000055777      0x71c /tmp/ccIhuzLB.debug.temp.o
                0x0000000000055777                PrintLibInternal.c.bb82a17e
 .debug_info    0x0000000000055e93      0x576 /tmp/cc09famB.debug.temp.o
                0x0000000000055e93                PrintLib.c.0f9d8c48
 .debug_info    0x0000000000056409     0x19b6 /tmp/ccXVCRv0.debug.temp.o
                0x0000000000056409                DebugLib.c.0b2b7425
 .debug_info    0x0000000000057dbf     0x1804 /tmp/ccMssAMr.debug.temp.o
                0x0000000000057dbf                DebugLibConstructor.c.66808f45
 .debug_info    0x00000000000595c3     0x17cd /tmp/ccZPrdpi.debug.temp.o
                0x00000000000595c3                UefiBootServicesTableLib.c.6aae88b9
 .debug_info    0x000000000005ad90     0x13a8 /tmp/ccjHNAAc.debug.temp.o
                0x000000000005ad90                MemoryAllocationLib.c.7ded7580
 .debug_info    0x000000000005c138     0x179e /tmp/ccAoKMNo.debug.temp.o
                0x000000000005c138                UefiRuntimeServicesTableLib.c.b71a5d39
 .debug_info    0x000000000005d8d6      0x5bc /tmp/ccdfr7fA.debug.temp.o
                0x000000000005d8d6                DevicePathUtilities.c.f9bbcfdb
 .debug_info    0x000000000005de92      0xec3 /tmp/ccepTSQQ.debug.temp.o
                0x000000000005de92                DevicePathUtilitiesDxeSmm.c.1584aa96
 .debug_info    0x000000000005ed55      0x305 /tmp/ccdoRIyM.debug.temp.o
                0x000000000005ed55                UefiDevicePathLib.c.69d3d4ef
 .debug_info    0x000000000005f05a     0x20e5 /tmp/cc006dsx.debug.temp.o
                0x000000000005f05a                UefiDriverModel.c.d523221d
 .debug_info    0x000000000006113f     0x19fa /tmp/ccwXbGox.debug.temp.o
                0x000000000006113f                Console.c.ed3a00d1
 .debug_info    0x0000000000062b39     0x250e /tmp/ccLVZhlL.debug.temp.o
                0x0000000000062b39                UefiLib.c.eb7c5207
 .debug_info    0x0000000000065047     0x2832 /tmp/cczGYfit.debug.temp.o
                0x0000000000065047                UefiHiiServicesLib.c.a8ae288e
 .debug_info    0x0000000000067879     0x3ba2 /tmp/cc60kuUc.debug.temp.o
                0x0000000000067879                HiiLib.c.a02549ba
 .debug_info    0x000000000006b41b      0x562 /tmp/cch7cg25.debug.temp.o
                0x000000000006b41b                HiiString.c.3fb4ef35
 .debug_info    0x000000000006b97d      0x390 /tmp/ccxqEiWt.debug.temp.o
                0x000000000006b97d                HiiLanguage.c.5048cae8
 .debug_info    0x000000000006bd0d     0x191f /tmp/ccuV9rqU.debug.temp.o
                0x000000000006bd0d                DriverEntryPoint.c.c2a99888
 .debug_info    0x000000000006d62c     0x6bc8 /tmp/cczDElLK.debug.temp.o
                0x000000000006d62c                DxeNetLib.c.4cda8ece
 .debug_info    0x00000000000741f4     0x2016 /tmp/ccMv3hhA.debug.temp.o
                0x00000000000741f4                NetBuffer.c.3f238881
 .debug_info    0x000000000007620a     0x18c3 /tmp/ccV0Asjl.debug.temp.o
                0x000000000007620a                DpcLib.c.4f49f0fa

.debug_abbrev   0x0000000000000000     0x659c
 .debug_abbrev  0x0000000000000000      0x211 /tmp/Ip6Dxe.dll.4R7fL6.ltrans0.ltrans.o
 .debug_abbrev  0x0000000000000211      0x2ef /tmp/Ip6Dxe.dll.4R7fL6.ltrans1.ltrans.o
 .debug_abbrev  0x0000000000000500      0x13c /tmp/Ip6Dxe.dll.4R7fL6.ltrans2.ltrans.o
 .debug_abbrev  0x000000000000063c      0x362 /tmp/ccIZZP1n.debug.temp.o
 .debug_abbrev  0x000000000000099e      0x329 /tmp/ccY45e5x.debug.temp.o
 .debug_abbrev  0x0000000000000cc7      0x295 /tmp/cchgk7eH.debug.temp.o
 .debug_abbrev  0x0000000000000f5c      0x322 /tmp/ccoHJDSu.debug.temp.o
 .debug_abbrev  0x000000000000127e      0x354 /tmp/ccHy8uNZ.debug.temp.o
 .debug_abbrev  0x00000000000015d2      0x353 /tmp/cc2c50ok.debug.temp.o
 .debug_abbrev  0x0000000000001925      0x295 /tmp/ccrIq9Wq.debug.temp.o
 .debug_abbrev  0x0000000000001bba      0x2b1 /tmp/ccJogkR8.debug.temp.o
 .debug_abbrev  0x0000000000001e6b      0x2a0 /tmp/cca6tAix.debug.temp.o
 .debug_abbrev  0x000000000000210b      0x2c6 /tmp/ccB8VKxt.debug.temp.o
 .debug_abbrev  0x00000000000023d1      0x304 /tmp/cccGaPYM.debug.temp.o
 .debug_abbrev  0x00000000000026d5      0x2d1 /tmp/ccNoobGR.debug.temp.o
 .debug_abbrev  0x00000000000029a6      0x306 /tmp/ccyGNWT5.debug.temp.o
 .debug_abbrev  0x0000000000002cac      0x35d /tmp/ccibIxiv.debug.temp.o
 .debug_abbrev  0x0000000000003009       0x49 /tmp/ccGcCCpd.debug.temp.o
 .debug_abbrev  0x0000000000003052      0x24c /tmp/ccpGXWiW.debug.temp.o
 .debug_abbrev  0x000000000000329e       0x7f /tmp/ccNExDHH.debug.temp.o
 .debug_abbrev  0x000000000000331d       0x5e /tmp/ccoEZT4b.debug.temp.o
 .debug_abbrev  0x000000000000337b       0x67 /tmp/ccWl1Fxv.debug.temp.o
 .debug_abbrev  0x00000000000033e2       0x5e /tmp/cc88IIPm.debug.temp.o
 .debug_abbrev  0x0000000000003440       0x6e /tmp/ccWQLdZA.debug.temp.o
 .debug_abbrev  0x00000000000034ae       0xca /tmp/ccbSTMlJ.debug.temp.o
 .debug_abbrev  0x0000000000003578       0xb6 /tmp/cct8pS6H.debug.temp.o
 .debug_abbrev  0x000000000000362e       0x8b /tmp/ccHqkzOs.debug.temp.o
 .debug_abbrev  0x00000000000036b9       0x66 /tmp/cc5ueer3.debug.temp.o
 .debug_abbrev  0x000000000000371f       0x57 /tmp/ccg9vATq.debug.temp.o
 .debug_abbrev  0x0000000000003776       0xa3 /tmp/ccsOAuZK.debug.temp.o
 .debug_abbrev  0x0000000000003819       0x57 /tmp/ccnHMOea.debug.temp.o
 .debug_abbrev  0x0000000000003870       0x66 /tmp/ccNeUqXO.debug.temp.o
 .debug_abbrev  0x00000000000038d6       0x62 /tmp/cc6dXqcc.debug.temp.o
 .debug_abbrev  0x0000000000003938       0x57 /tmp/ccuFBPsu.debug.temp.o
 .debug_abbrev  0x000000000000398f       0x5c /tmp/ccwZLUIM.debug.temp.o
 .debug_abbrev  0x00000000000039eb      0x102 /tmp/ccQypESf.debug.temp.o
 .debug_abbrev  0x0000000000003aed      0x133 /tmp/ccMapLi7.debug.temp.o
 .debug_abbrev  0x0000000000003c20      0x101 /tmp/ccp7SGj9.debug.temp.o
 .debug_abbrev  0x0000000000003d21       0xa8 /tmp/ccTbXuwB.debug.temp.o
 .debug_abbrev  0x0000000000003dc9       0x69 /tmp/cc8GDaPm.debug.temp.o
 .debug_abbrev  0x0000000000003e32      0x123 /tmp/cc9ouw6g.debug.temp.o
 .debug_abbrev  0x0000000000003f55      0x144 /tmp/ccIhuzLB.debug.temp.o
 .debug_abbrev  0x0000000000004099       0xee /tmp/cc09famB.debug.temp.o
 .debug_abbrev  0x0000000000004187      0x20d /tmp/ccXVCRv0.debug.temp.o
 .debug_abbrev  0x0000000000004394      0x1ba /tmp/ccMssAMr.debug.temp.o
 .debug_abbrev  0x000000000000454e      0x1c5 /tmp/ccZPrdpi.debug.temp.o
 .debug_abbrev  0x0000000000004713      0x1e4 /tmp/ccjHNAAc.debug.temp.o
 .debug_abbrev  0x00000000000048f7      0x198 /tmp/ccAoKMNo.debug.temp.o
 .debug_abbrev  0x0000000000004a8f      0x162 /tmp/ccdfr7fA.debug.temp.o
 .debug_abbrev  0x0000000000004bf1      0x189 /tmp/ccepTSQQ.debug.temp.o
 .debug_abbrev  0x0000000000004d7a       0xd2 /tmp/ccdoRIyM.debug.temp.o
 .debug_abbrev  0x0000000000004e4c      0x204 /tmp/cc006dsx.debug.temp.o
 .debug_abbrev  0x0000000000005050      0x23a /tmp/ccwXbGox.debug.temp.o
 .debug_abbrev  0x000000000000528a      0x23e /tmp/ccLVZhlL.debug.temp.o
 .debug_abbrev  0x00000000000054c8      0x1fe /tmp/cczGYfit.debug.temp.o
 .debug_abbrev  0x00000000000056c6      0x2d0 /tmp/cc60kuUc.debug.temp.o
 .debug_abbrev  0x0000000000005996      0x134 /tmp/cch7cg25.debug.temp.o
 .debug_abbrev  0x0000000000005aca       0xf4 /tmp/ccxqEiWt.debug.temp.o
 .debug_abbrev  0x0000000000005bbe      0x1d1 /tmp/ccuV9rqU.debug.temp.o
 .debug_abbrev  0x0000000000005d8f      0x368 /tmp/cczDElLK.debug.temp.o
 .debug_abbrev  0x00000000000060f7      0x2b0 /tmp/ccMv3hhA.debug.temp.o
 .debug_abbrev  0x00000000000063a7      0x1f5 /tmp/ccV0Asjl.debug.temp.o

.debug_loc      0x0000000000000000    0x2eed6
 .debug_loc     0x0000000000000000    0x14f06 /tmp/Ip6Dxe.dll.4R7fL6.ltrans0.ltrans.o
 .debug_loc     0x0000000000014f06    0x174c0 /tmp/Ip6Dxe.dll.4R7fL6.ltrans1.ltrans.o
 .debug_loc     0x000000000002c3c6     0x2b10 /tmp/Ip6Dxe.dll.4R7fL6.ltrans2.ltrans.o

.debug_aranges  0x0000000000000000     0x1140
 .debug_aranges
                0x0000000000000000      0x660 /tmp/Ip6Dxe.dll.4R7fL6.ltrans0.ltrans.o
 .debug_aranges
                0x0000000000000660      0xa00 /tmp/Ip6Dxe.dll.4R7fL6.ltrans1.ltrans.o
 .debug_aranges
                0x0000000000001060       0xe0 /tmp/Ip6Dxe.dll.4R7fL6.ltrans2.ltrans.o

.debug_ranges   0x0000000000000000     0x4790
 .debug_ranges  0x0000000000000000     0x2040 /tmp/Ip6Dxe.dll.4R7fL6.ltrans0.ltrans.o
 .debug_ranges  0x0000000000002040     0x25e0 /tmp/Ip6Dxe.dll.4R7fL6.ltrans1.ltrans.o
 .debug_ranges  0x0000000000004620      0x170 /tmp/Ip6Dxe.dll.4R7fL6.ltrans2.ltrans.o

.debug_line     0x0000000000000000    0x1a5f8
 .debug_line    0x0000000000000000     0x8dae /tmp/Ip6Dxe.dll.4R7fL6.ltrans0.ltrans.o
 .debug_line    0x0000000000008dae     0x9c7f /tmp/Ip6Dxe.dll.4R7fL6.ltrans1.ltrans.o
 .debug_line    0x0000000000012a2d      0xcc2 /tmp/Ip6Dxe.dll.4R7fL6.ltrans2.ltrans.o
 .debug_line    0x00000000000136ef      0x34d /tmp/ccIZZP1n.debug.temp.o
 .debug_line    0x0000000000013a3c      0x432 /tmp/ccY45e5x.debug.temp.o
 .debug_line    0x0000000000013e6e      0x2b9 /tmp/cchgk7eH.debug.temp.o
 .debug_line    0x0000000000014127      0x33c /tmp/ccoHJDSu.debug.temp.o
 .debug_line    0x0000000000014463      0x350 /tmp/ccHy8uNZ.debug.temp.o
 .debug_line    0x00000000000147b3      0x3be /tmp/cc2c50ok.debug.temp.o
 .debug_line    0x0000000000014b71      0x30f /tmp/ccrIq9Wq.debug.temp.o
 .debug_line    0x0000000000014e80      0x2e3 /tmp/ccJogkR8.debug.temp.o
 .debug_line    0x0000000000015163      0x2e6 /tmp/cca6tAix.debug.temp.o
 .debug_line    0x0000000000015449      0x2a5 /tmp/ccB8VKxt.debug.temp.o
 .debug_line    0x00000000000156ee      0x32d /tmp/cccGaPYM.debug.temp.o
 .debug_line    0x0000000000015a1b      0x311 /tmp/ccNoobGR.debug.temp.o
 .debug_line    0x0000000000015d2c      0x2bc /tmp/ccyGNWT5.debug.temp.o
 .debug_line    0x0000000000015fe8      0x477 /tmp/ccibIxiv.debug.temp.o
 .debug_line    0x000000000001645f       0x88 /tmp/ccGcCCpd.debug.temp.o
 .debug_line    0x00000000000164e7      0x291 /tmp/ccpGXWiW.debug.temp.o
 .debug_line    0x0000000000016778       0xa5 /tmp/ccNExDHH.debug.temp.o
 .debug_line    0x000000000001681d       0xad /tmp/ccoEZT4b.debug.temp.o
 .debug_line    0x00000000000168ca       0xb0 /tmp/ccWl1Fxv.debug.temp.o
 .debug_line    0x000000000001697a       0xae /tmp/cc88IIPm.debug.temp.o
 .debug_line    0x0000000000016a28       0xad /tmp/ccWQLdZA.debug.temp.o
 .debug_line    0x0000000000016ad5       0xac /tmp/ccbSTMlJ.debug.temp.o
 .debug_line    0x0000000000016b81       0xde /tmp/cct8pS6H.debug.temp.o
 .debug_line    0x0000000000016c5f       0xa6 /tmp/ccHqkzOs.debug.temp.o
 .debug_line    0x0000000000016d05       0xa4 /tmp/cc5ueer3.debug.temp.o
 .debug_line    0x0000000000016da9       0xa4 /tmp/ccg9vATq.debug.temp.o
 .debug_line    0x0000000000016e4d       0xe0 /tmp/ccsOAuZK.debug.temp.o
 .debug_line    0x0000000000016f2d       0xa2 /tmp/ccnHMOea.debug.temp.o
 .debug_line    0x0000000000016fcf       0xa3 /tmp/ccNeUqXO.debug.temp.o
 .debug_line    0x0000000000017072       0xab /tmp/cc6dXqcc.debug.temp.o
 .debug_line    0x000000000001711d       0xa2 /tmp/ccuFBPsu.debug.temp.o
 .debug_line    0x00000000000171bf       0xa4 /tmp/ccwZLUIM.debug.temp.o
 .debug_line    0x0000000000017263      0x146 /tmp/ccQypESf.debug.temp.o
 .debug_line    0x00000000000173a9      0x146 /tmp/ccMapLi7.debug.temp.o
 .debug_line    0x00000000000174ef      0x142 /tmp/ccp7SGj9.debug.temp.o
 .debug_line    0x0000000000017631       0x9f /tmp/ccTbXuwB.debug.temp.o
 .debug_line    0x00000000000176d0       0xa2 /tmp/cc8GDaPm.debug.temp.o
 .debug_line    0x0000000000017772       0xe6 /tmp/cc9ouw6g.debug.temp.o
 .debug_line    0x0000000000017858      0x171 /tmp/ccIhuzLB.debug.temp.o
 .debug_line    0x00000000000179c9       0xdb /tmp/cc09famB.debug.temp.o
 .debug_line    0x0000000000017aa4      0x232 /tmp/ccXVCRv0.debug.temp.o
 .debug_line    0x0000000000017cd6      0x1b9 /tmp/ccMssAMr.debug.temp.o
 .debug_line    0x0000000000017e8f      0x215 /tmp/ccZPrdpi.debug.temp.o
 .debug_line    0x00000000000180a4      0x1ea /tmp/ccjHNAAc.debug.temp.o
 .debug_line    0x000000000001828e      0x1ca /tmp/ccAoKMNo.debug.temp.o
 .debug_line    0x0000000000018458      0x1be /tmp/ccdfr7fA.debug.temp.o
 .debug_line    0x0000000000018616      0x1ea /tmp/ccepTSQQ.debug.temp.o
 .debug_line    0x0000000000018800       0xf8 /tmp/ccdoRIyM.debug.temp.o
 .debug_line    0x00000000000188f8      0x305 /tmp/cc006dsx.debug.temp.o
 .debug_line    0x0000000000018bfd      0x1f3 /tmp/ccwXbGox.debug.temp.o
 .debug_line    0x0000000000018df0      0x2a5 /tmp/ccLVZhlL.debug.temp.o
 .debug_line    0x0000000000019095      0x373 /tmp/cczGYfit.debug.temp.o
 .debug_line    0x0000000000019408      0x2fe /tmp/cc60kuUc.debug.temp.o
 .debug_line    0x0000000000019706      0x1e7 /tmp/cch7cg25.debug.temp.o
 .debug_line    0x00000000000198ed      0x1e9 /tmp/ccxqEiWt.debug.temp.o
 .debug_line    0x0000000000019ad6      0x2bc /tmp/ccuV9rqU.debug.temp.o
 .debug_line    0x0000000000019d92      0x395 /tmp/cczDElLK.debug.temp.o
 .debug_line    0x000000000001a127      0x222 /tmp/ccMv3hhA.debug.temp.o
 .debug_line    0x000000000001a349      0x2af /tmp/ccV0Asjl.debug.temp.o

.debug_str      0x0000000000000000     0xe3d8
 .debug_str     0x0000000000000000      0x427 /tmp/Ip6Dxe.dll.4R7fL6.ltrans0.ltrans.o
 .debug_str     0x0000000000000427      0x175 /tmp/Ip6Dxe.dll.4R7fL6.ltrans1.ltrans.o
                                        0x4ab (size before relaxing)
 .debug_str     0x000000000000059c       0x2c /tmp/Ip6Dxe.dll.4R7fL6.ltrans2.ltrans.o