Archive member included to satisfy reference by file (symbol)

/home/xephyr/Documents/edk2/Build/CryptoPkg/DEBUG_GCC5/X64/CryptoPkg/Test/UnitTest/Library/BaseCryptLib/TestBaseCryptLibShell/OUTPUT/BaseCryptLibUnitTestShell.lib(UnitTestMain.obj)
                              (--whole-archive)
/home/xephyr/Documents/edk2/Build/CryptoPkg/DEBUG_GCC5/X64/CryptoPkg/Test/UnitTest/Library/BaseCryptLib/TestBaseCryptLibShell/OUTPUT/BaseCryptLibUnitTestShell.lib(BaseCryptLibUnitTests.obj)
                              (--whole-archive)
/home/xephyr/Documents/edk2/Build/CryptoPkg/DEBUG_GCC5/X64/CryptoPkg/Test/UnitTest/Library/BaseCryptLib/TestBaseCryptLibShell/OUTPUT/BaseCryptLibUnitTestShell.lib(HashTests.obj)
                              (--whole-archive)
/home/xephyr/Documents/edk2/Build/CryptoPkg/DEBUG_GCC5/X64/CryptoPkg/Test/UnitTest/Library/BaseCryptLib/TestBaseCryptLibShell/OUTPUT/BaseCryptLibUnitTestShell.lib(HmacTests.obj)
                              (--whole-archive)
/home/xephyr/Documents/edk2/Build/CryptoPkg/DEBUG_GCC5/X64/CryptoPkg/Test/UnitTest/Library/BaseCryptLib/TestBaseCryptLibShell/OUTPUT/BaseCryptLibUnitTestShell.lib(BlockCipherTests.obj)
                              (--whole-archive)
/home/xephyr/Documents/edk2/Build/CryptoPkg/DEBUG_GCC5/X64/CryptoPkg/Test/UnitTest/Library/BaseCryptLib/TestBaseCryptLibShell/OUTPUT/BaseCryptLibUnitTestShell.lib(RsaTests.obj)
                              (--whole-archive)
/home/xephyr/Documents/edk2/Build/CryptoPkg/DEBUG_GCC5/X64/CryptoPkg/Test/UnitTest/Library/BaseCryptLib/TestBaseCryptLibShell/OUTPUT/BaseCryptLibUnitTestShell.lib(RsaPkcs7Tests.obj)
                              (--whole-archive)
/home/xephyr/Documents/edk2/Build/CryptoPkg/DEBUG_GCC5/X64/CryptoPkg/Test/UnitTest/Library/BaseCryptLib/TestBaseCryptLibShell/OUTPUT/BaseCryptLibUnitTestShell.lib(Pkcs5Pbkdf2Tests.obj)
                              (--whole-archive)
/home/xephyr/Documents/edk2/Build/CryptoPkg/DEBUG_GCC5/X64/CryptoPkg/Test/UnitTest/Library/BaseCryptLib/TestBaseCryptLibShell/OUTPUT/BaseCryptLibUnitTestShell.lib(AuthenticodeTests.obj)
                              (--whole-archive)
/home/xephyr/Documents/edk2/Build/CryptoPkg/DEBUG_GCC5/X64/CryptoPkg/Test/UnitTest/Library/BaseCryptLib/TestBaseCryptLibShell/OUTPUT/BaseCryptLibUnitTestShell.lib(TSTests.obj)
                              (--whole-archive)
/home/xephyr/Documents/edk2/Build/CryptoPkg/DEBUG_GCC5/X64/CryptoPkg/Test/UnitTest/Library/BaseCryptLib/TestBaseCryptLibShell/OUTPUT/BaseCryptLibUnitTestShell.lib(DhTests.obj)
                              (--whole-archive)
/home/xephyr/Documents/edk2/Build/CryptoPkg/DEBUG_GCC5/X64/CryptoPkg/Test/UnitTest/Library/BaseCryptLib/TestBaseCryptLibShell/OUTPUT/BaseCryptLibUnitTestShell.lib(RandTests.obj)
                              (--whole-archive)
/home/xephyr/Documents/edk2/Build/CryptoPkg/DEBUG_GCC5/X64/CryptoPkg/Test/UnitTest/Library/BaseCryptLib/TestBaseCryptLibShell/OUTPUT/BaseCryptLibUnitTestShell.lib(Pkcs7EkuTests.obj)
                              (--whole-archive)
/home/xephyr/Documents/edk2/Build/CryptoPkg/DEBUG_GCC5/X64/CryptoPkg/Test/UnitTest/Library/BaseCryptLib/TestBaseCryptLibShell/OUTPUT/BaseCryptLibUnitTestShell.lib(OaepEncryptTests.obj)
                              (--whole-archive)
/home/xephyr/Documents/edk2/Build/CryptoPkg/DEBUG_GCC5/X64/CryptoPkg/Test/UnitTest/Library/BaseCryptLib/TestBaseCryptLibShell/OUTPUT/BaseCryptLibUnitTestShell.lib(RsaPssTests.obj)
                              (--whole-archive)
/home/xephyr/Documents/edk2/Build/CryptoPkg/DEBUG_GCC5/X64/CryptoPkg/Test/UnitTest/Library/BaseCryptLib/TestBaseCryptLibShell/OUTPUT/BaseCryptLibUnitTestShell.lib(AutoGen.obj)
                              (--whole-archive)
/home/xephyr/Documents/edk2/Build/CryptoPkg/DEBUG_GCC5/X64/MdePkg/Library/RegisterFilterLibNull/RegisterFilterLibNull/OUTPUT/FilterLibNull.lib(RegisterFilterLibNull.obj)
                              (--whole-archive)
/home/xephyr/Documents/edk2/Build/CryptoPkg/DEBUG_GCC5/X64/MdePkg/Library/BaseMemoryLib/BaseMemoryLib/OUTPUT/BaseMemoryLib.lib(SetMem.obj)
                              (--whole-archive)
/home/xephyr/Documents/edk2/Build/CryptoPkg/DEBUG_GCC5/X64/MdePkg/Library/BaseMemoryLib/BaseMemoryLib/OUTPUT/BaseMemoryLib.lib(ScanMem64Wrapper.obj)
                              (--whole-archive)
/home/xephyr/Documents/edk2/Build/CryptoPkg/DEBUG_GCC5/X64/MdePkg/Library/BaseMemoryLib/BaseMemoryLib/OUTPUT/BaseMemoryLib.lib(ScanMem32Wrapper.obj)
                              (--whole-archive)
/home/xephyr/Documents/edk2/Build/CryptoPkg/DEBUG_GCC5/X64/MdePkg/Library/BaseMemoryLib/BaseMemoryLib/OUTPUT/BaseMemoryLib.lib(ScanMem16Wrapper.obj)
                              (--whole-archive)
/home/xephyr/Documents/edk2/Build/CryptoPkg/DEBUG_GCC5/X64/MdePkg/Library/BaseMemoryLib/BaseMemoryLib/OUTPUT/BaseMemoryLib.lib(ScanMem8Wrapper.obj)
                              (--whole-archive)
[...]
Memory Configuration

Name             Origin             Length             Attributes
*default*        0x0000000000000000 0xffffffffffffffff

Linker script and memory map

START GROUP
LOAD /tmp/BaseCryptLibUnitTestShell.dll.K2my0v.ltrans0.ltrans.o
LOAD /tmp/ccyOBl2M.debug.temp.o
LOAD /tmp/ccjLpBbH.debug.temp.o
LOAD /tmp/ccdMhsp3.debug.temp.o
LOAD /tmp/ccCUf5ov.debug.temp.o
LOAD /tmp/ccwWN42d.debug.temp.o
LOAD /tmp/ccr4VIQz.debug.temp.o
LOAD /tmp/ccp5V1ss.debug.temp.o
LOAD /tmp/cchDeV16.debug.temp.o
LOAD /tmp/ccg7l0GM.debug.temp.o
LOAD /tmp/ccOj8QAF.debug.temp.o
LOAD /tmp/cczdCMxN.debug.temp.o
LOAD /tmp/ccnq5Gb2.debug.temp.o
LOAD /tmp/ccHoSDwX.debug.temp.o
LOAD /tmp/ccuHZLAC.debug.temp.o
LOAD /tmp/ccZLuluc.debug.temp.o
LOAD /tmp/ccOXzS84.debug.temp.o
LOAD /tmp/ccKSGmR1.debug.temp.o
LOAD /tmp/ccll6Uzg.debug.temp.o
LOAD /tmp/cchpXhu1.debug.temp.o
LOAD /tmp/ccUUlqm7.debug.temp.o
LOAD /tmp/ccQbHJOc.debug.temp.o
LOAD /tmp/ccn5tuAJ.debug.temp.o
LOAD /tmp/cc9BiIo4.debug.temp.o
LOAD /tmp/ccehPRik.debug.temp.o
LOAD /tmp/ccjsuzwS.debug.temp.o
LOAD /tmp/cclStZe3.debug.temp.o
LOAD /tmp/cc7eQlz9.debug.temp.o
LOAD /tmp/ccAnMoXy.debug.temp.o
LOAD /tmp/ccCEjNqD.debug.temp.o
LOAD /tmp/ccRgAVbK.debug.temp.o
LOAD /tmp/ccwdcWJU.debug.temp.o
LOAD /tmp/cciHZjFj.debug.temp.o
LOAD /tmp/cck4Q4L6.debug.temp.o
LOAD /tmp/cc9t0Hyd.debug.temp.o
LOAD /tmp/ccFVv6Bm.debug.temp.o
LOAD /tmp/cco3zu7B.debug.temp.o
LOAD /tmp/cc5RJrHT.debug.temp.o
LOAD /tmp/ccfeTGbl.debug.temp.o
LOAD /tmp/ccsaxXYZ.debug.temp.o
LOAD /tmp/ccmUyckE.debug.temp.o
LOAD /tmp/ccpbKGnR.debug.temp.o
LOAD /tmp/ccRDVKG5.debug.temp.o
LOAD /tmp/cccEHfeh.debug.temp.o
LOAD /tmp/cceOvXdb.debug.temp.o
LOAD /tmp/cc2YZlAI.debug.temp.o
LOAD /tmp/ccSBvA2I.debug.temp.o
LOAD /tmp/cctJORKA.debug.temp.o
LOAD /tmp/ccrQRTk1.debug.temp.o
LOAD /tmp/ccjth6d1.debug.temp.o
LOAD /tmp/ccQZkblL.debug.temp.o
LOAD /tmp/ccGDqqkh.debug.temp.o
LOAD /tmp/ccD8kyqw.debug.temp.o
LOAD /tmp/ccd6nBHf.debug.temp.o
LOAD /tmp/ccaf6asd.debug.temp.o
LOAD /tmp/ccooVnQc.debug.temp.o
LOAD /tmp/ccFD0PbK.debug.temp.o
LOAD /tmp/cczbw9I0.debug.temp.o
LOAD /tmp/cco7Cij1.debug.temp.o
LOAD /tmp/ccCbVS9f.debug.temp.o
LOAD /tmp/ccnbLD2j.debug.temp.o
LOAD /tmp/cc1Gb4Bl.debug.temp.o
LOAD /tmp/ccWvqGTk.debug.temp.o
LOAD /tmp/ccAOxfFE.debug.temp.o
LOAD /tmp/ccKorJyX.debug.temp.o
LOAD /tmp/ccrKlcsw.debug.temp.o
LOAD /tmp/ccgygPpw.debug.temp.o
LOAD /tmp/ccAxJpKS.debug.temp.o
LOAD /tmp/cc9W4VAC.debug.temp.o
LOAD /tmp/cc7tTITV.debug.temp.o
LOAD /tmp/ccQblCLJ.debug.temp.o
LOAD /tmp/ccwyRf5k.debug.temp.o
LOAD /tmp/ccWzSmvl.debug.temp.o
LOAD /tmp/ccFlZaJi.debug.temp.o
LOAD /tmp/ccZjREub.debug.temp.o
LOAD /tmp/ccbVcs1R.debug.temp.o
LOAD /tmp/ccMw32XH.debug.temp.o
LOAD /tmp/ccjqzKo0.debug.temp.o
LOAD /tmp/ccj0bdpp.debug.temp.o
LOAD /tmp/ccE2bc50.debug.temp.o
LOAD /tmp/ccocOvb1.debug.temp.o
LOAD /tmp/ccfReCf2.debug.temp.o
LOAD /tmp/ccb1WQfk.debug.temp.o
LOAD /tmp/ccpru3XH.debug.temp.o
LOAD /tmp/ccEyl4Jb.debug.temp.o
LOAD /tmp/ccqave8Z.debug.temp.o
LOAD /tmp/ccsXlTP2.debug.temp.o
LOAD /tmp/ccRgGMa8.debug.temp.o
LOAD /tmp/cc7FUWR5.debug.temp.o
LOAD /tmp/ccZ5muUR.debug.temp.o
LOAD /tmp/cc0qeSP2.debug.temp.o
LOAD /tmp/ccaugIa3.debug.temp.o
LOAD /tmp/cciDbxc9.debug.temp.o
LOAD /tmp/ccXgKPIu.debug.temp.o
LOAD /tmp/ccVtvDzh.debug.temp.o
LOAD /tmp/ccbLDufp.debug.temp.o
LOAD /tmp/ccYMy3Q4.debug.temp.o
LOAD /tmp/cclBVYV8.debug.temp.o
LOAD /tmp/ccj0yC9W.debug.temp.o
LOAD /tmp/ccpS7h7t.debug.temp.o
LOAD /tmp/ccdEfp2Z.debug.temp.o
LOAD /tmp/ccYJ73SR.debug.temp.o
LOAD /tmp/ccJMMn2E.debug.temp.o
LOAD /tmp/ccPkfa5N.debug.temp.o
LOAD /tmp/cc25iv2d.debug.temp.o
LOAD /tmp/ccoAUcOF.debug.temp.o
LOAD /tmp/ccv9UZUA.debug.temp.o
LOAD /tmp/ccN4x6ri.debug.temp.o
LOAD /tmp/ccGU9rlz.debug.temp.o
LOAD /tmp/cc2ne32m.debug.temp.o
LOAD /tmp/ccBLMALx.debug.temp.o
LOAD /tmp/ccbj9pKl.debug.temp.o
LOAD /tmp/ccPmywYy.debug.temp.o
LOAD /tmp/ccVXkfpM.debug.temp.o
LOAD /tmp/ccOIi0gB.debug.temp.o
LOAD /tmp/ccqYnYda.debug.temp.o
LOAD /tmp/ccPKyVwY.debug.temp.o
LOAD /tmp/ccu6BEys.debug.temp.o
LOAD /tmp/ccE4oneX.debug.temp.o
LOAD /tmp/ccocg5xq.debug.temp.o
LOAD /tmp/ccJJq4iy.debug.temp.o
LOAD /tmp/ccJHcJYg.debug.temp.o
LOAD /tmp/ccAHY8B5.debug.temp.o
LOAD /tmp/cc0m0ZIt.debug.temp.o
LOAD /tmp/cc7xyTCT.debug.temp.o
LOAD /tmp/ccXxMbhb.debug.temp.o
LOAD /tmp/ccWZceyx.debug.temp.o
LOAD /tmp/ccM1kj9c.debug.temp.o
LOAD /tmp/ccFei7XY.debug.temp.o
LOAD /home/xephyr/Documents/edk2/Build/CryptoPkg/DEBUG_GCC5/X64/CryptoPkg/Test/UnitTest/Library/BaseCryptLib/TestBaseCryptLibShell/OUTPUT/BaseCryptLibUnitTestShell.lib
LOAD /home/xephyr/Documents/edk2/Build/CryptoPkg/DEBUG_GCC5/X64/MdePkg/Library/RegisterFilterLibNull/RegisterFilterLibNull/OUTPUT/FilterLibNull.lib
LOAD /home/xephyr/Documents/edk2/Build/CryptoPkg/DEBUG_GCC5/X64/MdePkg/Library/BaseMemoryLib/BaseMemoryLib/OUTPUT/BaseMemoryLib.lib
LOAD /home/xephyr/Documents/edk2/Build/CryptoPkg/DEBUG_GCC5/X64/MdePkg/Library/BasePcdLibNull/BasePcdLibNull/OUTPUT/BasePcdLibNull.lib
LOAD /home/xephyr/Documents/edk2/Build/CryptoPkg/DEBUG_GCC5/X64/MdePkg/Library/BaseDebugLibNull/BaseDebugLibNull/OUTPUT/BaseDebugLibNull.lib
LOAD /home/xephyr/Documents/edk2/Build/CryptoPkg/DEBUG_GCC5/X64/MdePkg/Library/BaseLib/BaseLib/OUTPUT/BaseLib.lib
LOAD /home/xephyr/Documents/edk2/Build/CryptoPkg/DEBUG_GCC5/X64/MdePkg/Library/UefiBootServicesTableLib/UefiBootServicesTableLib/OUTPUT/UefiBootServicesTableLib.lib
LOAD /home/xephyr/Documents/edk2/Build/CryptoPkg/DEBUG_GCC5/X64/MdePkg/Library/BasePrintLib/BasePrintLib/OUTPUT/BasePrintLib.lib
LOAD /home/xephyr/Documents/edk2/Build/CryptoPkg/DEBUG_GCC5/X64/UnitTestFrameworkPkg/Library/UnitTestResultReportLib/UnitTestResultReportLibConOut/OUTPUT/UnitTestResultReportLibConOut.lib
LOAD /home/xephyr/Documents/edk2/Build/CryptoPkg/DEBUG_GCC5/X64/UnitTestFrameworkPkg/Library/UnitTestPersistenceLibNull/UnitTestPersistenceLibNull/OUTPUT/UnitTestPersistenceLibNull.lib
LOAD /home/xephyr/Documents/edk2/Build/CryptoPkg/DEBUG_GCC5/X64/MdePkg/Library/UefiMemoryAllocationLib/UefiMemoryAllocationLib/OUTPUT/UefiMemoryAllocationLib.lib
LOAD /home/xephyr/Documents/edk2/Build/CryptoPkg/DEBUG_GCC5/X64/UnitTestFrameworkPkg/Library/UnitTestLib/UnitTestLib/OUTPUT/UnitTestLib.lib
LOAD /home/xephyr/Documents/edk2/Build/CryptoPkg/DEBUG_GCC5/X64/MdePkg/Library/UefiApplicationEntryPoint/UefiApplicationEntryPoint/OUTPUT/UefiApplicationEntryPoint.lib
LOAD /home/xephyr/Documents/edk2/Build/CryptoPkg/DEBUG_GCC5/X64/CryptoPkg/Library/BaseCryptLibNull/BaseCryptLibNull/OUTPUT/BaseCryptLibNull.lib
LOAD /home/xephyr/Documents/edk2/Build/CryptoPkg/DEBUG_GCC5/X64/UnitTestFrameworkPkg/Library/UnitTestDebugAssertLib/UnitTestDebugAssertLib/OUTPUT/UnitTestDebugAssertLib.lib
END GROUP
                0x0000000000000228                PECOFF_HEADER_SIZE = 0x228
                0x0000000000000228                . = PECOFF_HEADER_SIZE

.text           0x0000000000000240     0x6aa0
 *(.text .text.* .stub .gnu.linkonce.t.*)
 .text.TestVerifyHmacPreReq
                0x0000000000000240       0x22 /tmp/BaseCryptLibUnitTestShell.dll.K2my0v.ltrans0.ltrans.o
 .text.InternalSafeStringNoAsciiStrOverlap
                0x0000000000000262       0x23 /tmp/BaseCryptLibUnitTestShell.dll.K2my0v.ltrans0.ltrans.o
 .text.AsciiStrnLenS
                0x0000000000000285       0x26 /tmp/BaseCryptLibUnitTestShell.dll.K2my0v.ltrans0.ltrans.o
 .text.AsciiStrCpyS
                0x00000000000002ab      0x121 /tmp/BaseCryptLibUnitTestShell.dll.K2my0v.ltrans0.ltrans.o
 .text.AsciiStrnCpyS
                0x00000000000003cc      0x126 /tmp/BaseCryptLibUnitTestShell.dll.K2my0v.ltrans0.ltrans.o
 .text.BasePrintLibFillBuffer
                0x00000000000004f2       0x2d /tmp/BaseCryptLibUnitTestShell.dll.K2my0v.ltrans0.ltrans.o
 .text.InternalAllocatePool.constprop.0
                0x000000000000051f       0x37 /tmp/BaseCryptLibUnitTestShell.dll.K2my0v.ltrans0.ltrans.o
 .text.AllocatePool
                0x0000000000000556       0x99 /tmp/BaseCryptLibUnitTestShell.dll.K2my0v.ltrans0.ltrans.o
 .text.TestVerifyHashPreReq
                0x00000000000005ef       0x2a /tmp/BaseCryptLibUnitTestShell.dll.K2my0v.ltrans0.ltrans.o
 .text.TestVerifyBLockCiperPreReq
                0x0000000000000619       0x29 /tmp/BaseCryptLibUnitTestShell.dll.K2my0v.ltrans0.ltrans.o
 .text.AllocateAndCopyString
                0x0000000000000642       0x52 /tmp/BaseCryptLibUnitTestShell.dll.K2my0v.ltrans0.ltrans.o
 .text.InternalAssertJumpBuffer
                0x0000000000000694        0x5 /tmp/BaseCryptLibUnitTestShell.dll.K2my0v.ltrans0.ltrans.o
                0x0000000000000694                InternalAssertJumpBuffer
 .text.UnitTestLogFailure
                0x0000000000000699      0x13e /tmp/BaseCryptLibUnitTestShell.dll.K2my0v.ltrans0.ltrans.o
 .text.TestVerifyRsaPreReq
                0x00000000000007d7       0x15 /tmp/BaseCryptLibUnitTestShell.dll.K2my0v.ltrans0.ltrans.o
 .text.TestVerifyDhPreReq
                0x00000000000007ec       0x15 /tmp/BaseCryptLibUnitTestShell.dll.K2my0v.ltrans0.ltrans.o
 .text.TestVerifyDhCleanUp
                0x0000000000000801       0x2f /tmp/BaseCryptLibUnitTestShell.dll.K2my0v.ltrans0.ltrans.o
 .text.TestVerifyRsaPssPreReq
                0x0000000000000830       0x15 /tmp/BaseCryptLibUnitTestShell.dll.K2my0v.ltrans0.ltrans.o
 .text.ZeroMem  0x0000000000000845       0x91 /tmp/BaseCryptLibUnitTestShell.dll.K2my0v.ltrans0.ltrans.o
 .text.AllocateZeroPool
                0x00000000000008d6       0xfc /tmp/BaseCryptLibUnitTestShell.dll.K2my0v.ltrans0.ltrans.o
 .text.CompareMem.part.0
                0x00000000000009d2       0x25 /tmp/BaseCryptLibUnitTestShell.dll.K2my0v.ltrans0.ltrans.o
 .text.CompareMem
                0x00000000000009f7       0x12 /tmp/BaseCryptLibUnitTestShell.dll.K2my0v.ltrans0.ltrans.o
 .text.CopyMem  0x0000000000000a09      0x201 /tmp/BaseCryptLibUnitTestShell.dll.K2my0v.ltrans0.ltrans.o
 .text.UnitTestLogInit
                0x0000000000000c0a       0x61 /tmp/BaseCryptLibUnitTestShell.dll.K2my0v.ltrans0.ltrans.o
 .text.CalculateCrc32
                0x0000000000000c6b       0x34 /tmp/BaseCryptLibUnitTestShell.dll.K2my0v.ltrans0.ltrans.o
 .text.InitializeListHead
                0x0000000000000c9f        0xb /tmp/BaseCryptLibUnitTestShell.dll.K2my0v.ltrans0.ltrans.o
 .text.InsertTailList
                0x0000000000000caa       0x16 /tmp/BaseCryptLibUnitTestShell.dll.K2my0v.ltrans0.ltrans.o
 .text.GetFirstNode
                0x0000000000000cc0        0x4 /tmp/BaseCryptLibUnitTestShell.dll.K2my0v.ltrans0.ltrans.o
 .text.GetNextNode
                0x0000000000000cc4        0x4 /tmp/BaseCryptLibUnitTestShell.dll.K2my0v.ltrans0.ltrans.o
 .text.RunTestSuite
                0x0000000000000cc8      0x1d0 /tmp/BaseCryptLibUnitTestShell.dll.K2my0v.ltrans0.ltrans.o
 .text.AsciiStrLen
                0x0000000000000e98        0xe /tmp/BaseCryptLibUnitTestShell.dll.K2my0v.ltrans0.ltrans.o
 .text.FreePool
                0x0000000000000ea6        0xa /tmp/BaseCryptLibUnitTestShell.dll.K2my0v.ltrans0.ltrans.o
 .text.TestVerifyHashCleanUp
                0x0000000000000eb0       0x13 /tmp/BaseCryptLibUnitTestShell.dll.K2my0v.ltrans0.ltrans.o
 .text.TestVerifyHmacCleanUp
                0x0000000000000ec3       0x13 /tmp/BaseCryptLibUnitTestShell.dll.K2my0v.ltrans0.ltrans.o
 .text.TestVerifyBLockCiperCleanUp
                0x0000000000000ed6       0x13 /tmp/BaseCryptLibUnitTestShell.dll.K2my0v.ltrans0.ltrans.o
 .text.GetActiveFrameworkHandle
                0x0000000000000ee9        0x8 /tmp/BaseCryptLibUnitTestShell.dll.K2my0v.ltrans0.ltrans.o
 .text.Md5GetContextSize
                0x0000000000000ef1        0x7 /tmp/BaseCryptLibUnitTestShell.dll.K2my0v.ltrans0.ltrans.o
 .text.Md5Init  0x0000000000000ef8        0x7 /tmp/BaseCryptLibUnitTestShell.dll.K2my0v.ltrans0.ltrans.o
 .text.Md5Update
                0x0000000000000eff        0x7 /tmp/BaseCryptLibUnitTestShell.dll.K2my0v.ltrans0.ltrans.o
 .text.Md5Final
                0x0000000000000f06        0x7 /tmp/BaseCryptLibUnitTestShell.dll.K2my0v.ltrans0.ltrans.o
 .text.Md5HashAll
                0x0000000000000f0d        0x7 /tmp/BaseCryptLibUnitTestShell.dll.K2my0v.ltrans0.ltrans.o
 .text.Sha1GetContextSize
                0x0000000000000f14        0x7 /tmp/BaseCryptLibUnitTestShell.dll.K2my0v.ltrans0.ltrans.o
 .text.Sha1Init
                0x0000000000000f1b        0x7 /tmp/BaseCryptLibUnitTestShell.dll.K2my0v.ltrans0.ltrans.o
 .text.Sha1Update
                0x0000000000000f22        0x7 /tmp/BaseCryptLibUnitTestShell.dll.K2my0v.ltrans0.ltrans.o
 .text.Sha1Final
                0x0000000000000f29        0x7 /tmp/BaseCryptLibUnitTestShell.dll.K2my0v.ltrans0.ltrans.o
 .text.Sha1HashAll
                0x0000000000000f30        0x7 /tmp/BaseCryptLibUnitTestShell.dll.K2my0v.ltrans0.ltrans.o
 .text.Sha256GetContextSize
                0x0000000000000f37        0x7 /tmp/BaseCryptLibUnitTestShell.dll.K2my0v.ltrans0.ltrans.o
 .text.Sha256Init
                0x0000000000000f3e        0x7 /tmp/BaseCryptLibUnitTestShell.dll.K2my0v.ltrans0.ltrans.o
 .text.Sha256Update
                0x0000000000000f45        0x7 /tmp/BaseCryptLibUnitTestShell.dll.K2my0v.ltrans0.ltrans.o
 .text.Sha256Final
                0x0000000000000f4c        0x7 /tmp/BaseCryptLibUnitTestShell.dll.K2my0v.ltrans0.ltrans.o
 .text.Sha256HashAll
                0x0000000000000f53        0x7 /tmp/BaseCryptLibUnitTestShell.dll.K2my0v.ltrans0.ltrans.o
 .text.Sha384GetContextSize
                0x0000000000000f5a        0x7 /tmp/BaseCryptLibUnitTestShell.dll.K2my0v.ltrans0.ltrans.o
 .text.Sha384Init
                0x0000000000000f61        0x7 /tmp/BaseCryptLibUnitTestShell.dll.K2my0v.ltrans0.ltrans.o
 .text.Sha384Update
                0x0000000000000f68        0x7 /tmp/BaseCryptLibUnitTestShell.dll.K2my0v.ltrans0.ltrans.o
 .text.Sha384Final
                0x0000000000000f6f        0x7 /tmp/BaseCryptLibUnitTestShell.dll.K2my0v.ltrans0.ltrans.o
 .text.Sha384HashAll
                0x0000000000000f76        0x7 /tmp/BaseCryptLibUnitTestShell.dll.K2my0v.ltrans0.ltrans.o
 .text.Sha512GetContextSize
                0x0000000000000f7d        0x7 /tmp/BaseCryptLibUnitTestShell.dll.K2my0v.ltrans0.ltrans.o
 .text.Sha512Init
                0x0000000000000f84        0x7 /tmp/BaseCryptLibUnitTestShell.dll.K2my0v.ltrans0.ltrans.o
 .text.Sha512Update
                0x0000000000000f8b        0x7 /tmp/BaseCryptLibUnitTestShell.dll.K2my0v.ltrans0.ltrans.o
 .text.Sha512Final
                0x0000000000000f92        0x7 /tmp/BaseCryptLibUnitTestShell.dll.K2my0v.ltrans0.ltrans.o
 .text.Sha512HashAll
                0x0000000000000f99        0x7 /tmp/BaseCryptLibUnitTestShell.dll.K2my0v.ltrans0.ltrans.o
 .text.HmacSha256New
                0x0000000000000fa0        0x7 /tmp/BaseCryptLibUnitTestShell.dll.K2my0v.ltrans0.ltrans.o
 .text.HmacSha256SetKey
                0x0000000000000fa7        0x7 /tmp/BaseCryptLibUnitTestShell.dll.K2my0v.ltrans0.ltrans.o
 .text.HmacSha256Update
                0x0000000000000fae        0x7 /tmp/BaseCryptLibUnitTestShell.dll.K2my0v.ltrans0.ltrans.o
 .text.HmacSha256Final
                0x0000000000000fb5        0x7 /tmp/BaseCryptLibUnitTestShell.dll.K2my0v.ltrans0.ltrans.o
 .text.AesGetContextSize
                0x0000000000000fbc        0x7 /tmp/BaseCryptLibUnitTestShell.dll.K2my0v.ltrans0.ltrans.o
 .text.AesInit  0x0000000000000fc3        0x7 /tmp/BaseCryptLibUnitTestShell.dll.K2my0v.ltrans0.ltrans.o
 .text.AesCbcEncrypt
                0x0000000000000fca        0x7 /tmp/BaseCryptLibUnitTestShell.dll.K2my0v.ltrans0.ltrans.o
 .text.AesCbcDecrypt
                0x0000000000000fd1        0x7 /tmp/BaseCryptLibUnitTestShell.dll.K2my0v.ltrans0.ltrans.o
 .text.TestVerifyRsaCleanUp
                0x0000000000000fd8       0x1a /tmp/BaseCryptLibUnitTestShell.dll.K2my0v.ltrans0.ltrans.o
 .text.TestVerifyRsaPssCleanUp
                0x0000000000000ff2       0x1a /tmp/BaseCryptLibUnitTestShell.dll.K2my0v.ltrans0.ltrans.o
 .text.RsaCheckKey
                0x000000000000100c        0x3 /tmp/BaseCryptLibUnitTestShell.dll.K2my0v.ltrans0.ltrans.o
 .text.BasePrintLibSPrintMarker.constprop.0
                0x000000000000100f      0x9c4 /tmp/BaseCryptLibUnitTestShell.dll.K2my0v.ltrans0.ltrans.o
 .text.ReportPrint
                0x00000000000019d3      0x11c /tmp/BaseCryptLibUnitTestShell.dll.K2my0v.ltrans0.ltrans.o
 .text.AsciiSPrint.constprop.0
                0x0000000000001aef       0xc4 /tmp/BaseCryptLibUnitTestShell.dll.K2my0v.ltrans0.ltrans.o
 .text.UnitTestLog
                0x0000000000001bb3      0x214 /tmp/BaseCryptLibUnitTestShell.dll.K2my0v.ltrans0.ltrans.o
 .text.UnitTestAssertTrue
                0x0000000000001dc7       0x5e /tmp/BaseCryptLibUnitTestShell.dll.K2my0v.ltrans0.ltrans.o
 .text.TestVerifyAuthenticodeVerify
                0x0000000000001e25       0xac /tmp/BaseCryptLibUnitTestShell.dll.K2my0v.ltrans0.ltrans.o
 .text.UnitTestAssertEqual
                0x0000000000001ed1       0x9c /tmp/BaseCryptLibUnitTestShell.dll.K2my0v.ltrans0.ltrans.o
 .text.TestVerifyImageTimestampVerify
                0x0000000000001f6d      0x1bd /tmp/BaseCryptLibUnitTestShell.dll.K2my0v.ltrans0.ltrans.o
 .text.UnitTestAssertMemEqual
                0x000000000000212a       0x93 /tmp/BaseCryptLibUnitTestShell.dll.K2my0v.ltrans0.ltrans.o
 .text.TestVerifyHash
                0x00000000000021bd      0x1ab /tmp/BaseCryptLibUnitTestShell.dll.K2my0v.ltrans0.ltrans.o
 .text.TestVerifyHmac
                0x0000000000002368      0x123 /tmp/BaseCryptLibUnitTestShell.dll.K2my0v.ltrans0.ltrans.o
 .text.TestVerifyBLockCiper
                0x000000000000248b      0x27c /tmp/BaseCryptLibUnitTestShell.dll.K2my0v.ltrans0.ltrans.o
 .text.TestVerifyPkcs5Pbkdf2
                0x0000000000002707       0xa7 /tmp/BaseCryptLibUnitTestShell.dll.K2my0v.ltrans0.ltrans.o
 .text.TestVerifyDhGenerateKey
                0x00000000000027ae      0x1a4 /tmp/BaseCryptLibUnitTestShell.dll.K2my0v.ltrans0.ltrans.o
 .text.BasePrintLibSPrint.constprop.0
                0x0000000000002952       0xb8 /tmp/BaseCryptLibUnitTestShell.dll.K2my0v.ltrans0.ltrans.o
 .text.UnitTestAssertStatusEqual.constprop.0
                0x0000000000002a0a       0x7f /tmp/BaseCryptLibUnitTestShell.dll.K2my0v.ltrans0.ltrans.o
 .text.TestVerifyEKUsInSignature
                0x0000000000002a89       0x4a /tmp/BaseCryptLibUnitTestShell.dll.K2my0v.ltrans0.ltrans.o
 .text.TestVerifyEKUsWith3CertsInSignature
                0x0000000000002ad3       0x4a /tmp/BaseCryptLibUnitTestShell.dll.K2my0v.ltrans0.ltrans.o
 .text.TestVerifyEKUsWith2CertsInSignature
                0x0000000000002b1d       0x4a /tmp/BaseCryptLibUnitTestShell.dll.K2my0v.ltrans0.ltrans.o
 .text.TestVerifyEKUsWith1CertInSignature
                0x0000000000002b67       0x4a /tmp/BaseCryptLibUnitTestShell.dll.K2my0v.ltrans0.ltrans.o
 .text.TestVerifyEKUsWithMultipleEKUsInCert
                0x0000000000002bb1       0x4a /tmp/BaseCryptLibUnitTestShell.dll.K2my0v.ltrans0.ltrans.o
 .text.TestProductId10001PresentInSignature
                0x0000000000002bfb       0x4a /tmp/BaseCryptLibUnitTestShell.dll.K2my0v.ltrans0.ltrans.o
 .text.TestOnlyOneEkuInListRequired
                0x0000000000002c45       0x4a /tmp/BaseCryptLibUnitTestShell.dll.K2my0v.ltrans0.ltrans.o
 .text.TestInvalidParameters
                0x0000000000002c8f       0x92 /tmp/BaseCryptLibUnitTestShell.dll.K2my0v.ltrans0.ltrans.o
 .text.UnitTestAssertFalse.constprop.0
                0x0000000000002d21       0x63 /tmp/BaseCryptLibUnitTestShell.dll.K2my0v.ltrans0.ltrans.o
 .text.TestVerifyRsaSetGetKeyComponents
                0x0000000000002d84      0x37d /tmp/BaseCryptLibUnitTestShell.dll.K2my0v.ltrans0.ltrans.o
 .text.TestVerifyRsaGenerateKeyComponents
                0x0000000000003101      0x2a3 /tmp/BaseCryptLibUnitTestShell.dll.K2my0v.ltrans0.ltrans.o
 .text.TestVerifyPrngGeneration
                0x00000000000033a4       0xd8 /tmp/BaseCryptLibUnitTestShell.dll.K2my0v.ltrans0.ltrans.o
 .text.TestVerifyOaepEncrypt
                0x000000000000347c      0x19d /tmp/BaseCryptLibUnitTestShell.dll.K2my0v.ltrans0.ltrans.o
 .text.UnitTestAssertNotEqual.constprop.0
                0x0000000000003619       0xa1 /tmp/BaseCryptLibUnitTestShell.dll.K2my0v.ltrans0.ltrans.o
 .text.TestVerifyRsaPkcs1SignVerify
                0x00000000000036ba      0x22d /tmp/BaseCryptLibUnitTestShell.dll.K2my0v.ltrans0.ltrans.o
 .text.TestVerifyRsaCertPkcs1SignVerify
                0x00000000000038e7      0x1b7 /tmp/BaseCryptLibUnitTestShell.dll.K2my0v.ltrans0.ltrans.o
 .text.TestVerifyPkcs7SignVerify
                0x0000000000003a9e       0x8c /tmp/BaseCryptLibUnitTestShell.dll.K2my0v.ltrans0.ltrans.o
 .text.TestEkusNotPresentInSignature
                0x0000000000003b2a       0x56 /tmp/BaseCryptLibUnitTestShell.dll.K2my0v.ltrans0.ltrans.o
 .text.TestNoEKUsInSignature
                0x0000000000003b80       0x56 /tmp/BaseCryptLibUnitTestShell.dll.K2my0v.ltrans0.ltrans.o
 .text.TestEKUSubsetSupersetFails
                0x0000000000003bd6       0x96 /tmp/BaseCryptLibUnitTestShell.dll.K2my0v.ltrans0.ltrans.o
 .text.TestVerifyRsaPssSignVerify
                0x0000000000003c6c      0x178 /tmp/BaseCryptLibUnitTestShell.dll.K2my0v.ltrans0.ltrans.o
 .text._ModuleEntryPoint
                0x0000000000003de4      0xb0e /tmp/BaseCryptLibUnitTestShell.dll.K2my0v.ltrans0.ltrans.o
                0x0000000000003de4                _ModuleEntryPoint
 *fill*         0x00000000000048f2        0xe 
 .text          0x0000000000004900       0xac /home/xephyr/Documents/edk2/Build/CryptoPkg/DEBUG_GCC5/X64/MdePkg/Library/BaseLib/BaseLib/OUTPUT/BaseLib.lib(LongJump.obj)
                0x0000000000004900                InternalLongJump
 *fill*         0x00000000000049ac        0x4 
 .text          0x00000000000049b0       0xc2 /home/xephyr/Documents/edk2/Build/CryptoPkg/DEBUG_GCC5/X64/MdePkg/Library/BaseLib/BaseLib/OUTPUT/BaseLib.lib(SetJump.obj)
                0x00000000000049b0                SetJump
 *(.rodata .rodata.* .gnu.linkonce.r.*)
 .rodata.UnitTestDebugAssert.str1.1
                0x0000000000004a72       0x4f /tmp/BaseCryptLibUnitTestShell.dll.K2my0v.ltrans0.ltrans.o
                                         0x76 (size before relaxing)
 .rodata.BasePrintLibSPrintMarker.constprop.0.str1.1
                0x0000000000004ac1       0x7b /tmp/BaseCryptLibUnitTestShell.dll.K2my0v.ltrans0.ltrans.o
 .rodata.BasePrintLibSPrintMarker.constprop.0
                0x0000000000004b3c       0xec /tmp/BaseCryptLibUnitTestShell.dll.K2my0v.ltrans0.ltrans.o
 .rodata.AsciiSPrint.constprop.0.str1.1
                0x0000000000004c28        0x5 /tmp/BaseCryptLibUnitTestShell.dll.K2my0v.ltrans0.ltrans.o
 .rodata.TestVerifyAuthenticodeVerify.str1.1
                0x0000000000004c2d       0x5d /tmp/BaseCryptLibUnitTestShell.dll.K2my0v.ltrans0.ltrans.o
                                         0x64 (size before relaxing)
 .rodata.UnitTestAssertEqual.str1.1
                0x0000000000004c8a       0x31 /tmp/BaseCryptLibUnitTestShell.dll.K2my0v.ltrans0.ltrans.o
                                         0x54 (size before relaxing)
 .rodata.TestVerifyImageTimestampVerify.str1.1
                0x0000000000004cbb       0xca /tmp/BaseCryptLibUnitTestShell.dll.K2my0v.ltrans0.ltrans.o
                                         0xce (size before relaxing)
 .rodata.UnitTestAssertMemEqual.str1.1
                0x0000000000004d85       0x6a /tmp/BaseCryptLibUnitTestShell.dll.K2my0v.ltrans0.ltrans.o
 .rodata.TestVerifyHash.str1.1
                0x0000000000004def       0x71 /tmp/BaseCryptLibUnitTestShell.dll.K2my0v.ltrans0.ltrans.o
                                         0x78 (size before relaxing)
 .rodata.TestVerifyHmac.str1.1
                0x0000000000004e60       0x76 /tmp/BaseCryptLibUnitTestShell.dll.K2my0v.ltrans0.ltrans.o
 .rodata.TestVerifyBLockCiper.str1.1
                0x0000000000004ed6       0x8a /tmp/BaseCryptLibUnitTestShell.dll.K2my0v.ltrans0.ltrans.o
                                         0x92 (size before relaxing)
 .rodata.TestVerifyPkcs5Pbkdf2.str1.1
                0x0000000000004f60       0x6e /tmp/BaseCryptLibUnitTestShell.dll.K2my0v.ltrans0.ltrans.o
 .rodata.TestVerifyDhGenerateKey.str1.1
                0x0000000000004fce       0x73 /tmp/BaseCryptLibUnitTestShell.dll.K2my0v.ltrans0.ltrans.o
 .rodata.UnitTestAssertStatusEqual.constprop.0.str1.1
                0x0000000000005041       0x90 /tmp/BaseCryptLibUnitTestShell.dll.K2my0v.ltrans0.ltrans.o
                                         0xb9 (size before relaxing)
 .rodata.UnitTestAssertFalse.constprop.0.str1.1
                0x00000000000050d1       0x59 /tmp/BaseCryptLibUnitTestShell.dll.K2my0v.ltrans0.ltrans.o
 .rodata.TestVerifyRsaSetGetKeyComponents.str1.1
                0x000000000000512a       0x8c /tmp/BaseCryptLibUnitTestShell.dll.K2my0v.ltrans0.ltrans.o
                                         0x8e (size before relaxing)
 .rodata.TestVerifyRsaGenerateKeyComponents.str1.1
                0x00000000000051b6       0x28 /tmp/BaseCryptLibUnitTestShell.dll.K2my0v.ltrans0.ltrans.o
 .rodata.TestVerifyPrngGeneration.str1.1
                0x00000000000051de       0x55 /tmp/BaseCryptLibUnitTestShell.dll.K2my0v.ltrans0.ltrans.o
 .rodata.TestVerifyOaepEncrypt.str1.1
                0x0000000000005233       0x5c /tmp/BaseCryptLibUnitTestShell.dll.K2my0v.ltrans0.ltrans.o
 .rodata.UnitTestAssertNotEqual.constprop.0.str1.1
                0x000000000000528f       0x31 /tmp/BaseCryptLibUnitTestShell.dll.K2my0v.ltrans0.ltrans.o
                                         0x54 (size before relaxing)
 .rodata.TestVerifyRsaPkcs1SignVerify.str1.1
                0x00000000000052c0       0x35 /tmp/BaseCryptLibUnitTestShell.dll.K2my0v.ltrans0.ltrans.o
                                         0x3f (size before relaxing)
 .rodata.TestVerifyRsaCertPkcs1SignVerify.str1.1
                0x00000000000052f5       0x9b /tmp/BaseCryptLibUnitTestShell.dll.K2my0v.ltrans0.ltrans.o
                                         0xc2 (size before relaxing)
 .rodata.TestVerifyPkcs7SignVerify.str1.1
                0x0000000000005390       0x35 /tmp/BaseCryptLibUnitTestShell.dll.K2my0v.ltrans0.ltrans.o
                                         0x53 (size before relaxing)
 .rodata.TestEkusNotPresentInSignature.str1.1
                0x00000000000053c5        0xc /tmp/BaseCryptLibUnitTestShell.dll.K2my0v.ltrans0.ltrans.o
 .rodata.TestVerifyRsaPssSignVerify.str1.1
                0x00000000000053d1       0x57 /tmp/BaseCryptLibUnitTestShell.dll.K2my0v.ltrans0.ltrans.o
 .rodata._ModuleEntryPoint.str1.1
                0x0000000000005428      0x28d /tmp/BaseCryptLibUnitTestShell.dll.K2my0v.ltrans0.ltrans.o
                                        0x2cb (size before relaxing)
 *fill*         0x00000000000056b5        0x3 
 .rodata._gPcd_FixedAtBuild_PcdControlFlowEnforcementPropertyMask
                0x00000000000056b8        0x4 /tmp/BaseCryptLibUnitTestShell.dll.K2my0v.ltrans0.ltrans.o
                0x00000000000056b8                _gPcd_FixedAtBuild_PcdControlFlowEnforcementPropertyMask
 *fill*         0x00000000000056bc        0x4 
 .rodata.Aes128CbcCipher
                0x00000000000056c0       0x20 /tmp/BaseCryptLibUnitTestShell.dll.K2my0v.ltrans0.ltrans.o
 .rodata.Aes128CbcData
                0x00000000000056e0       0x20 /tmp/BaseCryptLibUnitTestShell.dll.K2my0v.ltrans0.ltrans.o
 .rodata.Aes128CbcIvec
                0x0000000000005700       0x10 /tmp/BaseCryptLibUnitTestShell.dll.K2my0v.ltrans0.ltrans.o
 .rodata.Aes128CbcKey
                0x0000000000005710       0x10 /tmp/BaseCryptLibUnitTestShell.dll.K2my0v.ltrans0.ltrans.o
 .rodata.HmacSha256Digest
                0x0000000000005720       0x20 /tmp/BaseCryptLibUnitTestShell.dll.K2my0v.ltrans0.ltrans.o
 .rodata.HmacSha256Key
                0x0000000000005740       0x14 /tmp/BaseCryptLibUnitTestShell.dll.K2my0v.ltrans0.ltrans.o
 *fill*         0x0000000000005754        0xc 
 .rodata.Sha512Digest
                0x0000000000005760       0x40 /tmp/BaseCryptLibUnitTestShell.dll.K2my0v.ltrans0.ltrans.o
 .rodata.Sha384Digest
                0x00000000000057a0       0x30 /tmp/BaseCryptLibUnitTestShell.dll.K2my0v.ltrans0.ltrans.o
 *fill*         0x00000000000057d0       0x10 
 .rodata.Sha256Digest
                0x00000000000057e0       0x20 /tmp/BaseCryptLibUnitTestShell.dll.K2my0v.ltrans0.ltrans.o
 .rodata.Sha1Digest
                0x0000000000005800       0x14 /tmp/BaseCryptLibUnitTestShell.dll.K2my0v.ltrans0.ltrans.o
 *fill*         0x0000000000005814        0xc 
 .rodata.Md5Digest
                0x0000000000005820       0x10 /tmp/BaseCryptLibUnitTestShell.dll.K2my0v.ltrans0.ltrans.o
 .rodata.str1.1
                0x0000000000005830      0x761 /tmp/BaseCryptLibUnitTestShell.dll.K2my0v.ltrans0.ltrans.o
                                        0x768 (size before relaxing)
 *fill*         0x0000000000005f91        0xf 
 .rodata.mHexStr
                0x0000000000005fa0       0x10 /tmp/BaseCryptLibUnitTestShell.dll.K2my0v.ltrans0.ltrans.o
 *fill*         0x0000000000005fb0       0x10 
 .rodata.mWarningString
                0x0000000000005fc0       0x96 /tmp/BaseCryptLibUnitTestShell.dll.K2my0v.ltrans0.ltrans.o
 *fill*         0x0000000000006056        0xa 
 .rodata.mErrorString
                0x0000000000006060      0x2b5 /tmp/BaseCryptLibUnitTestShell.dll.K2my0v.ltrans0.ltrans.o
 *fill*         0x0000000000006315        0xb 
 .rodata.mCrcTable
                0x0000000000006320      0x400 /tmp/BaseCryptLibUnitTestShell.dll.K2my0v.ltrans0.ltrans.o
 .rodata.__FUNCTION__.0.lto_priv.12
                0x0000000000006720       0x1b /tmp/BaseCryptLibUnitTestShell.dll.K2my0v.ltrans0.ltrans.o
 *fill*         0x000000000000673b        0x5 
 .rodata.__FUNCTION__.0.lto_priv.11
                0x0000000000006740       0x16 /tmp/BaseCryptLibUnitTestShell.dll.K2my0v.ltrans0.ltrans.o
 *fill*         0x0000000000006756        0xa 
 .rodata.__FUNCTION__.10
                0x0000000000006760       0x1b /tmp/BaseCryptLibUnitTestShell.dll.K2my0v.ltrans0.ltrans.o
 *fill*         0x000000000000677b        0x5 
 .rodata.__FUNCTION__.9
                0x0000000000006780       0x16 /tmp/BaseCryptLibUnitTestShell.dll.K2my0v.ltrans0.ltrans.o
 *fill*         0x0000000000006796        0xa 
 .rodata.__FUNCTION__.8
                0x00000000000067a0       0x16 /tmp/BaseCryptLibUnitTestShell.dll.K2my0v.ltrans0.ltrans.o
 *fill*         0x00000000000067b6        0xa 
 .rodata.__FUNCTION__.7
                0x00000000000067c0       0x1d /tmp/BaseCryptLibUnitTestShell.dll.K2my0v.ltrans0.ltrans.o
 *fill*         0x00000000000067dd        0x3 
 .rodata.__FUNCTION__.6
                0x00000000000067e0       0x25 /tmp/BaseCryptLibUnitTestShell.dll.K2my0v.ltrans0.ltrans.o
 *fill*         0x0000000000006805        0xb 
 .rodata.__FUNCTION__.5
                0x0000000000006810       0x1e /tmp/BaseCryptLibUnitTestShell.dll.K2my0v.ltrans0.ltrans.o
 *fill*         0x000000000000682e       0x12 
 .rodata.__FUNCTION__.4
                0x0000000000006840       0x25 /tmp/BaseCryptLibUnitTestShell.dll.K2my0v.ltrans0.ltrans.o
 *fill*         0x0000000000006865       0x1b 
 .rodata.__FUNCTION__.3
                0x0000000000006880       0x23 /tmp/BaseCryptLibUnitTestShell.dll.K2my0v.ltrans0.ltrans.o
 *fill*         0x00000000000068a3       0x1d 
 .rodata.__FUNCTION__.2.lto_priv.1
                0x00000000000068c0       0x24 /tmp/BaseCryptLibUnitTestShell.dll.K2my0v.ltrans0.ltrans.o
 *fill*         0x00000000000068e4       0x1c 
 .rodata.__FUNCTION__.1.lto_priv.2
                0x0000000000006900       0x24 /tmp/BaseCryptLibUnitTestShell.dll.K2my0v.ltrans0.ltrans.o
 *fill*         0x0000000000006924        0xc 
 .rodata.__FUNCTION__.0.lto_priv.10
                0x0000000000006930       0x1a /tmp/BaseCryptLibUnitTestShell.dll.K2my0v.ltrans0.ltrans.o
 *fill*         0x000000000000694a        0x6 
 .rodata.__FUNCTION__.0.lto_priv.9
                0x0000000000006950       0x19 /tmp/BaseCryptLibUnitTestShell.dll.K2my0v.ltrans0.ltrans.o
 *fill*         0x0000000000006969        0x7 
 .rodata.__FUNCTION__.0.lto_priv.8
                0x0000000000006970       0x18 /tmp/BaseCryptLibUnitTestShell.dll.K2my0v.ltrans0.ltrans.o
 *fill*         0x0000000000006988        0x8 
 .rodata.__FUNCTION__.0.lto_priv.7
                0x0000000000006990       0x1f /tmp/BaseCryptLibUnitTestShell.dll.K2my0v.ltrans0.ltrans.o
 *fill*         0x00000000000069af        0x1 
 .rodata.__FUNCTION__.0.lto_priv.6
                0x00000000000069b0       0x1d /tmp/BaseCryptLibUnitTestShell.dll.K2my0v.ltrans0.ltrans.o
 *fill*         0x00000000000069cd        0x3 
 .rodata.DerivedKey
                0x00000000000069d0       0x14 /tmp/BaseCryptLibUnitTestShell.dll.K2my0v.ltrans0.ltrans.o
 *fill*         0x00000000000069e4        0xc 
 .rodata.__FUNCTION__.0.lto_priv.5
                0x00000000000069f0       0x16 /tmp/BaseCryptLibUnitTestShell.dll.K2my0v.ltrans0.ltrans.o
 *fill*         0x0000000000006a06        0xa 
 .rodata.__FUNCTION__.0.lto_priv.4
                0x0000000000006a10       0x1a /tmp/BaseCryptLibUnitTestShell.dll.K2my0v.ltrans0.ltrans.o
 *fill*         0x0000000000006a2a       0x16 
 .rodata.__FUNCTION__.1.lto_priv.1
                0x0000000000006a40       0x21 /tmp/BaseCryptLibUnitTestShell.dll.K2my0v.ltrans0.ltrans.o
 *fill*         0x0000000000006a61       0x1f 
 .rodata.RsaPkcs1Signature
                0x0000000000006a80       0x80 /tmp/BaseCryptLibUnitTestShell.dll.K2my0v.ltrans0.ltrans.o
 .rodata.__FUNCTION__.0.lto_priv.3
                0x0000000000006b00       0x1d /tmp/BaseCryptLibUnitTestShell.dll.K2my0v.ltrans0.ltrans.o
 *fill*         0x0000000000006b1d        0x3 
 .rodata.RsaSignData
                0x0000000000006b20       0x26 /tmp/BaseCryptLibUnitTestShell.dll.K2my0v.ltrans0.ltrans.o
 .rodata.DefaultPublicKey
                0x0000000000006b46        0x3 /tmp/BaseCryptLibUnitTestShell.dll.K2my0v.ltrans0.ltrans.o
 *fill*         0x0000000000006b49       0x17 
 .rodata.__FUNCTION__.1.lto_priv.0
                0x0000000000006b60       0x23 /tmp/BaseCryptLibUnitTestShell.dll.K2my0v.ltrans0.ltrans.o
 .rodata.RsaE   0x0000000000006b83        0x1 /tmp/BaseCryptLibUnitTestShell.dll.K2my0v.ltrans0.ltrans.o
 *fill*         0x0000000000006b84       0x1c 
 .rodata.__FUNCTION__.2.lto_priv.0
                0x0000000000006ba0       0x21 /tmp/BaseCryptLibUnitTestShell.dll.K2my0v.ltrans0.ltrans.o
 *fill*         0x0000000000006bc1       0x1f 
 .rodata.RsaN   0x0000000000006be0       0x80 /tmp/BaseCryptLibUnitTestShell.dll.K2my0v.ltrans0.ltrans.o
 .rodata.__FUNCTION__.0.lto_priv.2
                0x0000000000006c60       0x15 /tmp/BaseCryptLibUnitTestShell.dll.K2my0v.ltrans0.ltrans.o
 *fill*         0x0000000000006c75        0x3 
 .rodata.__FUNCTION__.0.lto_priv.1
                0x0000000000006c78        0xf /tmp/BaseCryptLibUnitTestShell.dll.K2my0v.ltrans0.ltrans.o
 *fill*         0x0000000000006c87        0x1 
 .rodata.__FUNCTION__.0.lto_priv.0
                0x0000000000006c88        0xf /tmp/BaseCryptLibUnitTestShell.dll.K2my0v.ltrans0.ltrans.o
 *fill*         0x0000000000006c97        0x9 
 .rodata.cst16  0x0000000000006ca0       0x40 /tmp/BaseCryptLibUnitTestShell.dll.K2my0v.ltrans0.ltrans.o
 *(.got .got.*)
 .got           0x0000000000006ce0        0x0 UnitTestMain.obj (symbol from plugin)
 .got.plt       0x0000000000006ce0        0x0 UnitTestMain.obj (symbol from plugin)
 *:AutoGen.obj(.data.g*Guid)

.plt            0x0000000000006ce0        0x0
 .plt           0x0000000000006ce0        0x0 UnitTestMain.obj (symbol from plugin)

.plt.got        0x0000000000006ce0        0x0
 .plt.got       0x0000000000006ce0        0x0 UnitTestMain.obj (symbol from plugin)

.data           0x0000000000006d00     0x3b58
 *(.data .data.* .gnu.linkonce.d.*)
 .data.rel.local.mAes128CbcTestCtx
                0x0000000000006d00       0x78 /tmp/BaseCryptLibUnitTestShell.dll.K2my0v.ltrans0.ltrans.o
 *fill*         0x0000000000006d78        0x8 
 .data.rel.local.mHmacSha256TestCtx
                0x0000000000006d80       0x48 /tmp/BaseCryptLibUnitTestShell.dll.K2my0v.ltrans0.ltrans.o
 *fill*         0x0000000000006dc8       0x18 
 .data.rel.local.mSha512TestCtx
                0x0000000000006de0       0x40 /tmp/BaseCryptLibUnitTestShell.dll.K2my0v.ltrans0.ltrans.o
 .data.rel.local.mSha384TestCtx
                0x0000000000006e20       0x40 /tmp/BaseCryptLibUnitTestShell.dll.K2my0v.ltrans0.ltrans.o
 .data.rel.local.mSha256TestCtx
                0x0000000000006e60       0x40 /tmp/BaseCryptLibUnitTestShell.dll.K2my0v.ltrans0.ltrans.o
 .data.rel.local.mSha1TestCtx
                0x0000000000006ea0       0x40 /tmp/BaseCryptLibUnitTestShell.dll.K2my0v.ltrans0.ltrans.o
 .data.rel.local.mMd5TestCtx
                0x0000000000006ee0       0x40 /tmp/BaseCryptLibUnitTestShell.dll.K2my0v.ltrans0.ltrans.o
 .data.rel.local.mOaepTest
                0x0000000000006f20       0x30 /tmp/BaseCryptLibUnitTestShell.dll.K2my0v.ltrans0.ltrans.o
 .data.mOaepTestNum
                0x0000000000006f50        0x8 /tmp/BaseCryptLibUnitTestShell.dll.K2my0v.ltrans0.ltrans.o
 *fill*         0x0000000000006f58        0x8 
 .data.rel.local.mPrngTest
                0x0000000000006f60       0x30 /tmp/BaseCryptLibUnitTestShell.dll.K2my0v.ltrans0.ltrans.o
 .data.mPrngTestNum
                0x0000000000006f90        0x8 /tmp/BaseCryptLibUnitTestShell.dll.K2my0v.ltrans0.ltrans.o
 *fill*         0x0000000000006f98        0x8 
 .data.rel.local.mDhTest
                0x0000000000006fa0       0x30 /tmp/BaseCryptLibUnitTestShell.dll.K2my0v.ltrans0.ltrans.o
 .data.mDhTestNum
                0x0000000000006fd0        0x8 /tmp/BaseCryptLibUnitTestShell.dll.K2my0v.ltrans0.ltrans.o
 *fill*         0x0000000000006fd8        0x8 
 .data.rel.local.mImageTimestampTest
                0x0000000000006fe0       0x30 /tmp/BaseCryptLibUnitTestShell.dll.K2my0v.ltrans0.ltrans.o
 .data.mImageTimestampTestNum
                0x0000000000007010        0x8 /tmp/BaseCryptLibUnitTestShell.dll.K2my0v.ltrans0.ltrans.o
 *fill*         0x0000000000007018        0x8 
 .data.rel.local.mAuthenticodeTest
                0x0000000000007020       0x30 /tmp/BaseCryptLibUnitTestShell.dll.K2my0v.ltrans0.ltrans.o
 .data.mAuthenticodeTestNum
                0x0000000000007050        0x8 /tmp/BaseCryptLibUnitTestShell.dll.K2my0v.ltrans0.ltrans.o
 *fill*         0x0000000000007058        0x8 
 .data.rel.local.mPkcs5Test
                0x0000000000007060       0x30 /tmp/BaseCryptLibUnitTestShell.dll.K2my0v.ltrans0.ltrans.o
 .data.mPkcs5TestNum
                0x0000000000007090        0x8 /tmp/BaseCryptLibUnitTestShell.dll.K2my0v.ltrans0.ltrans.o
 *fill*         0x0000000000007098        0x8 
 .data.rel.local.mPkcs7Test
                0x00000000000070a0       0x30 /tmp/BaseCryptLibUnitTestShell.dll.K2my0v.ltrans0.ltrans.o
 .data.mPkcs7TestNum
                0x00000000000070d0        0x8 /tmp/BaseCryptLibUnitTestShell.dll.K2my0v.ltrans0.ltrans.o
 *fill*         0x00000000000070d8        0x8 
 .data.rel.local.mRsaCertTest
                0x00000000000070e0       0x30 /tmp/BaseCryptLibUnitTestShell.dll.K2my0v.ltrans0.ltrans.o
 .data.mRsaCertTestNum
                0x0000000000007110        0x8 /tmp/BaseCryptLibUnitTestShell.dll.K2my0v.ltrans0.ltrans.o
 *fill*         0x0000000000007118        0x8 
 .data.rel.local.mRsaPssTest
                0x0000000000007120       0x30 /tmp/BaseCryptLibUnitTestShell.dll.K2my0v.ltrans0.ltrans.o
 .data.mRsaPssTestNum
                0x0000000000007150        0x8 /tmp/BaseCryptLibUnitTestShell.dll.K2my0v.ltrans0.ltrans.o
 *fill*         0x0000000000007158        0x8 
 .data.rel.local.mRsaTest
                0x0000000000007160       0x90 /tmp/BaseCryptLibUnitTestShell.dll.K2my0v.ltrans0.ltrans.o
 .data.mRsaTestNum
                0x00000000000071f0        0x8 /tmp/BaseCryptLibUnitTestShell.dll.K2my0v.ltrans0.ltrans.o
 *fill*         0x00000000000071f8        0x8 
 .data.rel.local.mBlockCipherTest
                0x0000000000007200       0x30 /tmp/BaseCryptLibUnitTestShell.dll.K2my0v.ltrans0.ltrans.o
 .data.mBlockCipherTestNum
                0x0000000000007230        0x8 /tmp/BaseCryptLibUnitTestShell.dll.K2my0v.ltrans0.ltrans.o
 *fill*         0x0000000000007238        0x8 
 .data.rel.local.mHmacTest
                0x0000000000007240       0x30 /tmp/BaseCryptLibUnitTestShell.dll.K2my0v.ltrans0.ltrans.o
 .data.mHmacTestNum
                0x0000000000007270        0x8 /tmp/BaseCryptLibUnitTestShell.dll.K2my0v.ltrans0.ltrans.o
 *fill*         0x0000000000007278        0x8 
 .data.rel.local.mHashTest
                0x0000000000007280       0xf0 /tmp/BaseCryptLibUnitTestShell.dll.K2my0v.ltrans0.ltrans.o
 .data.mHashTestNum
                0x0000000000007370        0x8 /tmp/BaseCryptLibUnitTestShell.dll.K2my0v.ltrans0.ltrans.o
 *fill*         0x0000000000007378        0x8 
 .data.rel.local.mPkcs7EkuTest
                0x0000000000007380      0x210 /tmp/BaseCryptLibUnitTestShell.dll.K2my0v.ltrans0.ltrans.o
 .data.mPkcs7EkuTestNum
                0x0000000000007590        0x8 /tmp/BaseCryptLibUnitTestShell.dll.K2my0v.ltrans0.ltrans.o
 *fill*         0x0000000000007598        0x8 
 .data.rel.ro.local.mSuiteDesc
                0x00000000000075a0      0x2a0 /tmp/BaseCryptLibUnitTestShell.dll.K2my0v.ltrans0.ltrans.o
 .data.rel.ro.local.mStatusStrings
                0x0000000000007840       0x60 /tmp/BaseCryptLibUnitTestShell.dll.K2my0v.ltrans0.ltrans.o
 .data.rel.ro.local.mFailureTypeStrings
                0x00000000000078a0       0xb0 /tmp/BaseCryptLibUnitTestShell.dll.K2my0v.ltrans0.ltrans.o
 *fill*         0x0000000000007950       0x10 
 .data.rel.ro.local.mLogPrefixStrings
                0x0000000000007960       0x40 /tmp/BaseCryptLibUnitTestShell.dll.K2my0v.ltrans0.ltrans.o
 .data.AuthenticodeWithSha256
                0x00000000000079a0      0xed9 /tmp/BaseCryptLibUnitTestShell.dll.K2my0v.ltrans0.ltrans.o
 *fill*         0x0000000000008879        0x7 
 .data.HashOidValue
                0x0000000000008880       0x31 /tmp/BaseCryptLibUnitTestShell.dll.K2my0v.ltrans0.ltrans.o
 *fill*         0x00000000000088b1        0xf 
 .data.AuthenticodeWithSha1
                0x00000000000088c0     0x1c48 /tmp/BaseCryptLibUnitTestShell.dll.K2my0v.ltrans0.ltrans.o
 .data.rel.ro   0x000000000000a508        0x0 UnitTestMain.obj (symbol from plugin)
 *(.bss .bss.*)
 .bss.gImageHandle
                0x000000000000a508        0x8 /tmp/BaseCryptLibUnitTestShell.dll.K2my0v.ltrans0.ltrans.o
 *fill*         0x000000000000a510       0x10 
 .bss.gUnitTestJumpBuffer
                0x000000000000a520      0x100 /tmp/BaseCryptLibUnitTestShell.dll.K2my0v.ltrans0.ltrans.o
 .bss.mFrameworkHandle
                0x000000000000a620        0x8 /tmp/BaseCryptLibUnitTestShell.dll.K2my0v.ltrans0.ltrans.o
 .bss.gBS       0x000000000000a628        0x8 /tmp/BaseCryptLibUnitTestShell.dll.K2my0v.ltrans0.ltrans.o
 .bss.gST       0x000000000000a630        0x8 /tmp/BaseCryptLibUnitTestShell.dll.K2my0v.ltrans0.ltrans.o
 .bss.mRsa.lto_priv.0
                0x000000000000a638        0x8 /tmp/BaseCryptLibUnitTestShell.dll.K2my0v.ltrans0.ltrans.o
 .bss.PreviousRandomBuffer
                0x000000000000a640      0x100 /tmp/BaseCryptLibUnitTestShell.dll.K2my0v.ltrans0.ltrans.o
 .bss.RandomBuffer
                0x000000000000a740      0x100 /tmp/BaseCryptLibUnitTestShell.dll.K2my0v.ltrans0.ltrans.o
 .bss.mDh2      0x000000000000a840        0x8 /tmp/BaseCryptLibUnitTestShell.dll.K2my0v.ltrans0.ltrans.o
 .bss.mDh1      0x000000000000a848        0x8 /tmp/BaseCryptLibUnitTestShell.dll.K2my0v.ltrans0.ltrans.o
 .bss.mRsa      0x000000000000a850        0x8 /tmp/BaseCryptLibUnitTestShell.dll.K2my0v.ltrans0.ltrans.o

.eh_frame       0x000000000000a880        0x0
 *(.eh_frame)
 .eh_frame      0x000000000000a880        0x0 UnitTestMain.obj (symbol from plugin)
 .eh_frame      0x000000000000a880        0x0 UnitTestMain.obj (symbol from plugin)

.dynbss         0x000000000000a880        0x0
 .dynbss        0x000000000000a880        0x0 UnitTestMain.obj (symbol from plugin)

.gnu.version_d  0x000000000000a880        0x0
 .gnu.version_d
                0x000000000000a880        0x0 UnitTestMain.obj (symbol from plugin)

.gnu.version    0x000000000000a880        0x0
 .gnu.version   0x000000000000a880        0x0 UnitTestMain.obj (symbol from plugin)

.gnu.version_r  0x000000000000a880        0x0
 .gnu.version_r
                0x000000000000a880        0x0 UnitTestMain.obj (symbol from plugin)

.rela           0x000000000000a880     0x16b0
 *(.rela .rela.*)
 .rela.plt      0x000000000000a880        0x0 UnitTestMain.obj (symbol from plugin)
 .rela.got      0x000000000000a880        0x0 UnitTestMain.obj (symbol from plugin)
 .rela.bss      0x000000000000a880        0x0 UnitTestMain.obj (symbol from plugin)
 .rela.data.rel.ro
                0x000000000000a880        0x0 UnitTestMain.obj (symbol from plugin)
 .rela.ifunc    0x000000000000a880        0x0 UnitTestMain.obj (symbol from plugin)
 .rela.data.rel.local.mAes128CbcTestCtx
                0x000000000000a880       0xc0 UnitTestMain.obj (symbol from plugin)
 .rela.data.rel.local.mHmacSha256TestCtx
                0x000000000000a940       0x90 UnitTestMain.obj (symbol from plugin)
 .rela.data.rel.local.mSha512TestCtx
                0x000000000000a9d0       0x90 UnitTestMain.obj (symbol from plugin)
 .rela.data.rel.local.mSha384TestCtx
                0x000000000000aa60       0x90 UnitTestMain.obj (symbol from plugin)
 .rela.data.rel.local.mSha256TestCtx
                0x000000000000aaf0       0x90 UnitTestMain.obj (symbol from plugin)
 .rela.data.rel.local.mSha1TestCtx
                0x000000000000ab80       0x90 UnitTestMain.obj (symbol from plugin)
 .rela.data.rel.local.mMd5TestCtx
                0x000000000000ac10       0x90 UnitTestMain.obj (symbol from plugin)
 .rela.data.rel.local.mOaepTest
                0x000000000000aca0       0x48 UnitTestMain.obj (symbol from plugin)
 .rela.data.rel.local.mPrngTest
                0x000000000000ace8       0x48 UnitTestMain.obj (symbol from plugin)
 .rela.data.rel.local.mDhTest
                0x000000000000ad30       0x78 UnitTestMain.obj (symbol from plugin)
 .rela.data.rel.local.mImageTimestampTest
                0x000000000000ada8       0x48 UnitTestMain.obj (symbol from plugin)
 .rela.data.rel.local.mAuthenticodeTest
                0x000000000000adf0       0x48 UnitTestMain.obj (symbol from plugin)
 .rela.data.rel.local.mPkcs5Test
                0x000000000000ae38       0x48 UnitTestMain.obj (symbol from plugin)
 .rela.data.rel.local.mPkcs7Test
                0x000000000000ae80       0x48 UnitTestMain.obj (symbol from plugin)
 .rela.data.rel.local.mRsaCertTest
                0x000000000000aec8       0x48 UnitTestMain.obj (symbol from plugin)
 .rela.data.rel.local.mRsaPssTest
                0x000000000000af10       0x78 UnitTestMain.obj (symbol from plugin)
 .rela.data.rel.local.mRsaTest
                0x000000000000af88      0x168 UnitTestMain.obj (symbol from plugin)
 .rela.data.rel.local.mBlockCipherTest
                0x000000000000b0f0       0x90 UnitTestMain.obj (symbol from plugin)
 .rela.data.rel.local.mHmacTest
                0x000000000000b180       0x90 UnitTestMain.obj (symbol from plugin)
 .rela.data.rel.local.mHashTest
                0x000000000000b210      0x2d0 UnitTestMain.obj (symbol from plugin)
 .rela.data.rel.local.mPkcs7EkuTest
                0x000000000000b4e0      0x318 UnitTestMain.obj (symbol from plugin)
 .rela.data.rel.ro.local.mSuiteDesc
                0x000000000000b7f8      0x540 UnitTestMain.obj (symbol from plugin)
 .rela.data.rel.ro.local.mStatusStrings
                0x000000000000bd38       0x90 UnitTestMain.obj (symbol from plugin)
 .rela.data.rel.ro.local.mFailureTypeStrings
                0x000000000000bdc8      0x108 UnitTestMain.obj (symbol from plugin)
 .rela.data.rel.ro.local.mLogPrefixStrings
                0x000000000000bed0       0x60 UnitTestMain.obj (symbol from plugin)

.hii
 *(.hii)

.build-id       0x000000000000bf30       0x24
 *(.note.gnu.build-id)
 .note.gnu.build-id
                0x000000000000bf30       0x24 UnitTestMain.obj (symbol from plugin)

/DISCARD/
 *(.note.GNU-stack)
 *(.gnu_debuglink)
 *(.interp)
 *(.dynsym)
 *(.dynstr)
 *(.dynamic)
 *(.hash .gnu.hash)
 *(.comment)
OUTPUT(/home/xephyr/Documents/edk2/Build/CryptoPkg/DEBUG_GCC5/X64/CryptoPkg/Test/UnitTest/Library/BaseCryptLib/TestBaseCryptLibShell/DEBUG/BaseCryptLibUnitTestShell.dll elf64-x86-64)

.debug_info     0x0000000000000000    0x1b029
 .debug_info    0x0000000000000000     0x73e9 /tmp/BaseCryptLibUnitTestShell.dll.K2my0v.ltrans0.ltrans.o
 .debug_info    0x00000000000073e9     0x25ae /tmp/ccyOBl2M.debug.temp.o
                0x00000000000073e9                UnitTestMain.c.25ad1350
 .debug_info    0x0000000000009997      0x454 /tmp/ccjLpBbH.debug.temp.o
                0x0000000000009997                BaseCryptLibUnitTests.c.5efdbf35
 .debug_info    0x0000000000009deb      0x4df /tmp/ccdMhsp3.debug.temp.o
                0x0000000000009deb                HashTests.c.bb4f9439
 .debug_info    0x000000000000a2ca      0x465 /tmp/ccCUf5ov.debug.temp.o
                0x000000000000a2ca                HmacTests.c.44d5440f
 .debug_info    0x000000000000a72f      0x5e1 /tmp/ccwWN42d.debug.temp.o
                0x000000000000a72f                BlockCipherTests.c.d38045b0
 .debug_info    0x000000000000ad10      0x437 /tmp/ccr4VIQz.debug.temp.o
                0x000000000000ad10                RsaTests.c.53561178
 .debug_info    0x000000000000b147      0x40b /tmp/ccp5V1ss.debug.temp.o
                0x000000000000b147                RsaPkcs7Tests.c.d7960ee4
 .debug_info    0x000000000000b552      0x29d /tmp/cchDeV16.debug.temp.o
                0x000000000000b552                Pkcs5Pbkdf2Tests.c.594a2fde
 .debug_info    0x000000000000b7ef      0x2de /tmp/ccg7l0GM.debug.temp.o
                0x000000000000b7ef                AuthenticodeTests.c.da17154a
 .debug_info    0x000000000000bacd      0x316 /tmp/ccOj8QAF.debug.temp.o
                0x000000000000bacd                TSTests.c.06164bff
 .debug_info    0x000000000000bde3      0x2d3 /tmp/cczdCMxN.debug.temp.o
                0x000000000000bde3                DhTests.c.28a799f8
 .debug_info    0x000000000000c0b6      0x267 /tmp/ccnq5Gb2.debug.temp.o
                0x000000000000c0b6                RandTests.c.8ecd77bf
 .debug_info    0x000000000000c31d      0x6be /tmp/ccHoSDwX.debug.temp.o
                0x000000000000c31d                Pkcs7EkuTests.c.b549de63
 .debug_info    0x000000000000c9db      0x2cb /tmp/ccuHZLAC.debug.temp.o
                0x000000000000c9db                OaepEncryptTests.c.7375d8da
 .debug_info    0x000000000000cca6      0x330 /tmp/ccZLuluc.debug.temp.o
                0x000000000000cca6                RsaPssTests.c.488bf32a
 .debug_info    0x000000000000cfd6     0x1986 /tmp/ccOXzS84.debug.temp.o
                0x000000000000cfd6                AutoGen.c.f120f50a
 .debug_info    0x000000000000e95c      0x128 /tmp/ccll6Uzg.debug.temp.o
                0x000000000000e95c                SetMem.c.a0e13e3e
 .debug_info    0x000000000000ea84       0xaf /tmp/cc9BiIo4.debug.temp.o
                0x000000000000ea84                ZeroMemWrapper.c.97f4ed5f
 .debug_info    0x000000000000eb33       0xdc /tmp/ccehPRik.debug.temp.o
                0x000000000000eb33                CompareMemWrapper.c.9d057784
 .debug_info    0x000000000000ec0f       0xc6 /tmp/ccCEjNqD.debug.temp.o
                0x000000000000ec0f                CopyMemWrapper.c.c78bf7e9
 .debug_info    0x000000000000ecd5      0x348 /tmp/ccwdcWJU.debug.temp.o
                0x000000000000ecd5                MemLibGeneric.c.076df131
 .debug_info    0x000000000000f01d      0x168 /tmp/cck4Q4L6.debug.temp.o
                0x000000000000f01d                CopyMem.c.9713c94a
 .debug_info    0x000000000000f185      0x357 /tmp/cco3zu7B.debug.temp.o
                0x000000000000f185                CheckSum.c.f8e441a0
 .debug_info    0x000000000000f4dc      0x18f /tmp/ccpbKGnR.debug.temp.o
                0x000000000000f4dc                LongJump.c.91d1c46d
 .debug_info    0x000000000000f66b      0x183 /tmp/ccRDVKG5.debug.temp.o
                0x000000000000f66b                SetJump.c.ccc9eb70
 .debug_info    0x000000000000f7ee      0x328 /tmp/ccAxJpKS.debug.temp.o
                0x000000000000f7ee                LinkedList.c.1c5702f5
 .debug_info    0x000000000000fb16      0xf83 /tmp/cc9W4VAC.debug.temp.o
                0x000000000000fb16                SafeString.c.b6c55879
 .debug_info    0x0000000000010a99      0x711 /tmp/cc7tTITV.debug.temp.o
                0x0000000000010a99                String.c.f40b7a38
 .debug_info    0x00000000000111aa     0x17cd /tmp/ccXgKPIu.debug.temp.o
                0x00000000000111aa                UefiBootServicesTableLib.c.e2f7c469
 .debug_info    0x0000000000012977      0x71c /tmp/ccVtvDzh.debug.temp.o
                0x0000000000012977                PrintLibInternal.c.12ef515e
 .debug_info    0x0000000000013093      0x576 /tmp/ccbLDufp.debug.temp.o
                0x0000000000013093                PrintLib.c.d1db00e3
 .debug_info    0x0000000000013609      0x686 /tmp/ccYMy3Q4.debug.temp.o
                0x0000000000013609                UnitTestResultReportLib.c.c1f42d7b
 .debug_info    0x0000000000013c8f     0x1865 /tmp/cclBVYV8.debug.temp.o
                0x0000000000013c8f                UnitTestResultReportLibConOut.c.2a984c7a
 .debug_info    0x00000000000154f4     0x13a8 /tmp/ccpS7h7t.debug.temp.o
                0x00000000000154f4                MemoryAllocationLib.c.f59d566f
 .debug_info    0x000000000001689c      0xb46 /tmp/ccdEfp2Z.debug.temp.o
                0x000000000001689c                UnitTestLib.c.9f01ff34
 .debug_info    0x00000000000173e2      0x675 /tmp/ccYJ73SR.debug.temp.o
                0x00000000000173e2                RunTests.c.f8b8b420
 .debug_info    0x0000000000017a57      0x8b0 /tmp/ccJMMn2E.debug.temp.o
                0x0000000000017a57                Assert.c.473aaf04
 .debug_info    0x0000000000018307      0x595 /tmp/ccPkfa5N.debug.temp.o
                0x0000000000018307                Log.c.91c427ef
 .debug_info    0x000000000001889c     0x1815 /tmp/cc25iv2d.debug.temp.o
                0x000000000001889c                ApplicationEntryPoint.c.f9d0531b
 .debug_info    0x000000000001a0b1      0x188 /tmp/ccoAUcOF.debug.temp.o
                0x000000000001a0b1                CryptMd5Null.c.441af23b
 .debug_info    0x000000000001a239      0x188 /tmp/ccv9UZUA.debug.temp.o
                0x000000000001a239                CryptSha1Null.c.12f5fa76
 .debug_info    0x000000000001a3c1      0x188 /tmp/ccN4x6ri.debug.temp.o
                0x000000000001a3c1                CryptSha256Null.c.76ccb16a
 .debug_info    0x000000000001a549      0x271 /tmp/ccGU9rlz.debug.temp.o
                0x000000000001a549                CryptSha512Null.c.fa9040fe
 .debug_info    0x000000000001a7ba      0x18f /tmp/ccBLMALx.debug.temp.o
                0x000000000001a7ba                CryptHmacSha256Null.c.27d07aa9
 .debug_info    0x000000000001a949      0x182 /tmp/ccPmywYy.debug.temp.o
                0x000000000001a949                CryptAesNull.c.11e0e3cf
 .debug_info    0x000000000001aacb      0x19f /tmp/ccVXkfpM.debug.temp.o
                0x000000000001aacb                CryptRsaBasicNull.c.cf8e6ce1
 .debug_info    0x000000000001ac6a      0x1e0 /tmp/ccOIi0gB.debug.temp.o
                0x000000000001ac6a                CryptRsaExtNull.c.7ea33969
 .debug_info    0x000000000001ae4a      0x1df /tmp/ccFei7XY.debug.temp.o
                0x000000000001ae4a                UnitTestDebugAssertLib.c.aec4c970

.debug_abbrev   0x0000000000000000     0x3740
 .debug_abbrev  0x0000000000000000      0x238 /tmp/BaseCryptLibUnitTestShell.dll.K2my0v.ltrans0.ltrans.o
 .debug_abbrev  0x0000000000000238      0x1b4 /tmp/ccyOBl2M.debug.temp.o
 .debug_abbrev  0x00000000000003ec      0x130 /tmp/ccjLpBbH.debug.temp.o
 .debug_abbrev  0x000000000000051c      0x150 /tmp/ccdMhsp3.debug.temp.o
 .debug_abbrev  0x000000000000066c      0x161 /tmp/ccCUf5ov.debug.temp.o
 .debug_abbrev  0x00000000000007cd      0x15c /tmp/ccwWN42d.debug.temp.o
 .debug_abbrev  0x0000000000000929      0x16d /tmp/ccr4VIQz.debug.temp.o
 .debug_abbrev  0x0000000000000a96      0x167 /tmp/ccp5V1ss.debug.temp.o
 .debug_abbrev  0x0000000000000bfd      0x11c /tmp/cchDeV16.debug.temp.o
 .debug_abbrev  0x0000000000000d19      0x136 /tmp/ccg7l0GM.debug.temp.o
 .debug_abbrev  0x0000000000000e4f      0x136 /tmp/ccOj8QAF.debug.temp.o
 .debug_abbrev  0x0000000000000f85      0x142 /tmp/cczdCMxN.debug.temp.o
 .debug_abbrev  0x00000000000010c7      0x11c /tmp/ccnq5Gb2.debug.temp.o
 .debug_abbrev  0x00000000000011e3      0x174 /tmp/ccHoSDwX.debug.temp.o
 .debug_abbrev  0x0000000000001357      0x125 /tmp/ccuHZLAC.debug.temp.o
 .debug_abbrev  0x000000000000147c      0x15e /tmp/ccZLuluc.debug.temp.o
 .debug_abbrev  0x00000000000015da      0x214 /tmp/ccOXzS84.debug.temp.o
 .debug_abbrev  0x00000000000017ee       0x7f /tmp/ccll6Uzg.debug.temp.o
 .debug_abbrev  0x000000000000186d       0x5e /tmp/cc9BiIo4.debug.temp.o
 .debug_abbrev  0x00000000000018cb       0x67 /tmp/ccehPRik.debug.temp.o
 .debug_abbrev  0x0000000000001932       0x6e /tmp/ccCEjNqD.debug.temp.o
 .debug_abbrev  0x00000000000019a0       0xca /tmp/ccwdcWJU.debug.temp.o
 .debug_abbrev  0x0000000000001a6a       0x8b /tmp/cck4Q4L6.debug.temp.o
 .debug_abbrev  0x0000000000001af5      0x106 /tmp/cco3zu7B.debug.temp.o
 .debug_abbrev  0x0000000000001bfb       0xa3 /tmp/ccpbKGnR.debug.temp.o
 .debug_abbrev  0x0000000000001c9e       0xa3 /tmp/ccRDVKG5.debug.temp.o
 .debug_abbrev  0x0000000000001d41      0x102 /tmp/ccAxJpKS.debug.temp.o
 .debug_abbrev  0x0000000000001e43      0x133 /tmp/cc9W4VAC.debug.temp.o
 .debug_abbrev  0x0000000000001f76      0x101 /tmp/cc7tTITV.debug.temp.o
 .debug_abbrev  0x0000000000002077      0x1c5 /tmp/ccXgKPIu.debug.temp.o
 .debug_abbrev  0x000000000000223c      0x144 /tmp/ccVtvDzh.debug.temp.o
 .debug_abbrev  0x0000000000002380       0xee /tmp/ccbLDufp.debug.temp.o
 .debug_abbrev  0x000000000000246e      0x16f /tmp/ccYMy3Q4.debug.temp.o
 .debug_abbrev  0x00000000000025dd      0x1bf /tmp/cclBVYV8.debug.temp.o
 .debug_abbrev  0x000000000000279c      0x1e4 /tmp/ccpS7h7t.debug.temp.o
 .debug_abbrev  0x0000000000002980      0x1c9 /tmp/ccdEfp2Z.debug.temp.o
 .debug_abbrev  0x0000000000002b49      0x15d /tmp/ccYJ73SR.debug.temp.o
 .debug_abbrev  0x0000000000002ca6      0x18f /tmp/ccJMMn2E.debug.temp.o
 .debug_abbrev  0x0000000000002e35      0x192 /tmp/ccPkfa5N.debug.temp.o
 .debug_abbrev  0x0000000000002fc7      0x1e4 /tmp/cc25iv2d.debug.temp.o
 .debug_abbrev  0x00000000000031ab       0x81 /tmp/ccoAUcOF.debug.temp.o
 .debug_abbrev  0x000000000000322c       0x81 /tmp/ccv9UZUA.debug.temp.o
 .debug_abbrev  0x00000000000032ad       0x81 /tmp/ccN4x6ri.debug.temp.o
 .debug_abbrev  0x000000000000332e       0xa5 /tmp/ccGU9rlz.debug.temp.o
 .debug_abbrev  0x00000000000033d3       0xaa /tmp/ccBLMALx.debug.temp.o
 .debug_abbrev  0x000000000000347d       0x92 /tmp/ccPmywYy.debug.temp.o
 .debug_abbrev  0x000000000000350f       0xb2 /tmp/ccVXkfpM.debug.temp.o
 .debug_abbrev  0x00000000000035c1       0x9f /tmp/ccOIi0gB.debug.temp.o
 .debug_abbrev  0x0000000000003660       0xe0 /tmp/ccFei7XY.debug.temp.o

.debug_loc      0x0000000000000000     0x9591
 .debug_loc     0x0000000000000000     0x9591 /tmp/BaseCryptLibUnitTestShell.dll.K2my0v.ltrans0.ltrans.o

.debug_aranges  0x0000000000000000      0x750
 .debug_aranges
                0x0000000000000000      0x750 /tmp/BaseCryptLibUnitTestShell.dll.K2my0v.ltrans0.ltrans.o

.debug_ranges   0x0000000000000000     0x1530
 .debug_ranges  0x0000000000000000     0x1530 /tmp/BaseCryptLibUnitTestShell.dll.K2my0v.ltrans0.ltrans.o

.debug_line     0x0000000000000000     0x86da
 .debug_line    0x0000000000000000     0x49e6 /tmp/BaseCryptLibUnitTestShell.dll.K2my0v.ltrans0.ltrans.o
 .debug_line    0x00000000000049e6      0x2d0 /tmp/ccyOBl2M.debug.temp.o
 .debug_line    0x0000000000004cb6      0x226 /tmp/ccjLpBbH.debug.temp.o
 .debug_line    0x0000000000004edc      0x112 /tmp/ccdMhsp3.debug.temp.o
 .debug_line    0x0000000000004fee      0x112 /tmp/ccCUf5ov.debug.temp.o
 .debug_line    0x0000000000005100      0x119 /tmp/ccwWN42d.debug.temp.o
 .debug_line    0x0000000000005219      0x159 /tmp/ccr4VIQz.debug.temp.o
 .debug_line    0x0000000000005372      0x14b /tmp/ccp5V1ss.debug.temp.o
 .debug_line    0x00000000000054bd      0x119 /tmp/cchDeV16.debug.temp.o
 .debug_line    0x00000000000055d6      0x11a /tmp/ccg7l0GM.debug.temp.o
 .debug_line    0x00000000000056f0      0x152 /tmp/ccOj8QAF.debug.temp.o
 .debug_line    0x0000000000005842      0x110 /tmp/cczdCMxN.debug.temp.o
 .debug_line    0x0000000000005952      0x112 /tmp/ccnq5Gb2.debug.temp.o
 .debug_line    0x0000000000005a64      0x1a9 /tmp/ccHoSDwX.debug.temp.o
 .debug_line    0x0000000000005c0d      0x119 /tmp/ccuHZLAC.debug.temp.o
 .debug_line    0x0000000000005d26      0x15c /tmp/ccZLuluc.debug.temp.o
 .debug_line    0x0000000000005e82      0x270 /tmp/ccOXzS84.debug.temp.o
 .debug_line    0x00000000000060f2       0xa5 /tmp/ccll6Uzg.debug.temp.o
 .debug_line    0x0000000000006197       0xad /tmp/cc9BiIo4.debug.temp.o
 .debug_line    0x0000000000006244       0xb0 /tmp/ccehPRik.debug.temp.o
 .debug_line    0x00000000000062f4       0xad /tmp/ccCEjNqD.debug.temp.o
 .debug_line    0x00000000000063a1       0xac /tmp/ccwdcWJU.debug.temp.o
 .debug_line    0x000000000000644d       0xa6 /tmp/cck4Q4L6.debug.temp.o
 .debug_line    0x00000000000064f3       0xa1 /tmp/cco3zu7B.debug.temp.o
 .debug_line    0x0000000000006594       0xe1 /tmp/ccpbKGnR.debug.temp.o
 .debug_line    0x0000000000006675       0xe0 /tmp/ccRDVKG5.debug.temp.o
 .debug_line    0x0000000000006755      0x145 /tmp/ccAxJpKS.debug.temp.o
 .debug_line    0x000000000000689a      0x145 /tmp/cc9W4VAC.debug.temp.o
 .debug_line    0x00000000000069df      0x141 /tmp/cc7tTITV.debug.temp.o
 .debug_line    0x0000000000006b20      0x215 /tmp/ccXgKPIu.debug.temp.o
 .debug_line    0x0000000000006d35      0x170 /tmp/ccVtvDzh.debug.temp.o
 .debug_line    0x0000000000006ea5       0xdb /tmp/ccbLDufp.debug.temp.o
 .debug_line    0x0000000000006f80      0x1e5 /tmp/ccYMy3Q4.debug.temp.o
 .debug_line    0x0000000000007165      0x227 /tmp/cclBVYV8.debug.temp.o
 .debug_line    0x000000000000738c      0x1ea /tmp/ccpS7h7t.debug.temp.o
 .debug_line    0x0000000000007576      0x1cd /tmp/ccdEfp2Z.debug.temp.o
 .debug_line    0x0000000000007743      0x1d7 /tmp/ccYJ73SR.debug.temp.o
 .debug_line    0x000000000000791a      0x1d5 /tmp/ccJMMn2E.debug.temp.o
 .debug_line    0x0000000000007aef      0x248 /tmp/ccPkfa5N.debug.temp.o
 .debug_line    0x0000000000007d37      0x232 /tmp/cc25iv2d.debug.temp.o
 .debug_line    0x0000000000007f69       0xb6 /tmp/ccoAUcOF.debug.temp.o
 .debug_line    0x000000000000801f       0xb7 /tmp/ccv9UZUA.debug.temp.o
 .debug_line    0x00000000000080d6       0xb9 /tmp/ccN4x6ri.debug.temp.o
 .debug_line    0x000000000000818f       0xb9 /tmp/ccGU9rlz.debug.temp.o
 .debug_line    0x0000000000008248       0xbd /tmp/ccBLMALx.debug.temp.o
 .debug_line    0x0000000000008305       0xb8 /tmp/ccPmywYy.debug.temp.o
 .debug_line    0x00000000000083bd      0x101 /tmp/ccVXkfpM.debug.temp.o
 .debug_line    0x00000000000084be       0xff /tmp/ccOIi0gB.debug.temp.o
 .debug_line    0x00000000000085bd      0x11d /tmp/ccFei7XY.debug.temp.o

.debug_str      0x0000000000000000     0x5e1f
 .debug_str     0x0000000000000000      0x20c /tmp/BaseCryptLibUnitTestShell.dll.K2my0v.ltrans0.ltrans.o
 .debug_str     0x000000000000020c     0x1c8c /tmp/ccyOBl2M.debug.temp.o
                                       0x1eca (size before relaxing)
 .debug_str     0x0000000000001e98      0x347 /tmp/ccjLpBbH.debug.temp.o
                                        0x63a (size before relaxing)
 .debug_str     0x00000000000021df      0x1b4 /tmp/ccdMhsp3.debug.temp.o
                                        0x51a (size before relaxing)
 .debug_str     0x0000000000002393      0x190 /tmp/ccCUf5ov.debug.temp.o
                                        0x4cc (size before relaxing)
 .debug_str     0x0000000000002523      0x2ca /tmp/ccwWN42d.debug.temp.o
                                        0x678 (size before relaxing)
 .debug_str     0x00000000000027ed      0x18b /tmp/ccr4VIQz.debug.temp.o
                                        0x4c5 (size before relaxing)
 .debug_str     0x0000000000002978      0x14d /tmp/ccp5V1ss.debug.temp.o
                                        0x4bf (size before relaxing)
 .debug_str     0x0000000000002ac5       0xa4 /tmp/cchDeV16.debug.temp.o
                                        0x3db (size before relaxing)
 .debug_str     0x0000000000002b69       0xe7 /tmp/ccg7l0GM.debug.temp.o
                                        0x421 (size before relaxing)
 .debug_str     0x0000000000002c50       0x9f /tmp/ccOj8QAF.debug.temp.o
                                        0x438 (size before relaxing)
 .debug_str     0x0000000000002cef       0xda /tmp/cczdCMxN.debug.temp.o
                                        0x420 (size before relaxing)
 .debug_str     0x0000000000002dc9       0x8e /tmp/ccnq5Gb2.debug.temp.o
                                        0x3cb (size before relaxing)
 .debug_str     0x0000000000002e57      0x2d8 /tmp/ccHoSDwX.debug.temp.o
                                        0x623 (size before relaxing)
 .debug_str     0x000000000000312f       0xc5 /tmp/ccuHZLAC.debug.temp.o
                                        0x3f4 (size before relaxing)
 .debug_str     0x00000000000031f4       0xe0 /tmp/ccZLuluc.debug.temp.o
                                        0x46a (size before relaxing)
 .debug_str     0x00000000000032d4      0x2fb /tmp/ccOXzS84.debug.temp.o
                                       0x1633 (size before relaxing)
 .debug_str     0x00000000000035cf       0xe7 /tmp/ccll6Uzg.debug.temp.o
                                        0x2d3 (size before relaxing)
 .debug_str     0x00000000000036b6       0x4a /tmp/cc9BiIo4.debug.temp.o
                                        0x299 (size before relaxing)
 .debug_str     0x0000000000003700       0x6c /tmp/ccehPRik.debug.temp.o
                                        0x2c2 (size before relaxing)
 .debug_str     0x000000000000376c       0x4a /tmp/ccCEjNqD.debug.temp.o
                                        0x2b1 (size before relaxing)
 .debug_str     0x00000000000037b6      0x124 /tmp/ccwdcWJU.debug.temp.o
                                        0x3c2 (size before relaxing)
 .debug_str     0x00000000000038da       0xa3 /tmp/cck4Q4L6.debug.temp.o
                                        0x307 (size before relaxing)
 .debug_str     0x000000000000397d      0x13b /tmp/cco3zu7B.debug.temp.o
                                        0x34b (size before relaxing)
 .debug_str     0x0000000000003ab8       0x67 /tmp/ccpbKGnR.debug.temp.o
                                        0x2b4 (size before relaxing)
 .debug_str     0x0000000000003b1f       0x56 /tmp/ccRDVKG5.debug.temp.o
                                        0x2bd (size before relaxing)
 .debug_str     0x0000000000003b75      0x12d /tmp/ccAxJpKS.debug.temp.o
                                        0x3ec (size before relaxing)
 .debug_str     0x0000000000003ca2      0x2ee /tmp/cc9W4VAC.debug.temp.o
                                        0x6e3 (size before relaxing)
 .debug_str     0x0000000000003f90      0x2ec /tmp/cc7tTITV.debug.temp.o
                                        0x674 (size before relaxing)
 .debug_str     0x000000000000427c       0xff /tmp/ccXgKPIu.debug.temp.o
                                       0x139b (size before relaxing)
 .debug_str     0x000000000000437b      0x2fa /tmp/ccVtvDzh.debug.temp.o
                                        0x65a (size before relaxing)
 .debug_str     0x0000000000004675      0x18a /tmp/ccbLDufp.debug.temp.o
                                        0x45f (size before relaxing)
 .debug_str     0x00000000000047ff      0x2dd /tmp/ccYMy3Q4.debug.temp.o
                                        0x714 (size before relaxing)
 .debug_str     0x0000000000004adc       0x96 /tmp/cclBVYV8.debug.temp.o
                                       0x13ed (size before relaxing)
 .debug_str     0x0000000000004b72      0x302 /tmp/ccpS7h7t.debug.temp.o
                                        0xf8d (size before relaxing)
 .debug_str     0x0000000000004e74      0x39c /tmp/ccdEfp2Z.debug.temp.o
                                        0x90c (size before relaxing)
 .debug_str     0x0000000000005210       0xac /tmp/ccYJ73SR.debug.temp.o
                                        0x66a (size before relaxing)
 .debug_str     0x00000000000052bc      0x1d7 /tmp/ccJMMn2E.debug.temp.o
                                        0x73b (size before relaxing)
 .debug_str     0x0000000000005493       0xe6 /tmp/ccPkfa5N.debug.temp.o
                                        0x65d (size before relaxing)
 .debug_str     0x0000000000005579       0xf5 /tmp/cc25iv2d.debug.temp.o
                                       0x13ad (size before relaxing)
 .debug_str     0x000000000000566e      0x115 /tmp/ccoAUcOF.debug.temp.o
                                        0x311 (size before relaxing)
 .debug_str     0x0000000000005783       0xae /tmp/ccv9UZUA.debug.temp.o
                                        0x31a (size before relaxing)
 .debug_str     0x0000000000005831       0x95 /tmp/ccN4x6ri.debug.temp.o
                                        0x32c (size before relaxing)
 .debug_str     0x00000000000058c6      0x126 /tmp/ccGU9rlz.debug.temp.o
                                        0x3a2 (size before relaxing)
 .debug_str     0x00000000000059ec       0xea /tmp/ccBLMALx.debug.temp.o
                                        0x35a (size before relaxing)
 .debug_str     0x0000000000005ad6       0xb0 /tmp/ccPmywYy.debug.temp.o
                                        0x304 (size before relaxing)
 .debug_str     0x0000000000005b86       0xb9 /tmp/ccVXkfpM.debug.temp.o
                                        0x361 (size before relaxing)
 .debug_str     0x0000000000005c3f       0xb6 /tmp/ccOIi0gB.debug.temp.o
                                        0x399 (size before relaxing)
 .debug_str     0x0000000000005cf5      0x12a /tmp/ccFei7XY.debug.temp.o
                                        0x35a (size before relaxing)

.debug_frame    0x0000000000000000     0x13b8
 .debug_frame   0x0000000000000000     0x13b8 /tmp/BaseCryptLibUnitTestShell.dll.K2my0v.ltrans0.ltrans.o
